

@S |Clock Optimization Summary


#### START OF CLOCK OPTIMIZATION REPORT #####[

Clock optimization not enabled
8 non-gated/non-generated clock tree(s) driving 2243 clock pin(s) of sequential element(s)
0 gated/generated clock tree(s) driving 0 clock pin(s) of sequential element(s)
0 instances converted, 0 sequential instances remain driven by gated/generated clocks

============================================================================= Non-Gated/Non-Generated Clocks =============================================================================
Clock Tree ID     Driving Element                                                     Drive Element Type                Fanout     Sample Instance                                        
------------------------------------------------------------------------------------------------------------------------------------------------------------------------------------------
@K:CKID0001       ClockManagement_0                                                   clock definition on hierarchy     1804       topctrlchange_0.interupt                               
@K:CKID0002       Signal_Noise_Acq_0.signal_acq_0.signalclkctrl_0.enadd_RNIH9JE_0     clock definition on CLKINT        164        Signal_Noise_Acq_0.signal_acq_0.add_reg_4.addresult[19]
@K:CKID0003       ddsclkout                                                           clock definition on port          137        scan_scale_sw_0.s_start                                
@K:CKID0004       ClockManagement_0.pllclk_0.GLA_keep                                 clock definition on keepbuf       41         ClockManagement_0.clk_10k_0.count[8]                   
@K:CKID0005       Signal_Noise_Acq_0.noise_acq_0.noiseclk_0.clkout_keep               clock definition on keepbuf       41         Signal_Noise_Acq_0.noise_acq_0.noiseclkctrl_0.en       
@K:CKID0006       Signal_Noise_Acq_0.noise_acq_0.n_rdclk_syn_0                        clock definition on hierarchy     32         Signal_Noise_Acq_0.noise_acq_0.noise_addr_1.addr[11]   
@K:CKID0007       Signal_Noise_Acq_0.signal_acq_0.s_clk_div4_0                        clock definition on hierarchy     19         Signal_Noise_Acq_0.signal_acq_0.signalclkctrl_0.enclk  
@K:CKID0008       ClockManagement_0                                                   clock definition on hierarchy     5          DSTimer_0.dump_sustain_timer_0.count[3]                
==========================================================================================================================================================================================


##### END OF CLOCK OPTIMIZATION REPORT ######]

