
		#####  BEGIN RETIMING REPORT  #####

Retiming summary : 17 registers retimed to 45

Original and Pipelined registers replaced by retiming :
		scalestate_0.timecount[1]
		scalestate_0.timecount[2]
		scalestate_0.timecount[3]
		scalestate_0.timecount[4]
		scalestate_0.timecount[5]
		scalestate_0.timecount[6]
		scalestate_0.timecount[7]
		scalestate_0.timecount[8]
		scalestate_0.timecount[9]
		scalestate_0.timecount[10]
		scalestate_0.timecount[11]
		scalestate_0.timecount[19]
		top_code_0.noise_start
		top_code_0.pluse_str
		top_code_0.scale_start
		top_code_0.scan_start
		top_code_0.state_1ms_start

New registers created by retiming :
		scalestate_0.timecount_ret
		scalestate_0.timecount_ret_0
		scalestate_0.timecount_ret_1
		scalestate_0.timecount_ret_2
		scalestate_0.timecount_ret_3
		scalestate_0.timecount_ret_4
		scalestate_0.timecount_ret_5
		scalestate_0.timecount_ret_8
		scalestate_0.timecount_ret_9
		scalestate_0.timecount_ret_11
		scalestate_0.timecount_ret_12
		scalestate_0.timecount_ret_14
		scalestate_0.timecount_ret_15
		scalestate_0.timecount_ret_16
		scalestate_0.timecount_ret_18
		scalestate_0.timecount_ret_19
		scalestate_0.timecount_ret_21
		scalestate_0.timecount_ret_22
		scalestate_0.timecount_ret_24
		scalestate_0.timecount_ret_25
		scalestate_0.timecount_ret_27
		scalestate_0.timecount_ret_28
		scalestate_0.timecount_ret_29
		scalestate_0.timecount_ret_31
		scalestate_0.timecount_ret_32
		scalestate_0.timecount_ret_34
		scalestate_0.timecount_ret_35
		scalestate_0.timecount_ret_36
		scalestate_0.timecount_ret_37
		scalestate_0.timecount_ret_38
		scalestate_0.timecount_ret_39
		top_code_0.noise_start_ret
		top_code_0.noise_start_ret_2
		top_code_0.noise_start_ret_3
		top_code_0.pluse_str_ret
		top_code_0.pluse_str_ret_2
		top_code_0.pluse_str_ret_3
		top_code_0.scale_start_ret
		top_code_0.scale_start_ret_2
		top_code_0.scale_start_ret_3
		top_code_0.scan_start_ret
		top_code_0.scan_start_ret_2
		top_code_0.scan_start_ret_3
		top_code_0.state_1ms_start_ret
		top_code_0.state_1ms_start_ret_1


		#####   END RETIMING REPORT  #####

