
		#####  BEGIN RETIMING REPORT  #####

Retiming summary : 20 registers retimed to 72

Original and Pipelined registers replaced by retiming :
		scalestate_0.timecount[0]
		scalestate_0.timecount[1]
		scalestate_0.timecount[2]
		scalestate_0.timecount[3]
		scalestate_0.timecount[4]
		scalestate_0.timecount[5]
		scalestate_0.timecount[6]
		scalestate_0.timecount[7]
		scalestate_0.timecount[8]
		scalestate_0.timecount[9]
		scalestate_0.timecount[10]
		scalestate_0.timecount[11]
		scalestate_0.timecount[12]
		scalestate_0.timecount[13]
		scalestate_0.timecount[14]
		scalestate_0.timecount[15]
		top_code_0.noise_start
		top_code_0.scale_start
		top_code_0.scan_start
		top_code_0.state_1ms_start

New registers created by retiming :
		scalestate_0.timecount_ret
		scalestate_0.timecount_ret_0
		scalestate_0.timecount_ret_1
		scalestate_0.timecount_ret_2
		scalestate_0.timecount_ret_3
		scalestate_0.timecount_ret_5
		scalestate_0.timecount_ret_6
		scalestate_0.timecount_ret_8
		scalestate_0.timecount_ret_9
		scalestate_0.timecount_ret_10
		scalestate_0.timecount_ret_12
		scalestate_0.timecount_ret_14
		scalestate_0.timecount_ret_15
		scalestate_0.timecount_ret_16
		scalestate_0.timecount_ret_17
		scalestate_0.timecount_ret_18
		scalestate_0.timecount_ret_19
		scalestate_0.timecount_ret_23
		scalestate_0.timecount_ret_26
		scalestate_0.timecount_ret_29
		scalestate_0.timecount_ret_33
		scalestate_0.timecount_ret_34
		scalestate_0.timecount_ret_36
		scalestate_0.timecount_ret_37
		scalestate_0.timecount_ret_39
		scalestate_0.timecount_ret_40
		scalestate_0.timecount_ret_41
		scalestate_0.timecount_ret_43
		scalestate_0.timecount_ret_44
		scalestate_0.timecount_ret_46
		scalestate_0.timecount_ret_47
		scalestate_0.timecount_ret_49
		scalestate_0.timecount_ret_50
		scalestate_0.timecount_ret_51
		scalestate_0.timecount_ret_52
		scalestate_0.timecount_ret_53
		scalestate_0.timecount_ret_54
		scalestate_0.timecount_ret_55
		scalestate_0.timecount_ret_56
		scalestate_0.timecount_ret_58
		scalestate_0.timecount_ret_59
		scalestate_0.timecount_ret_61
		scalestate_0.timecount_ret_63
		scalestate_0.timecount_ret_65
		scalestate_0.timecount_ret_67
		scalestate_0.timecount_ret_68
		scalestate_0.timecount_ret_69
		scalestate_0.timecount_ret_70
		scalestate_0.timecount_ret_71
		scalestate_0.timecount_ret_73
		scalestate_0.timecount_ret_74
		scalestate_0.timecount_ret_75
		scalestate_0.timecount_ret_76
		scalestate_0.timecount_ret_77
		scalestate_0.timecount_ret_78
		top_code_0.noise_start_ret
		top_code_0.noise_start_ret_2
		top_code_0.noise_start_ret_3
		top_code_0.scale_start_ret
		top_code_0.scale_start_ret_2
		top_code_0.scale_start_ret_3
		top_code_0.scale_start_ret_4
		top_code_0.scale_start_ret_5
		top_code_0.scan_start_ret
		top_code_0.scan_start_ret_2
		top_code_0.scan_start_ret_3
		top_code_0.scan_start_ret_4
		top_code_0.scan_start_ret_5
		top_code_0.state_1ms_start_ret
		top_code_0.state_1ms_start_ret_1
		top_code_0.state_1ms_start_ret_2
		top_code_0.state_1ms_start_ret_3


		#####   END RETIMING REPORT  #####

