******************************************************************************
             TMS320C2000 Linker PC v6.2.7                      
******************************************************************************
>> Linked Fri Jun 11 15:57:34 2021

OUTPUT FILE NAME:   <LWD_NMR_ECB.out>
ENTRY POINT SYMBOL: "_c_int00"  address: 003dc7d4


MEMORY CONFIGURATION

         name            origin    length      used     unused   attr    fill
----------------------  --------  ---------  --------  --------  ----  --------
PAGE 0:
  RAMM0_0               00000040   00000370  00000004  0000036c  RWIX
  RAMOUT_0              00100000   0001ffff  00000000  0001ffff  RWIX
  FLASH_E               003d8000   0001f000  00004e46  0001a1ba  RWIX
  BEGIN                 003f7ff6   00000002  00000002  00000000  RWIX
  PRAMH0                003f8000   00002000  000019b5  0000064b  RWIX
  BOOTROM               003ff000   00000fc0  00000b50  00000470  RW  
  RESET                 003fffc0   00000002  00000000  00000002  RWIX
  VECTORS               003fffc2   0000003e  00000000  0000003e  RWIX

PAGE 1:
  RAMM0_1               000003b0   00000050  00000000  00000050  RWIX
  RAMM1                 00000400   00000400  00000400  00000000  RWIX
  DEV_EMU               00000880   00000180  000000d2  000000ae  RWIX
  FLASH_REGS            00000a80   00000060  00000008  00000058  RWIX
  CSM                   00000ae0   00000010  00000010  00000000  RWIX
  XINTF                 00000b20   00000020  00000020  00000000  RWIX
  CPU_TIMER0            00000c00   00000008  00000008  00000000  RWIX
  PIE_CTRL              00000ce0   00000020  0000001a  00000006  RWIX
  PIE_VECT              00000d00   00000100  00000100  00000000  RWIX
  ECANA                 00006000   00000040  00000034  0000000c  RWIX
  ECANA_LAM             00006040   00000040  00000040  00000000  RWIX
  ECANA_MOTS            00006080   00000040  00000040  00000000  RWIX
  ECANA_MOTO            000060c0   00000040  00000040  00000000  RWIX
  ECANA_MBOX            00006100   00000100  00000100  00000000  RWIX
  SYSTEM                00007010   00000020  00000020  00000000  RWIX
  SPIA                  00007040   00000010  00000010  00000000  RWIX
  SCIA                  00007050   00000010  00000010  00000000  RWIX
  XINTRUPT              00007070   00000010  00000010  00000000  RWIX
  GPIOMUX               000070c0   00000020  00000020  00000000  RWIX
  GPIODAT               000070e0   00000020  00000020  00000000  RWIX
  ADC                   00007100   00000020  0000001a  00000006  RWIX
  EVA                   00007400   00000040  00000032  0000000e  RWIX
  EVB                   00007500   00000040  00000032  0000000e  RWIX
  SCIB                  00007750   00000010  00000010  00000000  RWIX
  MCBSPA                00007800   00000040  00000025  0000001b  RWIX
  RAML0_CODE_USE        00008000   00000100  00000000  00000100  RWIX
  RAML0_CODE_USE1       00008100   00000490  00000000  00000490  RWIX
  myzone                00008590   00000a70  0000086a  00000206  RWIX
  RAML1                 00009000   00001000  0000003e  00000fc2  RWIX
  FPGA_RSV              00080000   00080000  00000000  00080000  RWIX
  RAMOUT_1_CODE_USE     00120000   0001ffff  00000000  0001ffff  RWIX
  RAMOUT_2_RSV          00140000   0003ffff  00000000  0003ffff  RWIX
  CSM_PWL               003f7ff8   00000008  00000008  00000000  RWIX


SECTION ALLOCATION MAP

 output                                  attributes/
section   page    origin      length       input sections
--------  ----  ----------  ----------   ----------------
.pinit     0    003d8000    00000000     UNINITIALIZED

ramfuncs   0    00000040    00000004     
                  00000040    00000004     DSP281x_usDelay.obj (ramfuncs)

secureRamFuncs 
*          0    003d8000    000019b5     RUN ADDR = 003f8000
                  003d8000    00000d85     MyFunctions.obj (secureRamFuncs)
                  003d8d85    000003b2     GuassFitAlogrithm.obj (secureRamFuncs)
                  003d9137    00000251     MyFPGAFunctions.obj (secureRamFuncs)
                  003d9388    00000220     StateCtrl.obj (secureRamFuncs)
                  003d95a8    000001ce     TableHandle.obj (secureRamFuncs)
                  003d9776    000001ae     PulseTop.obj (secureRamFuncs)
                  003d9924    0000007b     SCIA_interrupt.obj (secureRamFuncs:retain)
                  003d999f    00000016     SCIA_interrupt.obj (secureRamFuncs)

.text      0    003d99b5    00003143     
                  003d99b5    00000dad     MainInitial.obj (.text)
                  003da762    0000069c     TableHandle.obj (.text)
                  003dadfe    000002a9     PPT1ModeTop.obj (.text)
                  003db0a7    00000228     PPOFTWModeTop.obj (.text)
                  003db2cf    000001e5     PPDIFModeTop.obj (.text)
                  003db4b4    000001c8     CasingDetectTop.obj (.text)
                  003db67c    000001ae     SingleOrderDeal.obj (.text)
                  003db82a    00000163     PPShortModeTop.obj (.text)
                  003db98d    0000015f     PPModeTop.obj (.text)
                  003dbaec    0000014c     SCIA_interrupt.obj (.text)
                  003dbc38    0000014a     DSP281x_DefaultIsr.obj (.text:retain)
                  003dbd82    00000136     ScaleHoleTop.obj (.text)
                  003dbeb8    00000117     MyFunctions.obj (.text)
                  003dbfcf    0000010c     DSP281x_SysCtrl.obj (.text)
                  003dc0db    000000f7     ScanTop.obj (.text)
                  003dc1d2    000000f3     DE_CPMG_Top.obj (.text)
                  003dc2c5    000000ab     rts2800_ml.lib : log.obj (.text)
                  003dc370    0000009f                    : exp.obj (.text)
                  003dc40f    00000095     RelayCtrl.obj (.text)
                  003dc4a4    00000086     PulseTop.obj (.text)
                  003dc52a    00000083     rts2800_ml.lib : fd_mpy.obj (.text)
                  003dc5ad    00000083                    : fs_div.obj (.text)
                  003dc630    00000082     DE_CPMG_Top.obj (.text:retain)
                  003dc6b2    00000078     rts2800_ml.lib : fs_add.obj (.text)
                  003dc72a    0000005a                    : fs_mpy.obj (.text)
                  003dc784    00000050                    : sqrt.obj (.text)
                  003dc7d4    00000044                    : boot.obj (.text)
                  003dc818    0000003f     MyFPGAFunctions.obj (.text)
                  003dc857    00000033     rts2800_ml.lib : ldexp.obj (.text)
                  003dc88a    0000002a                    : l_div.obj (.text)
                  003dc8b4    00000029                    : fs_tol.obj (.text)
                  003dc8dd    00000028     DSP281x_PieCtrl.obj (.text)
                  003dc905    00000025     MyFunctions.obj (.text:retain)
                  003dc92a    00000025     rts2800_ml.lib : fs_toi.obj (.text)
                  003dc94f    00000021                    : fs_toul.obj (.text)
                  003dc970    00000020     DSP281x_PieVect.obj (.text)
                  003dc990    0000001f     rts2800_ml.lib : fd_tol.obj (.text)
                  003dc9af    0000001d                    : fs_tou.obj (.text)
                  003dc9cc    0000001c                    : fs_tofd.obj (.text)
                  003dc9e8    0000001c                    : l_tofd.obj (.text)
                  003dca04    0000001a                    : i_tofs.obj (.text)
                  003dca1e    00000018                    : exit.obj (.text)
                  003dca36    00000017                    : fs_cmp.obj (.text)
                  003dca4d    00000017                    : u_tofd.obj (.text)
                  003dca64    00000016                    : ul_tofd.obj (.text)
                  003dca7a    00000015                    : args_main.obj (.text)
                  003dca8f    00000013                    : frexp.obj (.text)
                  003dcaa2    00000013                    : ul_tofs.obj (.text)
                  003dcab5    00000012     main.obj (.text)
                  003dcac7    00000010     rts2800_ml.lib : u_tofs.obj (.text)
                  003dcad7    0000000b                    : u_div.obj (.text)
                  003dcae2    00000009                    : _lock.obj (.text)
                  003dcaeb    00000008     DSP281x_CodeStartBranch.obj (.text)
                  003dcaf3    00000005     rts2800_ml.lib : fs_neg.obj (.text)

IQmath     0    003dcaf8    000001b8     
                  003dcaf8    0000007f     IQmath.lib : IQ10atan2.obj (IQmath)
                  003dcb77    00000060                : IQ10mag.obj (IQmath)
                  003dcbd7    00000047                : IQ10div.obj (IQmath)
                  003dcc1e    00000047                : IQ3div.obj (IQmath)
                  003dcc65    00000042                : IQ10sqrt.obj (IQmath)
                  003dcca7    00000009                : IQ10int.obj (IQmath)

.econst    0    003dccb0    00000108     
                  003dccb0    00000100     DSP281x_PieVect.obj (.econst)
                  003dcdb0    00000004     MyFunctions.obj (.econst)
                  003dcdb4    00000004     PulseTop.obj (.econst)

.cinit     0    003dcdb8    0000008e     
                  003dcdb8    00000040     MyVariables.obj (.cinit)
                  003dcdf8    00000014     TableHandle.obj (.cinit)
                  003dce0c    0000000a     rts2800_ml.lib : _lock.obj (.cinit)
                  003dce16    0000000a                    : exit.obj (.cinit)
                  003dce20    00000008     SCIA_interrupt.obj (.cinit)
                  003dce28    00000004     CasingDetectTop.obj (.cinit)
                  003dce2c    00000004     PPDIFModeTop.obj (.cinit)
                  003dce30    00000004     PPModeTop.obj (.cinit)
                  003dce34    00000004     PPOFTWModeTop.obj (.cinit)
                  003dce38    00000004     PPShortModeTop.obj (.cinit)
                  003dce3c    00000004     PPT1ModeTop.obj (.cinit)
                  003dce40    00000004     rts2800_ml.lib : errno.obj (.cinit)
                  003dce44    00000002     --HOLE-- [fill = 0]

codestart 
*          0    003f7ff6    00000002     
                  003f7ff6    00000002     DSP281x_CodeStartBranch.obj (codestart)

IQmathTables 
*          0    003ff000    00000b50     NOLOAD SECTION
                  003ff000    00000b50     IQmath.lib : IQmathTables.obj (IQmathTables)

.reset     0    003fffc0    00000002     DSECT
                  003fffc0    00000002     rts2800_ml.lib : boot.obj (.reset)

vectors    0    003fffc2    00000000     DSECT

.stack     1    00000400    00000400     UNINITIALIZED
                  00000400    00000400     --HOLE--

DevEmuRegsFile 
*          1    00000880    000000d2     UNINITIALIZED
                  00000880    000000d2     DSP281x_GlobalVariableDefs.obj (DevEmuRegsFile)

FlashRegsFile 
*          1    00000a80    00000008     UNINITIALIZED
                  00000a80    00000008     DSP281x_GlobalVariableDefs.obj (FlashRegsFile)

CsmRegsFile 
*          1    00000ae0    00000010     UNINITIALIZED
                  00000ae0    00000010     DSP281x_GlobalVariableDefs.obj (CsmRegsFile)

XintfRegsFile 
*          1    00000b20    00000020     UNINITIALIZED
                  00000b20    00000020     DSP281x_GlobalVariableDefs.obj (XintfRegsFile)

CpuTimer0RegsFile 
*          1    00000c00    00000008     UNINITIALIZED
                  00000c00    00000008     DSP281x_GlobalVariableDefs.obj (CpuTimer0RegsFile)

PieCtrlRegsFile 
*          1    00000ce0    0000001a     UNINITIALIZED
                  00000ce0    0000001a     DSP281x_GlobalVariableDefs.obj (PieCtrlRegsFile)

PieVectTableFile 
*          1    00000d00    00000100     UNINITIALIZED
                  00000d00    00000100     DSP281x_GlobalVariableDefs.obj (PieVectTableFile)

ECanaRegsFile 
*          1    00006000    00000034     UNINITIALIZED
                  00006000    00000034     DSP281x_GlobalVariableDefs.obj (ECanaRegsFile)

ECanaLAMRegsFile 
*          1    00006040    00000040     UNINITIALIZED
                  00006040    00000040     DSP281x_GlobalVariableDefs.obj (ECanaLAMRegsFile)

ECanaMOTSRegsFile 
*          1    00006080    00000040     UNINITIALIZED
                  00006080    00000040     DSP281x_GlobalVariableDefs.obj (ECanaMOTSRegsFile)

ECanaMOTORegsFile 
*          1    000060c0    00000040     UNINITIALIZED
                  000060c0    00000040     DSP281x_GlobalVariableDefs.obj (ECanaMOTORegsFile)

ECanaMboxesFile 
*          1    00006100    00000100     UNINITIALIZED
                  00006100    00000100     DSP281x_GlobalVariableDefs.obj (ECanaMboxesFile)

SysCtrlRegsFile 
*          1    00007010    00000020     UNINITIALIZED
                  00007010    00000020     DSP281x_GlobalVariableDefs.obj (SysCtrlRegsFile)

SpiaRegsFile 
*          1    00007040    00000010     UNINITIALIZED
                  00007040    00000010     DSP281x_GlobalVariableDefs.obj (SpiaRegsFile)

SciaRegsFile 
*          1    00007050    00000010     UNINITIALIZED
                  00007050    00000010     DSP281x_GlobalVariableDefs.obj (SciaRegsFile)

XIntruptRegsFile 
*          1    00007070    00000010     UNINITIALIZED
                  00007070    00000010     DSP281x_GlobalVariableDefs.obj (XIntruptRegsFile)

GpioMuxRegsFile 
*          1    000070c0    00000020     UNINITIALIZED
                  000070c0    00000020     DSP281x_GlobalVariableDefs.obj (GpioMuxRegsFile)

GpioDataRegsFile 
*          1    000070e0    00000020     UNINITIALIZED
                  000070e0    00000020     DSP281x_GlobalVariableDefs.obj (GpioDataRegsFile)

AdcRegsFile 
*          1    00007100    0000001a     UNINITIALIZED
                  00007100    0000001a     DSP281x_GlobalVariableDefs.obj (AdcRegsFile)

EvaRegsFile 
*          1    00007400    00000032     UNINITIALIZED
                  00007400    00000032     DSP281x_GlobalVariableDefs.obj (EvaRegsFile)

EvbRegsFile 
*          1    00007500    00000032     UNINITIALIZED
                  00007500    00000032     DSP281x_GlobalVariableDefs.obj (EvbRegsFile)

ScibRegsFile 
*          1    00007750    00000010     UNINITIALIZED
                  00007750    00000010     DSP281x_GlobalVariableDefs.obj (ScibRegsFile)

McbspaRegsFile 
*          1    00007800    00000025     UNINITIALIZED
                  00007800    00000025     DSP281x_GlobalVariableDefs.obj (McbspaRegsFile)

MyVariablesZone 
*          1    000085c0    0000086a     UNINITIALIZED
                  000085c0    0000086a     MyVariables.obj (MyVariablesZone)

.ebss      1    00009000    0000003e     UNINITIALIZED
                  00009000    00000014     MyVariables.obj (.ebss)
                  00009014    00000008     DSP281x_CpuTimers.obj (.ebss)
                  0000901c    00000008     TableHandle.obj (.ebss)
                  00009024    00000005     SCIA_interrupt.obj (.ebss)
                  00009029    00000001     PPDIFModeTop.obj (.ebss)
                  0000902a    00000004     MyFunctions.obj (.ebss)
                  0000902e    00000004     rts2800_ml.lib : _lock.obj (.ebss)
                  00009032    00000004                    : exit.obj (.ebss)
                  00009036    00000003     CasingDetectTop.obj (.ebss)
                  00009039    00000001     PPModeTop.obj (.ebss)
                  0000903a    00000001     PPOFTWModeTop.obj (.ebss)
                  0000903b    00000001     PPShortModeTop.obj (.ebss)
                  0000903c    00000001     PPT1ModeTop.obj (.ebss)
                  0000903d    00000001     rts2800_ml.lib : errno.obj (.ebss)

.bss       1    00009000    00000000     UNINITIALIZED

CsmPwlFile 
*          1    003f7ff8    00000008     UNINITIALIZED
                  003f7ff8    00000008     DSP281x_GlobalVariableDefs.obj (CsmPwlFile)


GLOBAL DATA SYMBOLS: SORTED BY DATA PAGE

address     data page           name
--------    ----------------    ----
00000400      10 (00000400)     __stack

00000880      22 (00000880)     _DevEmuRegs

00000a80      2a (00000a80)     _FlashRegs

00000ae0      2b (00000ac0)     _CsmRegs

00000b20      2c (00000b00)     _XintfRegs

00000c00      30 (00000c00)     _CpuTimer0Regs

00000ce0      33 (00000cc0)     _PieCtrlRegs

00000d00      34 (00000d00)     _PieVectTable

00006000     180 (00006000)     _ECanaRegs

00006040     181 (00006040)     _ECanaLAMRegs

00006080     182 (00006080)     _ECanaMOTSRegs

000060c0     183 (000060c0)     _ECanaMOTORegs

00006100     184 (00006100)     _ECanaMboxes

00007010     1c0 (00007000)     _SysCtrlRegs

00007040     1c1 (00007040)     _SpiaRegs
00007050     1c1 (00007040)     _SciaRegs
00007070     1c1 (00007040)     _XIntruptRegs

000070c0     1c3 (000070c0)     _GpioMuxRegs
000070e0     1c3 (000070c0)     _GpioDataRegs

00007100     1c4 (00007100)     _AdcRegs

00007400     1d0 (00007400)     _EvaRegs

00007500     1d4 (00007500)     _EvbRegs

00007750     1dd (00007740)     _ScibRegs

00007800     1e0 (00007800)     _McbspaRegs

000085c0     217 (000085c0)     _SdAcqNum4Low
000085c1     217 (000085c0)     _DumpPara1
000085c2     217 (000085c0)     _SignalCalNum
000085c3     217 (000085c0)     _DumpPara3
000085c4     217 (000085c0)     _DumpPara4
000085c5     217 (000085c0)     _SdAcqNum4Hi
000085c6     217 (000085c0)     _DumpPara2
000085c7     217 (000085c0)     _SdAcqNum7Low
000085c8     217 (000085c0)     _SdAcqNum6Hi
000085c9     217 (000085c0)     _StoreCnt
000085ca     217 (000085c0)     _SdAcqNum5Hi
000085cb     217 (000085c0)     _SdAcqNum5Low
000085cc     217 (000085c0)     _SdAcqNum7Hi
000085cd     217 (000085c0)     _MatFreq
000085ce     217 (000085c0)     _PulseAcqFlag
000085cf     217 (000085c0)     _BriMid
000085d0     217 (000085c0)     _PulseNum
000085d1     217 (000085c0)     _PulseDivNum
000085d2     217 (000085c0)     _MatFreqSel
000085d3     217 (000085c0)     _PulseTime
000085d4     217 (000085c0)     _DumpPara6
000085d5     217 (000085c0)     _MainDumpTime
000085d6     217 (000085c0)     _SdAcqNum6Low
000085d7     217 (000085c0)     _HalfFreqNum
000085d8     217 (000085c0)     _BriWidthData
000085d9     217 (000085c0)     _DumpPara5
000085da     217 (000085c0)     _ScaleDDSDiv
000085db     217 (000085c0)     _DumpSustainFlag
000085dc     217 (000085c0)     _DSTTimeOne
000085dd     217 (000085c0)     _SaveCnt
000085de     217 (000085c0)     _NoiseDivNum
000085df     217 (000085c0)     _NoiseAcqNum
000085e0     217 (000085c0)     _CycleFlag
000085e1     217 (000085c0)     _NoiseDivFreq
000085e2     217 (000085c0)     _MiniFreqCnt
000085e3     217 (000085c0)     _FreqScan
000085e4     217 (000085c0)     _BandCnt
000085e5     217 (000085c0)     _NTimeDec
000085e6     217 (000085c0)     _STimeDec
000085e7     217 (000085c0)     _ScaleCnt
000085e8     217 (000085c0)     _WorkMode
000085e9     217 (000085c0)     _DownTableFlag
000085ea     217 (000085c0)     _ScaleModeFlag
000085eb     217 (000085c0)     _DDSCfgLow
000085ec     217 (000085c0)     _AdderCnt
000085ed     217 (000085c0)     _DDSCfgHi
000085ee     217 (000085c0)     _ZeroOne
000085ef     217 (000085c0)     _ReadTableBuf
000085f0     217 (000085c0)     _MiniFreq
000085f1     217 (000085c0)     _ToMSFreq
000085f2     217 (000085c0)     _HoleModeFlag
000085f3     217 (000085c0)     _NoiseAcqCnt
000085f4     217 (000085c0)     _Open180STimeHi
000085f5     217 (000085c0)     _DCWorkFreq
000085f6     217 (000085c0)     _P90PrdNum
000085f7     217 (000085c0)     _EchoAcqTimeFHalf
000085f8     217 (000085c0)     _EchoAcqTimeBHalf
000085f9     217 (000085c0)     _EchoAcqNum
000085fa     217 (000085c0)     _EchoAcqTime
000085fb     217 (000085c0)     _ScaleM
000085fc     217 (000085c0)     _Ne
000085fd     217 (000085c0)     _DCMn
000085fe     217 (000085c0)     _Acq90Num
000085ff     217 (000085c0)     _P180PrdNum

00008600     218 (00008600)     _DCm
00008601     218 (00008600)     _Open180LTimeMS
00008602     218 (00008600)     _CutI90TimeHi
00008603     218 (00008600)     _Open180LTimeHi
00008604     218 (00008600)     _Cut90TimeLow
00008605     218 (00008600)     _Cut90TimeHi
00008606     218 (00008600)     _Open180LTimeLow
00008607     218 (00008600)     _CutI90TimeLow
00008608     218 (00008600)     _Open180STimeLow
00008609     218 (00008600)     _Cut180STimeHi
0000860a     218 (00008600)     _ScaleMn
0000860b     218 (00008600)     _Cut180LTimeHi
0000860c     218 (00008600)     _Cut180LTimeLow
0000860d     218 (00008600)     _InverseTurnFlag
0000860e     218 (00008600)     _Cut180STimeLow
0000860f     218 (00008600)     _PulseGain
00008610     218 (00008600)     _SdAcqNum2
00008611     218 (00008600)     _Pd90Time
00008612     218 (00008600)     _SdAcqNum1
00008613     218 (00008600)     _Strip180Num
00008614     218 (00008600)     _Pd180Time
00008615     218 (00008600)     _StripBuf
00008616     218 (00008600)     _SdAcqNum3
00008617     218 (00008600)     _PulseDataCnt
00008618     218 (00008600)     _CalDivData
00008619     218 (00008600)     _PdPara2
0000861a     218 (00008600)     _PdPara3
0000861b     218 (00008600)     _PulseMid4
0000861c     218 (00008600)     _SftWinWidth
0000861d     218 (00008600)     _DCFreqSel
0000861e     218 (00008600)     _DEMn
0000861f     218 (00008600)     _DCTes
00008620     218 (00008600)     _DCNe
00008621     218 (00008600)     _WidthCnt
00008622     218 (00008600)     _DCPulseWidth
00008623     218 (00008600)     _Strip90Num
00008624     218 (00008600)     _Acq180Num
00008625     218 (00008600)     _PdPara1
00008626     218 (00008600)     _PulseReadBuf
00008627     218 (00008600)     _SingleModeFlag
00008628     218 (00008600)     _PulseBuf
00008629     218 (00008600)     _PulseCalNum
0000862a     218 (00008600)     _PPM_TE_1A
0000862b     218 (00008600)     _PPM_TE_1C
0000862c     218 (00008600)     _PPM_Period
0000862d     218 (00008600)     _PPM_TW_1C
0000862e     218 (00008600)     _PPM_Nrept_1C
0000862f     218 (00008600)     _PPDIF_Period
00008630     218 (00008600)     _PPM_NE_1A
00008631     218 (00008600)     _PPM_NE_1C
00008632     218 (00008600)     _Calib_NE
00008633     218 (00008600)     _PulseTestPulseTime
00008634     218 (00008600)     _Angle180Pulse
00008635     218 (00008600)     _Calib_TE
00008636     218 (00008600)     _STWTE_TE
00008637     218 (00008600)     _STWTE_NE
00008638     218 (00008600)     _PulseTestAcqFreq
00008639     218 (00008600)     _STWTE_Period
0000863a     218 (00008600)     _PPT1_TW_1E
0000863b     218 (00008600)     _PPT1_TW_1F
0000863c     218 (00008600)     _PPT1_TW_1C
0000863d     218 (00008600)     _PPT1_TW_1D
0000863e     218 (00008600)     _PPT1_TW_Code
0000863f     218 (00008600)     _PPT1_TE_1A

00008640     219 (00008640)     _PPT1_TW_1G
00008641     219 (00008640)     _PPT1_TW_1H
00008642     219 (00008640)     _PPDIF_TE_1A1B
00008643     219 (00008640)     _PPDIF_TE_1C
00008644     219 (00008640)     _PPDIF_TW_1C
00008645     219 (00008640)     _PPDIF_TW_1B
00008646     219 (00008640)     _PPDIF_Nrept_1C
00008647     219 (00008640)     _PPT1_Period
00008648     219 (00008640)     _PPDIF_NE_1A1B
00008649     219 (00008640)     _EventBoardState
0000864a     219 (00008640)     __caseingDetectFlag
0000864b     219 (00008640)     _RecSendTableFlag
0000864c     219 (00008640)     _modeDataSendLen
0000864d     219 (00008640)     __casingDetectErrFlag
0000864e     219 (00008640)     __casingOrOperaFlag
0000864f     219 (00008640)     __operationFlag
00008650     219 (00008640)     __modeDataSendFlag
00008651     219 (00008640)     _RecParamOrderFlag
00008652     219 (00008640)     _RelayCtrlCode
00008653     219 (00008640)     _IsParamUpdateFlag
00008654     219 (00008640)     _TransmitFre
00008655     219 (00008640)     _RecSendTableCmdParaLen
00008656     219 (00008640)     _SendTableID
00008657     219 (00008640)     _SingleOrderAryChoice
00008658     219 (00008640)     _RecSingleOrderFlag
00008659     219 (00008640)     _SiglAcqPrdNum
0000865a     219 (00008640)     _SiglAcqFreqTim
0000865b     219 (00008640)     _NoiseAcqTime
0000865c     219 (00008640)     _NoiseAcqFreq
0000865d     219 (00008640)     _ScalePeriod
0000865e     219 (00008640)     _PPDIF_NE_1C
0000865f     219 (00008640)     _EchoAcqWindowShift
00008660     219 (00008640)     _Width90Pulse
00008661     219 (00008640)     _PPDIFModeFlag
00008662     219 (00008640)     _PPT1ModeFlag
00008663     219 (00008640)     _ScanModeFlag
00008664     219 (00008640)     _PPModeFlag
00008665     219 (00008640)     _CenterFreq
00008666     219 (00008640)     _ScanDeltaFreq
00008667     219 (00008640)     _PPOFTWModeFlag
00008668     219 (00008640)     _PPShortModeFlag
00008669     219 (00008640)     _PPShort_Nrept_1C
0000866a     219 (00008640)     _PPShort_NE_1C
0000866b     219 (00008640)     _FreqNum2
0000866c     219 (00008640)     _MiniCycCnt2
0000866d     219 (00008640)     _MiniCycCnt1
0000866e     219 (00008640)     _PPShort_TW_1C
0000866f     219 (00008640)     _PPShort_Period
00008670     219 (00008640)     _PPShort_TE_1A
00008671     219 (00008640)     _PPShort_NE_1A
00008672     219 (00008640)     _PPShort_TE_1C
00008673     219 (00008640)     _MiniCycCnt3
00008674     219 (00008640)     _SendTableFlag
00008675     219 (00008640)     _CutTimeHi
00008676     219 (00008640)     _ZeroCnt
00008677     219 (00008640)     _PhaseFlag
00008678     219 (00008640)     _DENum
00008679     219 (00008640)     _MiniBuf
0000867a     219 (00008640)     _MiniNoiseMax
0000867b     219 (00008640)     _EchoNum
0000867c     219 (00008640)     _CutTimeLow
0000867d     219 (00008640)     _HVState
0000867e     219 (00008640)     _ScanSignalNum
0000867f     219 (00008640)     _PPOFTW_TW_1H

00008680     21a (00008680)     _PPOFTW_TW_1G
00008681     21a (00008680)     _PPOFTW_TE_1C
00008682     21a (00008680)     _PPOFTW_TE_1ADEFGH
00008683     21a (00008680)     _PPOFTW_TW_1E
00008684     21a (00008680)     _PPOFTW_TW_1D
00008685     21a (00008680)     _PPOFTW_TW_1C
00008686     21a (00008680)     _PPOFTW_TW_1F
00008687     21a (00008680)     _PPT1_NE_1DEFGH
00008688     21a (00008680)     _PPOFTW_Nrept_1C
00008689     21a (00008680)     _PPT1_NE_1A
0000868a     21a (00008680)     _PPT1_NE_1C
0000868b     21a (00008680)     _PPOFTW_Period
0000868c     21a (00008680)     _PPT1_Nrept_1C
0000868d     21a (00008680)     _PPT1_TE_1CDEFGH
0000868e     21a (00008680)     _Open180STime
00008690     21a (00008680)     _StoreMiniAryPt
00008692     21a (00008680)     _SdAcqNum7
00008694     21a (00008680)     _SaveSTempPt
00008696     21a (00008680)     _MiniTablePt
00008698     21a (00008680)     _ChgTablePt
0000869a     21a (00008680)     _Cut180LTime
0000869c     21a (00008680)     _SdAcqNum6
0000869e     21a (00008680)     _Open180LTime
000086a0     21a (00008680)     _CheckTablePt
000086a2     21a (00008680)     _SaveTablePt
000086a4     21a (00008680)     _SaveNTempPt
000086a6     21a (00008680)     _Cut180STime
000086a8     21a (00008680)     _PulseL180StoreAddr
000086aa     21a (00008680)     _PulseF180StoreAddr
000086ac     21a (00008680)     _EchoStorAddr
000086ae     21a (00008680)     _SdAcqNum5
000086b0     21a (00008680)     _SdAcqNum4
000086b2     21a (00008680)     _PulseAmpCrtIQ
000086b4     21a (00008680)     _SdAcqTimeMid3
000086b6     21a (00008680)     _SdAcqTimeMid2
000086b8     21a (00008680)     _Pulse90StoreAddr
000086ba     21a (00008680)     _SdAcqTimeMid1
000086bc     21a (00008680)     _TelCCheck
000086be     21a (00008680)     _TesCCheck

000086c0     21b (000086c0)     _ToMSSignalAddr
000086c2     21b (000086c0)     _ToMSNoiseAddr
000086c4     21b (000086c0)     _TableTempPt
000086c6     21b (000086c0)     _CutI90Time
000086c8     21b (000086c0)     _DDSMid3
000086ca     21b (000086c0)     _DDSMid2
000086cc     21b (000086c0)     _DDSMid5
000086ce     21b (000086c0)     _DDSMid4
000086d0     21b (000086c0)     _DDSMid6
000086d2     21b (000086c0)     _NoiseSquSumIQ3
000086d4     21b (000086c0)     _NoiseOfsIQ3
000086d6     21b (000086c0)     _DDSFreq
000086d8     21b (000086c0)     _NoiseSquAveIQ3
000086da     21b (000086c0)     _DDSMid1
000086dc     21b (000086c0)     _SinThree
000086de     21b (000086c0)     _SinTwo
000086e0     21b (000086c0)     _CosOne
000086e2     21b (000086c0)     _SinFour
000086e4     21b (000086c0)     _CosTwo
000086e6     21b (000086c0)     _DDSCfgWords
000086e8     21b (000086c0)     _DDSMid7
000086ea     21b (000086c0)     _DDSRefDcm
000086ec     21b (000086c0)     _DDSRefItg
000086ee     21b (000086c0)     _PulseCycle
000086f0     21b (000086c0)     _DataTotalNum
000086f2     21b (000086c0)     _SDumpTime
000086f4     21b (000086c0)     _MDumpTime
000086f6     21b (000086c0)     _CutTime
000086f8     21b (000086c0)     _RelayCtrlCode_f
000086fa     21b (000086c0)     _TransmitFre_f
000086fc     21b (000086c0)     _b
000086fe     21b (000086c0)     _a

00008700     21c (00008700)     _c
00008702     21c (00008700)     _NoiseOfsIQ
00008704     21c (00008700)     _NoiseMaxValIQ
00008706     21c (00008700)     _NoiseSqrAveIQ
00008708     21c (00008700)     _NoiseOfsAbsIQ
0000870a     21c (00008700)     _SinOne
0000870c     21c (00008700)     _NoiseSum
0000870e     21c (00008700)     _SendCnt
00008710     21c (00008700)     _NoiseAveIQ
00008712     21c (00008700)     _NoiseAveShiftIQ
00008714     21c (00008700)     _TNMid1
00008716     21c (00008700)     _EchoMid4
00008718     21c (00008700)     _Cmp180BHalf
0000871a     21c (00008700)     _Cut90Time
0000871c     21c (00008700)     _TNMid2
0000871e     21c (00008700)     _Pulse180WidthHalf
00008720     21c (00008700)     _Pulse180Width
00008722     21c (00008700)     _EchoMid2
00008724     21c (00008700)     _EchoMid1
00008726     21c (00008700)     _EchoMid3
00008728     21c (00008700)     _CmpTelHalf
0000872a     21c (00008700)     _CmpTesHalf
0000872c     21c (00008700)     _CmpI90
0000872e     21c (00008700)     _Cmp90
00008730     21c (00008700)     _Cmp180FHalf
00008732     21c (00008700)     _Tes
00008734     21c (00008700)     _TNTime
00008736     21c (00008700)     _TesCmp
00008738     21c (00008700)     _Tel
0000873a     21c (00008700)     _CosAveIQ
0000873c     21c (00008700)     _SinAveIQ
0000873e     21c (00008700)     _SignalAmpIQ

00008740     21d (00008740)     _PulseMid1
00008742     21d (00008740)     _SignalPhaIQ
00008744     21d (00008740)     _PulseMid2
00008746     21d (00008740)     _CosThree
00008748     21d (00008740)     _NoiseCalNumIQ
0000874a     21d (00008740)     _CosFour
0000874c     21d (00008740)     _SinSumIQ
0000874e     21d (00008740)     _CosFive
00008750     21d (00008740)     _CosSumIQ
00008752     21d (00008740)     _PulseAve
00008754     21d (00008740)     _PulseRec
00008756     21d (00008740)     _PulseGainIQ
00008758     21d (00008740)     _Pulse90Width
0000875a     21d (00008740)     _TelCmp
0000875c     21d (00008740)     _PulseSum
0000875e     21d (00008740)     _PulseRecIQ
00008760     21d (00008740)     _PulseMid3
00008762     21d (00008740)     _ParamOrderData
00008768     21d (00008740)     _NintyWidthAry
00008771     21d (00008740)     _FreqAry

00008780     21e (00008780)     _RelayAry
00008789     21e (00008780)     _AdderLowAry
00008794     21e (00008780)     _eventFunc
000087a2     21e (00008780)     _x

000087c0     21f (000087c0)     _y
000087d2     21f (000087c0)     _AdderResAry
000087e8     21f (000087c0)     _singleOrderFunc

00008800     220 (00008800)     _MiniAddAry

00008840     221 (00008840)     _NoiseDataAry

00008a40     229 (00008a40)     _PulseGainAry

00009000     240 (00009000)     _PP6ModeFlag
00009002     240 (00009000)     _SendTempPt
00009004     240 (00009000)     _MiniStorAddr5
00009006     240 (00009000)     _MiniStorAddr4
00009008     240 (00009000)     _MiniStorAddr6
0000900a     240 (00009000)     _MiniStorAddr1
0000900c     240 (00009000)     _MiniStorAddr3
0000900e     240 (00009000)     _MiniStorAddr2
00009010     240 (00009000)     _SingleOrderData
00009014     240 (00009000)     _CpuTimer0
0000901c     240 (00009000)     _RecParameterCnt
0000901d     240 (00009000)     _RecSingleOrderCnt
0000901e     240 (00009000)     _ParamTableLen
0000901f     240 (00009000)     _RecSendTableCnt
00009020     240 (00009000)     _DownloadTableCnt
00009022     240 (00009000)     _tempSaveTablePt
00009024     240 (00009000)     _SciaDataEven
00009025     240 (00009000)     _BufferSciaDataH
00009026     240 (00009000)     _SciaRecFlag
00009027     240 (00009000)     _BufferSciaDataL
00009028     240 (00009000)     _BufferSciaDataAll
00009029     240 (00009000)     _PPDIFMiniNumAry
0000902a     240 (00009000)     _TelN
0000902c     240 (00009000)     _TesN
0000902e     240 (00009000)     __unlock
00009030     240 (00009000)     __lock
00009032     240 (00009000)     __cleanup_ptr
00009034     240 (00009000)     __dtors_ptr
00009036     240 (00009000)     __centerFreqAmp
00009037     240 (00009000)     __centerFreq
00009038     240 (00009000)     _CasingMiniNumAry
00009039     240 (00009000)     _PPModeMiniNumAry
0000903a     240 (00009000)     _PPOFTWMiniNumAry
0000903b     240 (00009000)     _PPShortMiniNumAry
0000903c     240 (00009000)     _PPT1MiniNumAry
0000903d     240 (00009000)     _errno

003dcaf8    f72b (003dcac0)     __IQ10atan2

003dcb77    f72d (003dcb40)     __IQ10mag

003dcbd7    f72f (003dcbc0)     __IQ10div

003dcc1e    f730 (003dcc00)     __IQ3div

003dcc65    f731 (003dcc40)     __IQ10sqrt

003dcca7    f732 (003dcc80)     __IQ10int
003dccb0    f732 (003dcc80)     _PieVectTableInit

003f7ff8    fdff (003f7fc0)     _CsmPwl

003ff000    ffc0 (003ff000)     _IQsinTable

003ff100    ffc4 (003ff100)     _IQcosTable

003ff400    ffd0 (003ff400)     _IQsinTableEnd

003ff502    ffd4 (003ff500)     _IQcosTableEnd
003ff502    ffd4 (003ff500)     _IQdivRoundSatTable
003ff510    ffd4 (003ff500)     _IQdivTable

003ff712    ffdc (003ff700)     _IQdivTableEnd
003ff712    ffdc (003ff700)     _IQisqrtRoundSatTable
003ff712    ffdc (003ff700)     _IQsqrtRoundSatTable
003ff722    ffdc (003ff700)     _IQisqrtTable
003ff722    ffdc (003ff700)     _IQsqrtTable

003ff824    ffe0 (003ff800)     _IQatan2HalfPITable
003ff824    ffe0 (003ff800)     _IQisqrtTableEnd
003ff824    ffe0 (003ff800)     _IQsqrtTableEnd

003ff862    ffe1 (003ff840)     _IQatan2Table

003ff9e8    ffe7 (003ff9c0)     _IQ30mpyRndSatTable
003ff9e8    ffe7 (003ff9c0)     _IQatan2TableEnd
003ff9e8    ffe7 (003ff9c0)     _IQmpyRndSatTable
003ff9f4    ffe7 (003ff9c0)     _IQ29mpyRndSatTable

003ffa00    ffe8 (003ffa00)     _IQ28mpyRndSatTable
003ffa0c    ffe8 (003ffa00)     _IQ27mpyRndSatTable
003ffa18    ffe8 (003ffa00)     _IQ26mpyRndSatTable
003ffa24    ffe8 (003ffa00)     _IQ25mpyRndSatTable
003ffa30    ffe8 (003ffa00)     _IQ24mpyRndSatTable
003ffa3c    ffe8 (003ffa00)     _IQ23mpyRndSatTable

003ffa48    ffe9 (003ffa40)     _IQ22mpyRndSatTable
003ffa54    ffe9 (003ffa40)     _IQ21mpyRndSatTable
003ffa60    ffe9 (003ffa40)     _IQ20mpyRndSatTable
003ffa6c    ffe9 (003ffa40)     _IQ19mpyRndSatTable
003ffa78    ffe9 (003ffa40)     _IQ18mpyRndSatTable

003ffa84    ffea (003ffa80)     _IQ17mpyRndSatTable
003ffa90    ffea (003ffa80)     _IQ16mpyRndSatTable
003ffa9c    ffea (003ffa80)     _IQ15mpyRndSatTable
003ffaa8    ffea (003ffa80)     _IQ14mpyRndSatTable
003ffab4    ffea (003ffa80)     _IQ13mpyRndSatTable

003ffac0    ffeb (003ffac0)     _IQ12mpyRndSatTable
003ffacc    ffeb (003ffac0)     _IQ11mpyRndSatTable
003ffad8    ffeb (003ffac0)     _IQ10mpyRndSatTable
003ffae4    ffeb (003ffac0)     _IQ9mpyRndSatTable
003ffaf0    ffeb (003ffac0)     _IQ8mpyRndSatTable
003ffafc    ffeb (003ffac0)     _IQ7mpyRndSatTable

003ffb08    ffec (003ffb00)     _IQ6mpyRndSatTable
003ffb14    ffec (003ffb00)     _IQ5mpyRndSatTable
003ffb20    ffec (003ffb00)     _IQ4mpyRndSatTable
003ffb2c    ffec (003ffb00)     _IQ3mpyRndSatTable
003ffb38    ffec (003ffb00)     _IQ2mpyRndSatTable

003ffb44    ffed (003ffb40)     _IQ1mpyRndSatTable
003ffb50    ffed (003ffb40)     _IQmpyRndSatTableEnd


GLOBAL SYMBOLS: SORTED ALPHABETICALLY BY Name 

address    name
--------   ----
00009000   .bss
003d99b5   .text
003dca1e   C$$EXIT
003dc52a   FD$$MPY
003dc990   FD$$TOL
003dc6b7   FS$$ADD
003dca36   FS$$CMP
003dc5ad   FS$$DIV
003dc72a   FS$$MPY
003dcaf3   FS$$NEG
003dc6b2   FS$$SUB
003dc9cc   FS$$TOFD
003dc92a   FS$$TOI
003dc8b4   FS$$TOL
003dc9af   FS$$TOU
003dc94f   FS$$TOUL
003dca04   I$$TOFS
003dc88a   L$$DIV
003dc899   L$$MOD
003dc9e8   L$$TOFD
003dcad7   U$$DIV
003dcadc   U$$MOD
003dca4d   U$$TOFD
003dcac7   U$$TOFS
003dc8a7   UL$$DIV
003dc8ae   UL$$MOD
003dca64   UL$$TOFD
003dcaa2   UL$$TOFS
003dbcab   _ADCINT_ISR
00008624   _Acq180Num
000085fe   _Acq90Num
003f957d   _AcqFinStateCtl
003f8015   _AcqNoise
00007100   _AdcRegs
000085ec   _AdderCnt
00008789   _AdderLowAry
000087d2   _AdderResAry
00008634   _Angle180Pulse
000085e4   _BandCnt
000085cf   _BriMid
000085d8   _BriWidthData
00009028   _BufferSciaDataAll
00009025   _BufferSciaDataH
00009027   _BufferSciaDataL
003dbcf1   _CAPINT1_ISR
003dbcf6   _CAPINT2_ISR
003dbcfb   _CAPINT3_ISR
003dbd37   _CAPINT4_ISR
003dbd3c   _CAPINT5_ISR
003dbd41   _CAPINT6_ISR
003dbcba   _CMP1INT_ISR
003dbcbf   _CMP2INT_ISR
003dbcc4   _CMP3INT_ISR
003dbd00   _CMP4INT_ISR
003dbd05   _CMP5INT_ISR
003dbd0a   _CMP6INT_ISR
00008618   _CalDivData
003f8088   _CalNoise
003f821d   _CalSignal
00008632   _Calib_NE
00008635   _Calib_TE
003f9398   _CasDctStateCtl
003db701   _CasingDeal
003db5e7   _CasingDetectOnce
003db4bc   _CasingDetectTop
00009038   _CasingMiniNumAry
00008665   _CenterFreq
003dbfc3   _ChangePhase
003da770   _CheckReadTable
003db67c   _CheckSumCal
000086a0   _CheckTablePt
003da762   _CheckWorkMode
00008698   _ChgTablePt
00008718   _Cmp180BHalf
00008730   _Cmp180FHalf
0000872e   _Cmp90
0000872c   _CmpI90
00008728   _CmpTelHalf
0000872a   _CmpTesHalf
0000873a   _CosAveIQ
0000874e   _CosFive
0000874a   _CosFour
000086e0   _CosOne
00008750   _CosSumIQ
00008746   _CosThree
000086e4   _CosTwo
00009014   _CpuTimer0
00000c00   _CpuTimer0Regs
003f7ff8   _CsmPwl
00000ae0   _CsmRegs
003dc0aa   _CsmUnlock
0000869a   _Cut180LTime
0000860b   _Cut180LTimeHi
0000860c   _Cut180LTimeLow
000086a6   _Cut180STime
00008609   _Cut180STimeHi
0000860e   _Cut180STimeLow
0000871a   _Cut90Time
00008605   _Cut90TimeHi
00008604   _Cut90TimeLow
000086c6   _CutI90Time
00008602   _CutI90TimeHi
00008607   _CutI90TimeLow
000086f6   _CutTime
00008675   _CutTimeHi
0000867c   _CutTimeLow
000085e0   _CycleFlag
003dbc42   _DATALOG_ISR
0000861d   _DCFreqSel
000085fd   _DCMn
00008620   _DCNe
00008622   _DCPulseWidth
0000861f   _DCTes
000085f5   _DCWorkFreq
003f856b   _DCWorkOnce
00008600   _DCm
000085ed   _DDSCfgHi
000085eb   _DDSCfgLow
000086e6   _DDSCfgWords
000086d6   _DDSFreq
000086da   _DDSMid1
000086ca   _DDSMid2
000086c8   _DDSMid3
000086ce   _DDSMid4
000086cc   _DDSMid5
000086d0   _DDSMid6
000086e8   _DDSMid7
000086ea   _DDSRefDcm
000086ec   _DDSRefItg
0000861e   _DEMn
00008678   _DENum
00000040   _DSP28x_usDelay
000085dc   _DSTTimeOne
000086f0   _DataTotalNum
003db716   _DataUpDeal
003dc1d2   _DeCpmgTop
003f8000   _Delay
00000880   _DevEmuRegs
003dc068   _DisableDog
000085e9   _DownTableFlag
00009020   _DownloadTableCnt
000085c1   _DumpPara1
000085c6   _DumpPara2
000085c3   _DumpPara3
000085c4   _DumpPara4
000085d9   _DumpPara5
000085d4   _DumpPara6
000085db   _DumpSustainFlag
003dbd69   _ECAN0INTA_ISR
003dbd6e   _ECAN1INTA_ISR
00006040   _ECanaLAMRegs
000060c0   _ECanaMOTORegs
00006080   _ECanaMOTSRegs
00006100   _ECanaMboxes
00006000   _ECanaRegs
003dbd73   _EMPTY_ISR
003dbc4c   _EMUINT_ISR
000085f9   _EchoAcqNum
000085fa   _EchoAcqTime
000085f8   _EchoAcqTimeBHalf
000085f7   _EchoAcqTimeFHalf
0000865f   _EchoAcqWindowShift
00008724   _EchoMid1
00008722   _EchoMid2
00008726   _EchoMid3
00008716   _EchoMid4
0000867b   _EchoNum
000086ac   _EchoStorAddr
003db68f   _EmptyDeal
003dc8fc   _EnableInterrupts
00007400   _EvaRegs
00007500   _EvbRegs
00008649   _EventBoardState
00000a80   _FlashRegs
00008771   _FreqAry
0000866b   _FreqNum2
000085e3   _FreqScan
000070e0   _GpioDataRegs
000070c0   _GpioMuxRegs
0000867d   _HVState
003db75d   _HVStateDeal
000085d7   _HalfFreqNum
000085f2   _HoleModeFlag
003dbc56   _ILLEGAL_ISR
003dbc38   _INT13_ISR
003dbc3d   _INT14_ISR
003ffad8   _IQ10mpyRndSatTable
003ffacc   _IQ11mpyRndSatTable
003ffac0   _IQ12mpyRndSatTable
003ffab4   _IQ13mpyRndSatTable
003ffaa8   _IQ14mpyRndSatTable
003ffa9c   _IQ15mpyRndSatTable
003ffa90   _IQ16mpyRndSatTable
003ffa84   _IQ17mpyRndSatTable
003ffa78   _IQ18mpyRndSatTable
003ffa6c   _IQ19mpyRndSatTable
003ffb44   _IQ1mpyRndSatTable
003ffa60   _IQ20mpyRndSatTable
003ffa54   _IQ21mpyRndSatTable
003ffa48   _IQ22mpyRndSatTable
003ffa3c   _IQ23mpyRndSatTable
003ffa30   _IQ24mpyRndSatTable
003ffa24   _IQ25mpyRndSatTable
003ffa18   _IQ26mpyRndSatTable
003ffa0c   _IQ27mpyRndSatTable
003ffa00   _IQ28mpyRndSatTable
003ff9f4   _IQ29mpyRndSatTable
003ffb38   _IQ2mpyRndSatTable
003ff9e8   _IQ30mpyRndSatTable
003ffb2c   _IQ3mpyRndSatTable
003ffb20   _IQ4mpyRndSatTable
003ffb14   _IQ5mpyRndSatTable
003ffb08   _IQ6mpyRndSatTable
003ffafc   _IQ7mpyRndSatTable
003ffaf0   _IQ8mpyRndSatTable
003ffae4   _IQ9mpyRndSatTable
003ff824   _IQatan2HalfPITable
003ff862   _IQatan2Table
003ff9e8   _IQatan2TableEnd
003ff100   _IQcosTable
003ff502   _IQcosTableEnd
003ff502   _IQdivRoundSatTable
003ff510   _IQdivTable
003ff712   _IQdivTableEnd
003ff712   _IQisqrtRoundSatTable
003ff722   _IQisqrtTable
003ff824   _IQisqrtTableEnd
003ff9e8   _IQmpyRndSatTable
003ffb50   _IQmpyRndSatTableEnd
003ff000   _IQsinTable
003ff400   _IQsinTableEnd
003ff712   _IQsqrtRoundSatTable
003ff722   _IQsqrtTable
003ff824   _IQsqrtTableEnd
003f9388   _IdleStateCtl
003d99b5   _InitAll
003da6c0   _InitFPGA
003da690   _InitGpio
003dc091   _InitPeripheralClocks
003dc8dd   _InitPieCtrl
003dc970   _InitPieVectTable
003dc070   _InitPll
003d9caa   _InitPulseGain
003da6a8   _InitSci
003dbfcf   _InitSysCtrl
003d9abc   _InitTable
003da6da   _InitVariables
003db690   _InquireDeal
0000860d   _InverseTurnFlag
00008653   _IsParamUpdateFlag
003db748   _K1K2DisDeal
003db733   _K1K2EnDeal
003dc05e   _KickDog
003f91de   _LoadBriDumpPara
003f9137   _LoadDDSPara
003da735   _LoadParaDis
003f92cd   _LoadPdPara
000086f4   _MDumpTime
003dbd50   _MRINTA_ISR
003dbd55   _MXINTA_ISR
000085d5   _MainDumpTime
000085cd   _MatFreq
000085d2   _MatFreqSel
00007800   _McbspaRegs
00008800   _MiniAddAry
00008679   _MiniBuf
0000866d   _MiniCycCnt1
0000866c   _MiniCycCnt2
00008673   _MiniCycCnt3
000085f0   _MiniFreq
000085e2   _MiniFreqCnt
0000867a   _MiniNoiseMax
003dbedf   _MiniScan
0000900a   _MiniStorAddr1
0000900e   _MiniStorAddr2
0000900c   _MiniStorAddr3
00009006   _MiniStorAddr4
00009004   _MiniStorAddr5
00009008   _MiniStorAddr6
00008696   _MiniTablePt
003db724   _ModeConfirmDeal
003dbc51   _NMI_ISR
000085e5   _NTimeDec
000085fc   _Ne
00008768   _NintyWidthAry
000085f3   _NoiseAcqCnt
0000865c   _NoiseAcqFreq
000085df   _NoiseAcqNum
0000865b   _NoiseAcqTime
00008710   _NoiseAveIQ
00008712   _NoiseAveShiftIQ
00008748   _NoiseCalNumIQ
00008840   _NoiseDataAry
000085e1   _NoiseDivFreq
000085de   _NoiseDivNum
00008704   _NoiseMaxValIQ
00008708   _NoiseOfsAbsIQ
00008702   _NoiseOfsIQ
000086d4   _NoiseOfsIQ3
00008706   _NoiseSqrAveIQ
000086d8   _NoiseSquAveIQ3
000086d2   _NoiseSquSumIQ3
0000870c   _NoiseSum
0000869e   _Open180LTime
00008603   _Open180LTimeHi
00008606   _Open180LTimeLow
00008601   _Open180LTimeMS
0000868e   _Open180STime
000085f4   _Open180STimeHi
00008608   _Open180STimeLow
003f93ab   _OperaStateCtl
003db69a   _OperationDeal
000085ff   _P180PrdNum
000085f6   _P90PrdNum
003dbc97   _PDPINTA_ISR
003dbc9c   _PDPINTB_ISR
003dbd78   _PIE_RESERVED
00009000   _PP6ModeFlag
00009029   _PPDIFMiniNumAry
00008661   _PPDIFModeFlag
003db2cf   _PPDIFModeTop
00008648   _PPDIF_NE_1A1B
0000865e   _PPDIF_NE_1C
00008646   _PPDIF_Nrept_1C
0000862f   _PPDIF_Period
00008642   _PPDIF_TE_1A1B
00008643   _PPDIF_TE_1C
00008645   _PPDIF_TW_1B
00008644   _PPDIF_TW_1C
00008630   _PPM_NE_1A
00008631   _PPM_NE_1C
0000862e   _PPM_Nrept_1C
0000862c   _PPM_Period
0000862a   _PPM_TE_1A
0000862b   _PPM_TE_1C
0000862d   _PPM_TW_1C
00008664   _PPModeFlag
00009039   _PPModeMiniNumAry
003db98d   _PPModeTop
0000903a   _PPOFTWMiniNumAry
00008667   _PPOFTWModeFlag
003db0a7   _PPOFTWModeTop
00008688   _PPOFTW_Nrept_1C
0000868b   _PPOFTW_Period
00008682   _PPOFTW_TE_1ADEFGH
00008681   _PPOFTW_TE_1C
00008685   _PPOFTW_TW_1C
00008684   _PPOFTW_TW_1D
00008683   _PPOFTW_TW_1E
00008686   _PPOFTW_TW_1F
00008680   _PPOFTW_TW_1G
0000867f   _PPOFTW_TW_1H
0000903b   _PPShortMiniNumAry
00008668   _PPShortModeFlag
003db82a   _PPShortModeTop
00008671   _PPShort_NE_1A
0000866a   _PPShort_NE_1C
00008669   _PPShort_Nrept_1C
0000866f   _PPShort_Period
00008670   _PPShort_TE_1A
00008672   _PPShort_TE_1C
0000866e   _PPShort_TW_1C
0000903c   _PPT1MiniNumAry
00008662   _PPT1ModeFlag
003dadfe   _PPT1ModeTop
00008689   _PPT1_NE_1A
0000868a   _PPT1_NE_1C
00008687   _PPT1_NE_1DEFGH
0000868c   _PPT1_Nrept_1C
00008647   _PPT1_Period
0000863f   _PPT1_TE_1A
0000868d   _PPT1_TE_1CDEFGH
0000863c   _PPT1_TW_1C
0000863d   _PPT1_TW_1D
0000863a   _PPT1_TW_1E
0000863b   _PPT1_TW_1F
00008640   _PPT1_TW_1G
00008641   _PPT1_TW_1H
0000863e   _PPT1_TW_Code
00008762   _ParamOrderData
0000901e   _ParamTableLen
003dc40f   _ParamUpdate
00008614   _Pd180Time
00008611   _Pd90Time
00008625   _PdPara1
00008619   _PdPara2
0000861a   _PdPara3
00008677   _PhaseFlag
00000ce0   _PieCtrlRegs
00000d00   _PieVectTable
003dccb0   _PieVectTableInit
00008720   _Pulse180Width
0000871e   _Pulse180WidthHalf
000086b8   _Pulse90StoreAddr
00008758   _Pulse90Width
003f9776   _PulseAcq
000085ce   _PulseAcqFlag
000086b2   _PulseAmpCrtIQ
00008752   _PulseAve
00008628   _PulseBuf
00008629   _PulseCalNum
000086ee   _PulseCycle
00008617   _PulseDataCnt
000085d1   _PulseDivNum
000086aa   _PulseF180StoreAddr
0000860f   _PulseGain
00008a40   _PulseGainAry
00008756   _PulseGainIQ
000086a8   _PulseL180StoreAddr
00008740   _PulseMid1
00008744   _PulseMid2
00008760   _PulseMid3
0000861b   _PulseMid4
000085d0   _PulseNum
003dbeb8   _PulseParamIncrement
00008626   _PulseReadBuf
00008754   _PulseRec
0000875e   _PulseRecIQ
003f9835   _PulseSave
0000875c   _PulseSum
00008638   _PulseTestAcqFreq
00008633   _PulseTestPulseTime
000085d3   _PulseTime
003dc4a4   _PulseTop
003dbc47   _RTOSINT_ISR
000085ef   _ReadTableBuf
003f95a8   _RecDownTableCommand
00008651   _RecParamOrderFlag
0000901c   _RecParameterCnt
003f9676   _RecParameterCommand
00008655   _RecSendTableCmdParaLen
0000901f   _RecSendTableCnt
0000864b   _RecSendTableFlag
0000901d   _RecSingleOrderCnt
003f9707   _RecSingleOrderCommand
00008658   _RecSingleOrderFlag
003dad8e   _RecUpTableCommand
00008780   _RelayAry
003dc497   _RelayClose
00008652   _RelayCtrlCode
000086f8   _RelayCtrlCode_f
003dc48a   _RelayOpen
003dbbcc   _ReplyCasingErrFrame
003dbb59   _ReplyLastCheckFrame
003dbb05   _ReplyModeDataFrame
003dbbef   _ReplyNoVarFrame
003dbc10   _ReplySingleVarFrame
003dbb31   _ReplyStateFrame
003dbb81   _ReplyUpTableFrame
003dc825   _RstNoiseModule
003dc83e   _RstPulseModule
003f9924   _SCIRXINTA_ISR
003dbd5f   _SCIRXINTB_ISR
003dbd5a   _SCITXINTA_ISR
003dbd64   _SCITXINTB_ISR
000086f2   _SDumpTime
003dbd46   _SPIRXINTA_ISR
003dbd4b   _SPITXINTA_ISR
00008637   _STWTE_NE
00008639   _STWTE_Period
00008636   _STWTE_TE
000085e6   _STimeDec
000085dd   _SaveCnt
003dbf67   _SaveEcho
000086a4   _SaveNTempPt
003f8171   _SaveNoise
003dbf94   _SavePhaseWord
003dbf27   _SavePulse
00008694   _SaveSTempPt
003dbec6   _SaveSignal
003dbfa6   _SaveSixFreq
000086a2   _SaveTablePt
000085e7   _ScaleCnt
000085da   _ScaleDDSDiv
003db7f1   _ScaleDeal
003dbd82   _ScaleHoleModeTop
000085fb   _ScaleM
0000860a   _ScaleMn
000085ea   _ScaleModeFlag
0000865d   _ScalePeriod
003f9506   _ScaleStateCtl
00008666   _ScanDeltaFreq
003f81b2   _ScanFreqOnce
00008663   _ScanModeFlag
003dc0db   _ScanModeTop
0000867e   _ScanSignalNum
00009024   _SciaDataEven
00009026   _SciaRecFlag
00007050   _SciaRegs
003f99aa   _SciaRx_Ready
003dbaec   _SciaSendOneWord
003f999f   _SciaTx_Ready
00007750   _ScibRegs
00008612   _SdAcqNum1
00008610   _SdAcqNum2
00008616   _SdAcqNum3
000086b0   _SdAcqNum4
000085c5   _SdAcqNum4Hi
000085c0   _SdAcqNum4Low
000086ae   _SdAcqNum5
000085ca   _SdAcqNum5Hi
000085cb   _SdAcqNum5Low
0000869c   _SdAcqNum6
000085c8   _SdAcqNum6Hi
000085d6   _SdAcqNum6Low
00008692   _SdAcqNum7
000085cc   _SdAcqNum7Hi
000085c7   _SdAcqNum7Low
000086ba   _SdAcqTimeMid1
000086b6   _SdAcqTimeMid2
000086b4   _SdAcqTimeMid3
0000870e   _SendCnt
00008674   _SendTableFlag
00008656   _SendTableID
00009002   _SendTempPt
0000861c   _SftWinWidth
003dc818   _ShutdownHV
0000865a   _SiglAcqFreqTim
00008659   _SiglAcqPrdNum
0000873e   _SignalAmpIQ
000085c2   _SignalCalNum
00008742   _SignalPhaIQ
0000873c   _SinAveIQ
000086e2   _SinFour
0000870a   _SinOne
0000874c   _SinSumIQ
000086dc   _SinThree
000086de   _SinTwo
00008627   _SingleModeFlag
00008657   _SingleOrderAryChoice
00009010   _SingleOrderData
00007040   _SpiaRegs
003f9364   _StartS1msModule
000085c9   _StoreCnt
003f849c   _StoreMini
00008690   _StoreMiniAryPt
00008613   _Strip180Num
00008623   _Strip90Num
00008615   _StripBuf
003db769   _SysCheckDeal
00007010   _SysCtrlRegs
003dbcce   _T1CINT_ISR
003dbcd8   _T1OFINT_ISR
003dbcc9   _T1PINT_ISR
003dbcd3   _T1UFINT_ISR
003dbce2   _T2CINT_ISR
003dbcec   _T2OFINT_ISR
003dbcdd   _T2PINT_ISR
003dbce7   _T2UFINT_ISR
003dbd14   _T3CINT_ISR
003dbd1e   _T3OFINT_ISR
003dbd0f   _T3PINT_ISR
003dbd19   _T3UFINT_ISR
003dbd28   _T4CINT_ISR
003dbd32   _T4OFINT_ISR
003dbd23   _T4PINT_ISR
003dbd2d   _T4UFINT_ISR
003dbcb0   _TINT0_ISR
00008714   _TNMid1
0000871c   _TNMid2
00008734   _TNTime
000086c4   _TableTempPt
00008738   _Tel
000086bc   _TelCCheck
0000875a   _TelCmp
0000902a   _TelN
00008732   _Tes
000086be   _TesCCheck
00008736   _TesCmp
0000902c   _TesN
003db78e   _TestDeal
003f944d   _TestStateCtl
000085f1   _ToMSFreq
000086c2   _ToMSNoiseAddr
000086c0   _ToMSSignalAddr
00008654   _TransmitFre
000086fa   _TransmitFre_f
003dbc88   _USER10_ISR
003dbc8d   _USER11_ISR
003dbc92   _USER12_ISR
003dbc5b   _USER1_ISR
003dbc60   _USER2_ISR
003dbc65   _USER3_ISR
003dbc6a   _USER4_ISR
003dbc6f   _USER5_ISR
003dbc74   _USER6_ISR
003dbc79   _USER7_ISR
003dbc7e   _USER8_ISR
003dbc83   _USER9_ISR
003dbcb5   _WAKEINT_ISR
00008660   _Width90Pulse
00008621   _WidthCnt
000085e8   _WorkMode
003dbca1   _XINT1_ISR
003dc905   _XINT1_STOP
003dc630   _XINT2_DCStorData
003dbca6   _XINT2_ISR
00007070   _XIntruptRegs
00000b20   _XintfRegs
00008676   _ZeroCnt
000085ee   _ZeroOne
003dcaf8   __IQ10atan2
003dcbd7   __IQ10div
003dcca7   __IQ10int
003dcb77   __IQ10mag
003dcc65   __IQ10sqrt
003dcc1e   __IQ3div
00000800   __STACK_END
00000400   __STACK_SIZE
ffffffff   ___binit__
00009000   ___bss__
ffffffff   ___c_args__
003dcdb8   ___cinit__
00009000   ___end__
003dcaf8   ___etext__
ffffffff   ___pinit__
003d99b5   ___text__
003dca7a   __args_main
0000864a   __caseingDetectFlag
0000864d   __casingDetectErrFlag
0000864e   __casingOrOperaFlag
00009037   __centerFreq
00009036   __centerFreqAmp
00009032   __cleanup_ptr
00009034   __dtors_ptr
00009030   __lock
00008650   __modeDataSendFlag
003dcaea   __nop
0000864f   __operationFlag
003dcae6   __register_lock
003dcae2   __register_unlock
00000400   __stack
0000902e   __unlock
000086fe   _a
003dca1e   _abort
000086fc   _b
00008700   _c
003dc7d4   _c_int00
0000903d   _errno
00008794   _eventFunc
003dca20   _exit
003dc370   _exp
003dca8f   _frexp
003db4b4   _getCenterFreq
003db4b8   _getCenterFreqAmp
003f8d85   _guassFit_C
003dc857   _ldexp
003dc2c5   _log
003dcab5   _main
0000864c   _modeDataSendLen
003dbd7d   _rsvd_ISR
003d99b5   _secureRamFuncs_loadend
003d8000   _secureRamFuncs_loadstart
003f8000   _secureRamFuncs_runstart
000087e8   _singleOrderFunc
003dc784   _sqrt
00009022   _tempSaveTablePt
000087a2   _x
000087c0   _y
ffffffff   binit
003dcdb8   cinit
00009000   end
003dcaf8   etext
ffffffff   pinit


GLOBAL SYMBOLS: SORTED BY Symbol Address 

address    name
--------   ----
00000040   _DSP28x_usDelay
00000400   __STACK_SIZE
00000400   __stack
00000800   __STACK_END
00000880   _DevEmuRegs
00000a80   _FlashRegs
00000ae0   _CsmRegs
00000b20   _XintfRegs
00000c00   _CpuTimer0Regs
00000ce0   _PieCtrlRegs
00000d00   _PieVectTable
00006000   _ECanaRegs
00006040   _ECanaLAMRegs
00006080   _ECanaMOTSRegs
000060c0   _ECanaMOTORegs
00006100   _ECanaMboxes
00007010   _SysCtrlRegs
00007040   _SpiaRegs
00007050   _SciaRegs
00007070   _XIntruptRegs
000070c0   _GpioMuxRegs
000070e0   _GpioDataRegs
00007100   _AdcRegs
00007400   _EvaRegs
00007500   _EvbRegs
00007750   _ScibRegs
00007800   _McbspaRegs
000085c0   _SdAcqNum4Low
000085c1   _DumpPara1
000085c2   _SignalCalNum
000085c3   _DumpPara3
000085c4   _DumpPara4
000085c5   _SdAcqNum4Hi
000085c6   _DumpPara2
000085c7   _SdAcqNum7Low
000085c8   _SdAcqNum6Hi
000085c9   _StoreCnt
000085ca   _SdAcqNum5Hi
000085cb   _SdAcqNum5Low
000085cc   _SdAcqNum7Hi
000085cd   _MatFreq
000085ce   _PulseAcqFlag
000085cf   _BriMid
000085d0   _PulseNum
000085d1   _PulseDivNum
000085d2   _MatFreqSel
000085d3   _PulseTime
000085d4   _DumpPara6
000085d5   _MainDumpTime
000085d6   _SdAcqNum6Low
000085d7   _HalfFreqNum
000085d8   _BriWidthData
000085d9   _DumpPara5
000085da   _ScaleDDSDiv
000085db   _DumpSustainFlag
000085dc   _DSTTimeOne
000085dd   _SaveCnt
000085de   _NoiseDivNum
000085df   _NoiseAcqNum
000085e0   _CycleFlag
000085e1   _NoiseDivFreq
000085e2   _MiniFreqCnt
000085e3   _FreqScan
000085e4   _BandCnt
000085e5   _NTimeDec
000085e6   _STimeDec
000085e7   _ScaleCnt
000085e8   _WorkMode
000085e9   _DownTableFlag
000085ea   _ScaleModeFlag
000085eb   _DDSCfgLow
000085ec   _AdderCnt
000085ed   _DDSCfgHi
000085ee   _ZeroOne
000085ef   _ReadTableBuf
000085f0   _MiniFreq
000085f1   _ToMSFreq
000085f2   _HoleModeFlag
000085f3   _NoiseAcqCnt
000085f4   _Open180STimeHi
000085f5   _DCWorkFreq
000085f6   _P90PrdNum
000085f7   _EchoAcqTimeFHalf
000085f8   _EchoAcqTimeBHalf
000085f9   _EchoAcqNum
000085fa   _EchoAcqTime
000085fb   _ScaleM
000085fc   _Ne
000085fd   _DCMn
000085fe   _Acq90Num
000085ff   _P180PrdNum
00008600   _DCm
00008601   _Open180LTimeMS
00008602   _CutI90TimeHi
00008603   _Open180LTimeHi
00008604   _Cut90TimeLow
00008605   _Cut90TimeHi
00008606   _Open180LTimeLow
00008607   _CutI90TimeLow
00008608   _Open180STimeLow
00008609   _Cut180STimeHi
0000860a   _ScaleMn
0000860b   _Cut180LTimeHi
0000860c   _Cut180LTimeLow
0000860d   _InverseTurnFlag
0000860e   _Cut180STimeLow
0000860f   _PulseGain
00008610   _SdAcqNum2
00008611   _Pd90Time
00008612   _SdAcqNum1
00008613   _Strip180Num
00008614   _Pd180Time
00008615   _StripBuf
00008616   _SdAcqNum3
00008617   _PulseDataCnt
00008618   _CalDivData
00008619   _PdPara2
0000861a   _PdPara3
0000861b   _PulseMid4
0000861c   _SftWinWidth
0000861d   _DCFreqSel
0000861e   _DEMn
0000861f   _DCTes
00008620   _DCNe
00008621   _WidthCnt
00008622   _DCPulseWidth
00008623   _Strip90Num
00008624   _Acq180Num
00008625   _PdPara1
00008626   _PulseReadBuf
00008627   _SingleModeFlag
00008628   _PulseBuf
00008629   _PulseCalNum
0000862a   _PPM_TE_1A
0000862b   _PPM_TE_1C
0000862c   _PPM_Period
0000862d   _PPM_TW_1C
0000862e   _PPM_Nrept_1C
0000862f   _PPDIF_Period
00008630   _PPM_NE_1A
00008631   _PPM_NE_1C
00008632   _Calib_NE
00008633   _PulseTestPulseTime
00008634   _Angle180Pulse
00008635   _Calib_TE
00008636   _STWTE_TE
00008637   _STWTE_NE
00008638   _PulseTestAcqFreq
00008639   _STWTE_Period
0000863a   _PPT1_TW_1E
0000863b   _PPT1_TW_1F
0000863c   _PPT1_TW_1C
0000863d   _PPT1_TW_1D
0000863e   _PPT1_TW_Code
0000863f   _PPT1_TE_1A
00008640   _PPT1_TW_1G
00008641   _PPT1_TW_1H
00008642   _PPDIF_TE_1A1B
00008643   _PPDIF_TE_1C
00008644   _PPDIF_TW_1C
00008645   _PPDIF_TW_1B
00008646   _PPDIF_Nrept_1C
00008647   _PPT1_Period
00008648   _PPDIF_NE_1A1B
00008649   _EventBoardState
0000864a   __caseingDetectFlag
0000864b   _RecSendTableFlag
0000864c   _modeDataSendLen
0000864d   __casingDetectErrFlag
0000864e   __casingOrOperaFlag
0000864f   __operationFlag
00008650   __modeDataSendFlag
00008651   _RecParamOrderFlag
00008652   _RelayCtrlCode
00008653   _IsParamUpdateFlag
00008654   _TransmitFre
00008655   _RecSendTableCmdParaLen
00008656   _SendTableID
00008657   _SingleOrderAryChoice
00008658   _RecSingleOrderFlag
00008659   _SiglAcqPrdNum
0000865a   _SiglAcqFreqTim
0000865b   _NoiseAcqTime
0000865c   _NoiseAcqFreq
0000865d   _ScalePeriod
0000865e   _PPDIF_NE_1C
0000865f   _EchoAcqWindowShift
00008660   _Width90Pulse
00008661   _PPDIFModeFlag
00008662   _PPT1ModeFlag
00008663   _ScanModeFlag
00008664   _PPModeFlag
00008665   _CenterFreq
00008666   _ScanDeltaFreq
00008667   _PPOFTWModeFlag
00008668   _PPShortModeFlag
00008669   _PPShort_Nrept_1C
0000866a   _PPShort_NE_1C
0000866b   _FreqNum2
0000866c   _MiniCycCnt2
0000866d   _MiniCycCnt1
0000866e   _PPShort_TW_1C
0000866f   _PPShort_Period
00008670   _PPShort_TE_1A
00008671   _PPShort_NE_1A
00008672   _PPShort_TE_1C
00008673   _MiniCycCnt3
00008674   _SendTableFlag
00008675   _CutTimeHi
00008676   _ZeroCnt
00008677   _PhaseFlag
00008678   _DENum
00008679   _MiniBuf
0000867a   _MiniNoiseMax
0000867b   _EchoNum
0000867c   _CutTimeLow
0000867d   _HVState
0000867e   _ScanSignalNum
0000867f   _PPOFTW_TW_1H
00008680   _PPOFTW_TW_1G
00008681   _PPOFTW_TE_1C
00008682   _PPOFTW_TE_1ADEFGH
00008683   _PPOFTW_TW_1E
00008684   _PPOFTW_TW_1D
00008685   _PPOFTW_TW_1C
00008686   _PPOFTW_TW_1F
00008687   _PPT1_NE_1DEFGH
00008688   _PPOFTW_Nrept_1C
00008689   _PPT1_NE_1A
0000868a   _PPT1_NE_1C
0000868b   _PPOFTW_Period
0000868c   _PPT1_Nrept_1C
0000868d   _PPT1_TE_1CDEFGH
0000868e   _Open180STime
00008690   _StoreMiniAryPt
00008692   _SdAcqNum7
00008694   _SaveSTempPt
00008696   _MiniTablePt
00008698   _ChgTablePt
0000869a   _Cut180LTime
0000869c   _SdAcqNum6
0000869e   _Open180LTime
000086a0   _CheckTablePt
000086a2   _SaveTablePt
000086a4   _SaveNTempPt
000086a6   _Cut180STime
000086a8   _PulseL180StoreAddr
000086aa   _PulseF180StoreAddr
000086ac   _EchoStorAddr
000086ae   _SdAcqNum5
000086b0   _SdAcqNum4
000086b2   _PulseAmpCrtIQ
000086b4   _SdAcqTimeMid3
000086b6   _SdAcqTimeMid2
000086b8   _Pulse90StoreAddr
000086ba   _SdAcqTimeMid1
000086bc   _TelCCheck
000086be   _TesCCheck
000086c0   _ToMSSignalAddr
000086c2   _ToMSNoiseAddr
000086c4   _TableTempPt
000086c6   _CutI90Time
000086c8   _DDSMid3
000086ca   _DDSMid2
000086cc   _DDSMid5
000086ce   _DDSMid4
000086d0   _DDSMid6
000086d2   _NoiseSquSumIQ3
000086d4   _NoiseOfsIQ3
000086d6   _DDSFreq
000086d8   _NoiseSquAveIQ3
000086da   _DDSMid1
000086dc   _SinThree
000086de   _SinTwo
000086e0   _CosOne
000086e2   _SinFour
000086e4   _CosTwo
000086e6   _DDSCfgWords
000086e8   _DDSMid7
000086ea   _DDSRefDcm
000086ec   _DDSRefItg
000086ee   _PulseCycle
000086f0   _DataTotalNum
000086f2   _SDumpTime
000086f4   _MDumpTime
000086f6   _CutTime
000086f8   _RelayCtrlCode_f
000086fa   _TransmitFre_f
000086fc   _b
000086fe   _a
00008700   _c
00008702   _NoiseOfsIQ
00008704   _NoiseMaxValIQ
00008706   _NoiseSqrAveIQ
00008708   _NoiseOfsAbsIQ
0000870a   _SinOne
0000870c   _NoiseSum
0000870e   _SendCnt
00008710   _NoiseAveIQ
00008712   _NoiseAveShiftIQ
00008714   _TNMid1
00008716   _EchoMid4
00008718   _Cmp180BHalf
0000871a   _Cut90Time
0000871c   _TNMid2
0000871e   _Pulse180WidthHalf
00008720   _Pulse180Width
00008722   _EchoMid2
00008724   _EchoMid1
00008726   _EchoMid3
00008728   _CmpTelHalf
0000872a   _CmpTesHalf
0000872c   _CmpI90
0000872e   _Cmp90
00008730   _Cmp180FHalf
00008732   _Tes
00008734   _TNTime
00008736   _TesCmp
00008738   _Tel
0000873a   _CosAveIQ
0000873c   _SinAveIQ
0000873e   _SignalAmpIQ
00008740   _PulseMid1
00008742   _SignalPhaIQ
00008744   _PulseMid2
00008746   _CosThree
00008748   _NoiseCalNumIQ
0000874a   _CosFour
0000874c   _SinSumIQ
0000874e   _CosFive
00008750   _CosSumIQ
00008752   _PulseAve
00008754   _PulseRec
00008756   _PulseGainIQ
00008758   _Pulse90Width
0000875a   _TelCmp
0000875c   _PulseSum
0000875e   _PulseRecIQ
00008760   _PulseMid3
00008762   _ParamOrderData
00008768   _NintyWidthAry
00008771   _FreqAry
00008780   _RelayAry
00008789   _AdderLowAry
00008794   _eventFunc
000087a2   _x
000087c0   _y
000087d2   _AdderResAry
000087e8   _singleOrderFunc
00008800   _MiniAddAry
00008840   _NoiseDataAry
00008a40   _PulseGainAry
00009000   .bss
00009000   _PP6ModeFlag
00009000   ___bss__
00009000   ___end__
00009000   end
00009002   _SendTempPt
00009004   _MiniStorAddr5
00009006   _MiniStorAddr4
00009008   _MiniStorAddr6
0000900a   _MiniStorAddr1
0000900c   _MiniStorAddr3
0000900e   _MiniStorAddr2
00009010   _SingleOrderData
00009014   _CpuTimer0
0000901c   _RecParameterCnt
0000901d   _RecSingleOrderCnt
0000901e   _ParamTableLen
0000901f   _RecSendTableCnt
00009020   _DownloadTableCnt
00009022   _tempSaveTablePt
00009024   _SciaDataEven
00009025   _BufferSciaDataH
00009026   _SciaRecFlag
00009027   _BufferSciaDataL
00009028   _BufferSciaDataAll
00009029   _PPDIFMiniNumAry
0000902a   _TelN
0000902c   _TesN
0000902e   __unlock
00009030   __lock
00009032   __cleanup_ptr
00009034   __dtors_ptr
00009036   __centerFreqAmp
00009037   __centerFreq
00009038   _CasingMiniNumAry
00009039   _PPModeMiniNumAry
0000903a   _PPOFTWMiniNumAry
0000903b   _PPShortMiniNumAry
0000903c   _PPT1MiniNumAry
0000903d   _errno
003d8000   _secureRamFuncs_loadstart
003d99b5   .text
003d99b5   _InitAll
003d99b5   ___text__
003d99b5   _secureRamFuncs_loadend
003d9abc   _InitTable
003d9caa   _InitPulseGain
003da690   _InitGpio
003da6a8   _InitSci
003da6c0   _InitFPGA
003da6da   _InitVariables
003da735   _LoadParaDis
003da762   _CheckWorkMode
003da770   _CheckReadTable
003dad8e   _RecUpTableCommand
003dadfe   _PPT1ModeTop
003db0a7   _PPOFTWModeTop
003db2cf   _PPDIFModeTop
003db4b4   _getCenterFreq
003db4b8   _getCenterFreqAmp
003db4bc   _CasingDetectTop
003db5e7   _CasingDetectOnce
003db67c   _CheckSumCal
003db68f   _EmptyDeal
003db690   _InquireDeal
003db69a   _OperationDeal
003db701   _CasingDeal
003db716   _DataUpDeal
003db724   _ModeConfirmDeal
003db733   _K1K2EnDeal
003db748   _K1K2DisDeal
003db75d   _HVStateDeal
003db769   _SysCheckDeal
003db78e   _TestDeal
003db7f1   _ScaleDeal
003db82a   _PPShortModeTop
003db98d   _PPModeTop
003dbaec   _SciaSendOneWord
003dbb05   _ReplyModeDataFrame
003dbb31   _ReplyStateFrame
003dbb59   _ReplyLastCheckFrame
003dbb81   _ReplyUpTableFrame
003dbbcc   _ReplyCasingErrFrame
003dbbef   _ReplyNoVarFrame
003dbc10   _ReplySingleVarFrame
003dbc38   _INT13_ISR
003dbc3d   _INT14_ISR
003dbc42   _DATALOG_ISR
003dbc47   _RTOSINT_ISR
003dbc4c   _EMUINT_ISR
003dbc51   _NMI_ISR
003dbc56   _ILLEGAL_ISR
003dbc5b   _USER1_ISR
003dbc60   _USER2_ISR
003dbc65   _USER3_ISR
003dbc6a   _USER4_ISR
003dbc6f   _USER5_ISR
003dbc74   _USER6_ISR
003dbc79   _USER7_ISR
003dbc7e   _USER8_ISR
003dbc83   _USER9_ISR
003dbc88   _USER10_ISR
003dbc8d   _USER11_ISR
003dbc92   _USER12_ISR
003dbc97   _PDPINTA_ISR
003dbc9c   _PDPINTB_ISR
003dbca1   _XINT1_ISR
003dbca6   _XINT2_ISR
003dbcab   _ADCINT_ISR
003dbcb0   _TINT0_ISR
003dbcb5   _WAKEINT_ISR
003dbcba   _CMP1INT_ISR
003dbcbf   _CMP2INT_ISR
003dbcc4   _CMP3INT_ISR
003dbcc9   _T1PINT_ISR
003dbcce   _T1CINT_ISR
003dbcd3   _T1UFINT_ISR
003dbcd8   _T1OFINT_ISR
003dbcdd   _T2PINT_ISR
003dbce2   _T2CINT_ISR
003dbce7   _T2UFINT_ISR
003dbcec   _T2OFINT_ISR
003dbcf1   _CAPINT1_ISR
003dbcf6   _CAPINT2_ISR
003dbcfb   _CAPINT3_ISR
003dbd00   _CMP4INT_ISR
003dbd05   _CMP5INT_ISR
003dbd0a   _CMP6INT_ISR
003dbd0f   _T3PINT_ISR
003dbd14   _T3CINT_ISR
003dbd19   _T3UFINT_ISR
003dbd1e   _T3OFINT_ISR
003dbd23   _T4PINT_ISR
003dbd28   _T4CINT_ISR
003dbd2d   _T4UFINT_ISR
003dbd32   _T4OFINT_ISR
003dbd37   _CAPINT4_ISR
003dbd3c   _CAPINT5_ISR
003dbd41   _CAPINT6_ISR
003dbd46   _SPIRXINTA_ISR
003dbd4b   _SPITXINTA_ISR
003dbd50   _MRINTA_ISR
003dbd55   _MXINTA_ISR
003dbd5a   _SCITXINTA_ISR
003dbd5f   _SCIRXINTB_ISR
003dbd64   _SCITXINTB_ISR
003dbd69   _ECAN0INTA_ISR
003dbd6e   _ECAN1INTA_ISR
003dbd73   _EMPTY_ISR
003dbd78   _PIE_RESERVED
003dbd7d   _rsvd_ISR
003dbd82   _ScaleHoleModeTop
003dbeb8   _PulseParamIncrement
003dbec6   _SaveSignal
003dbedf   _MiniScan
003dbf27   _SavePulse
003dbf67   _SaveEcho
003dbf94   _SavePhaseWord
003dbfa6   _SaveSixFreq
003dbfc3   _ChangePhase
003dbfcf   _InitSysCtrl
003dc05e   _KickDog
003dc068   _DisableDog
003dc070   _InitPll
003dc091   _InitPeripheralClocks
003dc0aa   _CsmUnlock
003dc0db   _ScanModeTop
003dc1d2   _DeCpmgTop
003dc2c5   _log
003dc370   _exp
003dc40f   _ParamUpdate
003dc48a   _RelayOpen
003dc497   _RelayClose
003dc4a4   _PulseTop
003dc52a   FD$$MPY
003dc5ad   FS$$DIV
003dc630   _XINT2_DCStorData
003dc6b2   FS$$SUB
003dc6b7   FS$$ADD
003dc72a   FS$$MPY
003dc784   _sqrt
003dc7d4   _c_int00
003dc818   _ShutdownHV
003dc825   _RstNoiseModule
003dc83e   _RstPulseModule
003dc857   _ldexp
003dc88a   L$$DIV
003dc899   L$$MOD
003dc8a7   UL$$DIV
003dc8ae   UL$$MOD
003dc8b4   FS$$TOL
003dc8dd   _InitPieCtrl
003dc8fc   _EnableInterrupts
003dc905   _XINT1_STOP
003dc92a   FS$$TOI
003dc94f   FS$$TOUL
003dc970   _InitPieVectTable
003dc990   FD$$TOL
003dc9af   FS$$TOU
003dc9cc   FS$$TOFD
003dc9e8   L$$TOFD
003dca04   I$$TOFS
003dca1e   C$$EXIT
003dca1e   _abort
003dca20   _exit
003dca36   FS$$CMP
003dca4d   U$$TOFD
003dca64   UL$$TOFD
003dca7a   __args_main
003dca8f   _frexp
003dcaa2   UL$$TOFS
003dcab5   _main
003dcac7   U$$TOFS
003dcad7   U$$DIV
003dcadc   U$$MOD
003dcae2   __register_unlock
003dcae6   __register_lock
003dcaea   __nop
003dcaf3   FS$$NEG
003dcaf8   __IQ10atan2
003dcaf8   ___etext__
003dcaf8   etext
003dcb77   __IQ10mag
003dcbd7   __IQ10div
003dcc1e   __IQ3div
003dcc65   __IQ10sqrt
003dcca7   __IQ10int
003dccb0   _PieVectTableInit
003dcdb8   ___cinit__
003dcdb8   cinit
003f7ff8   _CsmPwl
003f8000   _Delay
003f8000   _secureRamFuncs_runstart
003f8015   _AcqNoise
003f8088   _CalNoise
003f8171   _SaveNoise
003f81b2   _ScanFreqOnce
003f821d   _CalSignal
003f849c   _StoreMini
003f856b   _DCWorkOnce
003f8d85   _guassFit_C
003f9137   _LoadDDSPara
003f91de   _LoadBriDumpPara
003f92cd   _LoadPdPara
003f9364   _StartS1msModule
003f9388   _IdleStateCtl
003f9398   _CasDctStateCtl
003f93ab   _OperaStateCtl
003f944d   _TestStateCtl
003f9506   _ScaleStateCtl
003f957d   _AcqFinStateCtl
003f95a8   _RecDownTableCommand
003f9676   _RecParameterCommand
003f9707   _RecSingleOrderCommand
003f9776   _PulseAcq
003f9835   _PulseSave
003f9924   _SCIRXINTA_ISR
003f999f   _SciaTx_Ready
003f99aa   _SciaRx_Ready
003ff000   _IQsinTable
003ff100   _IQcosTable
003ff400   _IQsinTableEnd
003ff502   _IQcosTableEnd
003ff502   _IQdivRoundSatTable
003ff510   _IQdivTable
003ff712   _IQdivTableEnd
003ff712   _IQisqrtRoundSatTable
003ff712   _IQsqrtRoundSatTable
003ff722   _IQisqrtTable
003ff722   _IQsqrtTable
003ff824   _IQatan2HalfPITable
003ff824   _IQisqrtTableEnd
003ff824   _IQsqrtTableEnd
003ff862   _IQatan2Table
003ff9e8   _IQ30mpyRndSatTable
003ff9e8   _IQatan2TableEnd
003ff9e8   _IQmpyRndSatTable
003ff9f4   _IQ29mpyRndSatTable
003ffa00   _IQ28mpyRndSatTable
003ffa0c   _IQ27mpyRndSatTable
003ffa18   _IQ26mpyRndSatTable
003ffa24   _IQ25mpyRndSatTable
003ffa30   _IQ24mpyRndSatTable
003ffa3c   _IQ23mpyRndSatTable
003ffa48   _IQ22mpyRndSatTable
003ffa54   _IQ21mpyRndSatTable
003ffa60   _IQ20mpyRndSatTable
003ffa6c   _IQ19mpyRndSatTable
003ffa78   _IQ18mpyRndSatTable
003ffa84   _IQ17mpyRndSatTable
003ffa90   _IQ16mpyRndSatTable
003ffa9c   _IQ15mpyRndSatTable
003ffaa8   _IQ14mpyRndSatTable
003ffab4   _IQ13mpyRndSatTable
003ffac0   _IQ12mpyRndSatTable
003ffacc   _IQ11mpyRndSatTable
003ffad8   _IQ10mpyRndSatTable
003ffae4   _IQ9mpyRndSatTable
003ffaf0   _IQ8mpyRndSatTable
003ffafc   _IQ7mpyRndSatTable
003ffb08   _IQ6mpyRndSatTable
003ffb14   _IQ5mpyRndSatTable
003ffb20   _IQ4mpyRndSatTable
003ffb2c   _IQ3mpyRndSatTable
003ffb38   _IQ2mpyRndSatTable
003ffb44   _IQ1mpyRndSatTable
003ffb50   _IQmpyRndSatTableEnd
ffffffff   ___binit__
ffffffff   ___c_args__
ffffffff   ___pinit__
ffffffff   binit
ffffffff   pinit

[664 symbols]
