<?xml version="1.0"?>
<link_info>
   <banner>TMS320C2000 Linker PC v6.2.7</banner>
   <copyright>Copyright (c) 1996-2014 Texas Instruments Incorporated</copyright>
   <link_time>0x60fd4275</link_time>
   <link_errors>0x0</link_errors>
   <output_file>LWD_NMR_ECB.out</output_file>
   <entry_point>
      <name>_c_int00</name>
      <address>0x3dc80d</address>
   </entry_point>
   <input_file_list>
      <input_file id="fl-2">
         <path>.\</path>
         <kind>object</kind>
         <file>main.obj</file>
         <name>main.obj</name>
      </input_file>
      <input_file id="fl-3">
         <path>.\source\</path>
         <kind>object</kind>
         <file>CasingDetectTop.obj</file>
         <name>CasingDetectTop.obj</name>
      </input_file>
      <input_file id="fl-4">
         <path>.\source\</path>
         <kind>object</kind>
         <file>DE_CPMG_Top.obj</file>
         <name>DE_CPMG_Top.obj</name>
      </input_file>
      <input_file id="fl-5">
         <path>.\source\</path>
         <kind>object</kind>
         <file>DSP281x_CpuTimers.obj</file>
         <name>DSP281x_CpuTimers.obj</name>
      </input_file>
      <input_file id="fl-6">
         <path>.\source\</path>
         <kind>object</kind>
         <file>DSP281x_DefaultIsr.obj</file>
         <name>DSP281x_DefaultIsr.obj</name>
      </input_file>
      <input_file id="fl-7">
         <path>.\source\</path>
         <kind>object</kind>
         <file>DSP281x_GlobalVariableDefs.obj</file>
         <name>DSP281x_GlobalVariableDefs.obj</name>
      </input_file>
      <input_file id="fl-8">
         <path>.\source\</path>
         <kind>object</kind>
         <file>DSP281x_PieCtrl.obj</file>
         <name>DSP281x_PieCtrl.obj</name>
      </input_file>
      <input_file id="fl-9">
         <path>.\source\</path>
         <kind>object</kind>
         <file>DSP281x_PieVect.obj</file>
         <name>DSP281x_PieVect.obj</name>
      </input_file>
      <input_file id="fl-a">
         <path>.\source\</path>
         <kind>object</kind>
         <file>DSP281x_SysCtrl.obj</file>
         <name>DSP281x_SysCtrl.obj</name>
      </input_file>
      <input_file id="fl-b">
         <path>.\source\</path>
         <kind>object</kind>
         <file>GuassFitAlogrithm.obj</file>
         <name>GuassFitAlogrithm.obj</name>
      </input_file>
      <input_file id="fl-c">
         <path>.\source\</path>
         <kind>object</kind>
         <file>MainInitial.obj</file>
         <name>MainInitial.obj</name>
      </input_file>
      <input_file id="fl-d">
         <path>.\source\</path>
         <kind>object</kind>
         <file>MyFPGAFunctions.obj</file>
         <name>MyFPGAFunctions.obj</name>
      </input_file>
      <input_file id="fl-e">
         <path>.\source\</path>
         <kind>object</kind>
         <file>MyFunctions.obj</file>
         <name>MyFunctions.obj</name>
      </input_file>
      <input_file id="fl-f">
         <path>.\source\</path>
         <kind>object</kind>
         <file>MyVariables.obj</file>
         <name>MyVariables.obj</name>
      </input_file>
      <input_file id="fl-10">
         <path>.\source\</path>
         <kind>object</kind>
         <file>PPDIFModeTop.obj</file>
         <name>PPDIFModeTop.obj</name>
      </input_file>
      <input_file id="fl-11">
         <path>.\source\</path>
         <kind>object</kind>
         <file>PPModeTop.obj</file>
         <name>PPModeTop.obj</name>
      </input_file>
      <input_file id="fl-12">
         <path>.\source\</path>
         <kind>object</kind>
         <file>PPOFTWModeTop.obj</file>
         <name>PPOFTWModeTop.obj</name>
      </input_file>
      <input_file id="fl-13">
         <path>.\source\</path>
         <kind>object</kind>
         <file>PPShortModeTop.obj</file>
         <name>PPShortModeTop.obj</name>
      </input_file>
      <input_file id="fl-14">
         <path>.\source\</path>
         <kind>object</kind>
         <file>PPT1ModeTop.obj</file>
         <name>PPT1ModeTop.obj</name>
      </input_file>
      <input_file id="fl-15">
         <path>.\source\</path>
         <kind>object</kind>
         <file>PulseTop.obj</file>
         <name>PulseTop.obj</name>
      </input_file>
      <input_file id="fl-16">
         <path>.\source\</path>
         <kind>object</kind>
         <file>RelayCtrl.obj</file>
         <name>RelayCtrl.obj</name>
      </input_file>
      <input_file id="fl-17">
         <path>.\source\</path>
         <kind>object</kind>
         <file>SCIA_interrupt.obj</file>
         <name>SCIA_interrupt.obj</name>
      </input_file>
      <input_file id="fl-18">
         <path>.\source\</path>
         <kind>object</kind>
         <file>ScaleHoleTop.obj</file>
         <name>ScaleHoleTop.obj</name>
      </input_file>
      <input_file id="fl-19">
         <path>.\source\</path>
         <kind>object</kind>
         <file>ScanTop.obj</file>
         <name>ScanTop.obj</name>
      </input_file>
      <input_file id="fl-1a">
         <path>.\source\</path>
         <kind>object</kind>
         <file>SingleOrderDeal.obj</file>
         <name>SingleOrderDeal.obj</name>
      </input_file>
      <input_file id="fl-1b">
         <path>.\source\</path>
         <kind>object</kind>
         <file>StateCtrl.obj</file>
         <name>StateCtrl.obj</name>
      </input_file>
      <input_file id="fl-1c">
         <path>.\source\</path>
         <kind>object</kind>
         <file>TableHandle.obj</file>
         <name>TableHandle.obj</name>
      </input_file>
      <input_file id="fl-1d">
         <path>.\config.asm\</path>
         <kind>object</kind>
         <file>DSP281x_CodeStartBranch.obj</file>
         <name>DSP281x_CodeStartBranch.obj</name>
      </input_file>
      <input_file id="fl-1e">
         <path>.\config.asm\</path>
         <kind>object</kind>
         <file>DSP281x_usDelay.obj</file>
         <name>DSP281x_usDelay.obj</name>
      </input_file>
      <input_file id="fl-25">
         <path>..\lib\</path>
         <kind>archive</kind>
         <file>IQmath.lib</file>
         <name>IQ10atan2.obj</name>
      </input_file>
      <input_file id="fl-26">
         <path>..\lib\</path>
         <kind>archive</kind>
         <file>IQmath.lib</file>
         <name>IQ10div.obj</name>
      </input_file>
      <input_file id="fl-27">
         <path>..\lib\</path>
         <kind>archive</kind>
         <file>IQmath.lib</file>
         <name>IQ10int.obj</name>
      </input_file>
      <input_file id="fl-28">
         <path>..\lib\</path>
         <kind>archive</kind>
         <file>IQmath.lib</file>
         <name>IQ10mag.obj</name>
      </input_file>
      <input_file id="fl-29">
         <path>..\lib\</path>
         <kind>archive</kind>
         <file>IQmath.lib</file>
         <name>IQ10sqrt.obj</name>
      </input_file>
      <input_file id="fl-2a">
         <path>..\lib\</path>
         <kind>archive</kind>
         <file>IQmath.lib</file>
         <name>IQ3div.obj</name>
      </input_file>
      <input_file id="fl-2b">
         <path>..\lib\</path>
         <kind>archive</kind>
         <file>IQmath.lib</file>
         <name>IQmathTables.obj</name>
      </input_file>
      <input_file id="fl-2c">
         <path>..\lib\</path>
         <kind>archive</kind>
         <file>rts2800_ml.lib</file>
         <name>boot.obj</name>
      </input_file>
      <input_file id="fl-2d">
         <path>..\lib\</path>
         <kind>archive</kind>
         <file>rts2800_ml.lib</file>
         <name>exit.obj</name>
      </input_file>
      <input_file id="fl-2e">
         <path>..\lib\</path>
         <kind>archive</kind>
         <file>rts2800_ml.lib</file>
         <name>fd_mpy.obj</name>
      </input_file>
      <input_file id="fl-2f">
         <path>..\lib\</path>
         <kind>archive</kind>
         <file>rts2800_ml.lib</file>
         <name>fd_tol.obj</name>
      </input_file>
      <input_file id="fl-30">
         <path>..\lib\</path>
         <kind>archive</kind>
         <file>rts2800_ml.lib</file>
         <name>fs_add.obj</name>
      </input_file>
      <input_file id="fl-31">
         <path>..\lib\</path>
         <kind>archive</kind>
         <file>rts2800_ml.lib</file>
         <name>fs_cmp.obj</name>
      </input_file>
      <input_file id="fl-32">
         <path>..\lib\</path>
         <kind>archive</kind>
         <file>rts2800_ml.lib</file>
         <name>fs_div.obj</name>
      </input_file>
      <input_file id="fl-33">
         <path>..\lib\</path>
         <kind>archive</kind>
         <file>rts2800_ml.lib</file>
         <name>fs_mpy.obj</name>
      </input_file>
      <input_file id="fl-34">
         <path>..\lib\</path>
         <kind>archive</kind>
         <file>rts2800_ml.lib</file>
         <name>fs_neg.obj</name>
      </input_file>
      <input_file id="fl-35">
         <path>..\lib\</path>
         <kind>archive</kind>
         <file>rts2800_ml.lib</file>
         <name>fs_tofd.obj</name>
      </input_file>
      <input_file id="fl-36">
         <path>..\lib\</path>
         <kind>archive</kind>
         <file>rts2800_ml.lib</file>
         <name>fs_tol.obj</name>
      </input_file>
      <input_file id="fl-37">
         <path>..\lib\</path>
         <kind>archive</kind>
         <file>rts2800_ml.lib</file>
         <name>fs_tou.obj</name>
      </input_file>
      <input_file id="fl-38">
         <path>..\lib\</path>
         <kind>archive</kind>
         <file>rts2800_ml.lib</file>
         <name>fs_toul.obj</name>
      </input_file>
      <input_file id="fl-39">
         <path>..\lib\</path>
         <kind>archive</kind>
         <file>rts2800_ml.lib</file>
         <name>l_div.obj</name>
      </input_file>
      <input_file id="fl-3a">
         <path>..\lib\</path>
         <kind>archive</kind>
         <file>rts2800_ml.lib</file>
         <name>l_tofd.obj</name>
      </input_file>
      <input_file id="fl-3b">
         <path>..\lib\</path>
         <kind>archive</kind>
         <file>rts2800_ml.lib</file>
         <name>memcpy_ff.obj</name>
      </input_file>
      <input_file id="fl-3c">
         <path>..\lib\</path>
         <kind>archive</kind>
         <file>rts2800_ml.lib</file>
         <name>sqrt.obj</name>
      </input_file>
      <input_file id="fl-3d">
         <path>..\lib\</path>
         <kind>archive</kind>
         <file>rts2800_ml.lib</file>
         <name>u_div.obj</name>
      </input_file>
      <input_file id="fl-3e">
         <path>..\lib\</path>
         <kind>archive</kind>
         <file>rts2800_ml.lib</file>
         <name>u_tofd.obj</name>
      </input_file>
      <input_file id="fl-3f">
         <path>..\lib\</path>
         <kind>archive</kind>
         <file>rts2800_ml.lib</file>
         <name>u_tofs.obj</name>
      </input_file>
      <input_file id="fl-40">
         <path>..\lib\</path>
         <kind>archive</kind>
         <file>rts2800_ml.lib</file>
         <name>ul_tofd.obj</name>
      </input_file>
      <input_file id="fl-41">
         <path>..\lib\</path>
         <kind>archive</kind>
         <file>rts2800_ml.lib</file>
         <name>ul_tofs.obj</name>
      </input_file>
      <input_file id="fl-42">
         <path>..\lib\</path>
         <kind>archive</kind>
         <file>rts2800_ml.lib</file>
         <name>exp.obj</name>
      </input_file>
      <input_file id="fl-43">
         <path>..\lib\</path>
         <kind>archive</kind>
         <file>rts2800_ml.lib</file>
         <name>log.obj</name>
      </input_file>
      <input_file id="fl-44">
         <path>..\lib\</path>
         <kind>archive</kind>
         <file>rts2800_ml.lib</file>
         <name>_lock.obj</name>
      </input_file>
      <input_file id="fl-45">
         <path>..\lib\</path>
         <kind>archive</kind>
         <file>rts2800_ml.lib</file>
         <name>args_main.obj</name>
      </input_file>
      <input_file id="fl-46">
         <path>..\lib\</path>
         <kind>archive</kind>
         <file>rts2800_ml.lib</file>
         <name>errno.obj</name>
      </input_file>
      <input_file id="fl-47">
         <path>..\lib\</path>
         <kind>archive</kind>
         <file>rts2800_ml.lib</file>
         <name>frexp.obj</name>
      </input_file>
      <input_file id="fl-48">
         <path>..\lib\</path>
         <kind>archive</kind>
         <file>rts2800_ml.lib</file>
         <name>fs_toi.obj</name>
      </input_file>
      <input_file id="fl-49">
         <path>..\lib\</path>
         <kind>archive</kind>
         <file>rts2800_ml.lib</file>
         <name>i_tofs.obj</name>
      </input_file>
      <input_file id="fl-4a">
         <path>..\lib\</path>
         <kind>archive</kind>
         <file>rts2800_ml.lib</file>
         <name>ldexp.obj</name>
      </input_file>
   </input_file_list>
   <object_component_list>
      <object_component id="oc-cd">
         <name>codestart</name>
         <load_address>0x3f7ff6</load_address>
         <run_address>0x3f7ff6</run_address>
         <size>0x2</size>
         <input_file_ref idref="fl-1d"/>
      </object_component>
      <object_component id="oc-dd">
         <name>.reset</name>
         <load_address>0x3fffc0</load_address>
         <run_address>0x3fffc0</run_address>
         <size>0x2</size>
         <input_file_ref idref="fl-2c"/>
      </object_component>
      <object_component id="oc-dc">
         <name>.stack</name>
         <uninitialized>true</uninitialized>
         <run_address>0x400</run_address>
         <size>0x0</size>
         <input_file_ref idref="fl-2c"/>
      </object_component>
      <object_component id="oc-1b2">
         <name>.stack</name>
         <uninitialized>true</uninitialized>
         <run_address>0x400</run_address>
         <size>0x0</size>
      </object_component>
      <object_component id="oc-36">
         <name>.ebss</name>
         <uninitialized>true</uninitialized>
         <run_address>0x9036</run_address>
         <size>0x3</size>
         <input_file_ref idref="fl-3"/>
      </object_component>
      <object_component id="oc-40">
         <name>.ebss</name>
         <uninitialized>true</uninitialized>
         <run_address>0x9014</run_address>
         <size>0x8</size>
         <input_file_ref idref="fl-5"/>
      </object_component>
      <object_component id="oc-7d">
         <name>.ebss</name>
         <uninitialized>true</uninitialized>
         <run_address>0x902a</run_address>
         <size>0x4</size>
         <input_file_ref idref="fl-e"/>
      </object_component>
      <object_component id="oc-86">
         <name>.ebss</name>
         <uninitialized>true</uninitialized>
         <run_address>0x9000</run_address>
         <size>0x14</size>
         <input_file_ref idref="fl-f"/>
      </object_component>
      <object_component id="oc-8a">
         <name>.ebss</name>
         <uninitialized>true</uninitialized>
         <run_address>0x9029</run_address>
         <size>0x1</size>
         <input_file_ref idref="fl-10"/>
      </object_component>
      <object_component id="oc-90">
         <name>.ebss</name>
         <uninitialized>true</uninitialized>
         <run_address>0x9039</run_address>
         <size>0x1</size>
         <input_file_ref idref="fl-11"/>
      </object_component>
      <object_component id="oc-96">
         <name>.ebss</name>
         <uninitialized>true</uninitialized>
         <run_address>0x903a</run_address>
         <size>0x1</size>
         <input_file_ref idref="fl-12"/>
      </object_component>
      <object_component id="oc-9c">
         <name>.ebss</name>
         <uninitialized>true</uninitialized>
         <run_address>0x903b</run_address>
         <size>0x1</size>
         <input_file_ref idref="fl-13"/>
      </object_component>
      <object_component id="oc-a2">
         <name>.ebss</name>
         <uninitialized>true</uninitialized>
         <run_address>0x903c</run_address>
         <size>0x1</size>
         <input_file_ref idref="fl-14"/>
      </object_component>
      <object_component id="oc-b1">
         <name>.ebss</name>
         <uninitialized>true</uninitialized>
         <run_address>0x9024</run_address>
         <size>0x5</size>
         <input_file_ref idref="fl-17"/>
      </object_component>
      <object_component id="oc-c8">
         <name>.ebss</name>
         <uninitialized>true</uninitialized>
         <run_address>0x901c</run_address>
         <size>0x8</size>
         <input_file_ref idref="fl-1c"/>
      </object_component>
      <object_component id="oc-e4">
         <name>.ebss</name>
         <uninitialized>true</uninitialized>
         <run_address>0x9032</run_address>
         <size>0x4</size>
         <input_file_ref idref="fl-2d"/>
      </object_component>
      <object_component id="oc-142">
         <name>.ebss</name>
         <uninitialized>true</uninitialized>
         <run_address>0x902e</run_address>
         <size>0x4</size>
         <input_file_ref idref="fl-44"/>
      </object_component>
      <object_component id="oc-14b">
         <name>.ebss</name>
         <uninitialized>true</uninitialized>
         <run_address>0x903d</run_address>
         <size>0x1</size>
         <input_file_ref idref="fl-46"/>
      </object_component>
      <object_component id="oc-84">
         <name>.cinit</name>
         <load_address>0x3dce18</load_address>
         <run_address>0x3dce18</run_address>
         <size>0x40</size>
         <input_file_ref idref="fl-f"/>
      </object_component>
      <object_component id="oc-c7">
         <name>.cinit</name>
         <load_address>0x3dce58</load_address>
         <run_address>0x3dce58</run_address>
         <size>0x14</size>
         <input_file_ref idref="fl-1c"/>
      </object_component>
      <object_component id="oc-141">
         <name>.cinit</name>
         <load_address>0x3dce6c</load_address>
         <run_address>0x3dce6c</run_address>
         <size>0xa</size>
         <input_file_ref idref="fl-44"/>
      </object_component>
      <object_component id="oc-e3">
         <name>.cinit</name>
         <load_address>0x3dce76</load_address>
         <run_address>0x3dce76</run_address>
         <size>0xa</size>
         <input_file_ref idref="fl-2d"/>
      </object_component>
      <object_component id="oc-b0">
         <name>.cinit</name>
         <load_address>0x3dce80</load_address>
         <run_address>0x3dce80</run_address>
         <size>0x8</size>
         <input_file_ref idref="fl-17"/>
      </object_component>
      <object_component id="oc-35">
         <name>.cinit</name>
         <load_address>0x3dce88</load_address>
         <run_address>0x3dce88</run_address>
         <size>0x4</size>
         <input_file_ref idref="fl-3"/>
      </object_component>
      <object_component id="oc-89">
         <name>.cinit</name>
         <load_address>0x3dce8c</load_address>
         <run_address>0x3dce8c</run_address>
         <size>0x4</size>
         <input_file_ref idref="fl-10"/>
      </object_component>
      <object_component id="oc-8f">
         <name>.cinit</name>
         <load_address>0x3dce90</load_address>
         <run_address>0x3dce90</run_address>
         <size>0x4</size>
         <input_file_ref idref="fl-11"/>
      </object_component>
      <object_component id="oc-95">
         <name>.cinit</name>
         <load_address>0x3dce94</load_address>
         <run_address>0x3dce94</run_address>
         <size>0x4</size>
         <input_file_ref idref="fl-12"/>
      </object_component>
      <object_component id="oc-9b">
         <name>.cinit</name>
         <load_address>0x3dce98</load_address>
         <run_address>0x3dce98</run_address>
         <size>0x4</size>
         <input_file_ref idref="fl-13"/>
      </object_component>
      <object_component id="oc-a1">
         <name>.cinit</name>
         <load_address>0x3dce9c</load_address>
         <run_address>0x3dce9c</run_address>
         <size>0x4</size>
         <input_file_ref idref="fl-14"/>
      </object_component>
      <object_component id="oc-14a">
         <name>.cinit</name>
         <load_address>0x3dcea0</load_address>
         <run_address>0x3dcea0</run_address>
         <size>0x4</size>
         <input_file_ref idref="fl-46"/>
      </object_component>
      <object_component id="oc-172">
         <name>.text</name>
         <load_address>0x3d99d4</load_address>
         <run_address>0x3d99d4</run_address>
         <size>0xdbb</size>
         <input_file_ref idref="fl-c"/>
      </object_component>
      <object_component id="oc-162">
         <name>.text</name>
         <load_address>0x3da78f</load_address>
         <run_address>0x3da78f</run_address>
         <size>0x69c</size>
         <input_file_ref idref="fl-1c"/>
      </object_component>
      <object_component id="oc-16b">
         <name>.text</name>
         <load_address>0x3dae2b</load_address>
         <run_address>0x3dae2b</run_address>
         <size>0x2a9</size>
         <input_file_ref idref="fl-14"/>
      </object_component>
      <object_component id="oc-16c">
         <name>.text</name>
         <load_address>0x3db0d4</load_address>
         <run_address>0x3db0d4</run_address>
         <size>0x228</size>
         <input_file_ref idref="fl-12"/>
      </object_component>
      <object_component id="oc-16a">
         <name>.text</name>
         <load_address>0x3db2fc</load_address>
         <run_address>0x3db2fc</run_address>
         <size>0x1e5</size>
         <input_file_ref idref="fl-10"/>
      </object_component>
      <object_component id="oc-167">
         <name>.text</name>
         <load_address>0x3db4e1</load_address>
         <run_address>0x3db4e1</run_address>
         <size>0x1c8</size>
         <input_file_ref idref="fl-3"/>
      </object_component>
      <object_component id="oc-160">
         <name>.text</name>
         <load_address>0x3db6a9</load_address>
         <run_address>0x3db6a9</run_address>
         <size>0x1ae</size>
         <input_file_ref idref="fl-1a"/>
      </object_component>
      <object_component id="oc-16d">
         <name>.text</name>
         <load_address>0x3db857</load_address>
         <run_address>0x3db857</run_address>
         <size>0x163</size>
         <input_file_ref idref="fl-13"/>
      </object_component>
      <object_component id="oc-169">
         <name>.text</name>
         <load_address>0x3db9ba</load_address>
         <run_address>0x3db9ba</run_address>
         <size>0x15f</size>
         <input_file_ref idref="fl-11"/>
      </object_component>
      <object_component id="oc-166">
         <name>.text</name>
         <load_address>0x3dbb19</load_address>
         <run_address>0x3dbb19</run_address>
         <size>0x14c</size>
         <input_file_ref idref="fl-17"/>
      </object_component>
      <object_component id="oc-45">
         <name>.text:retain</name>
         <load_address>0x3dbc65</load_address>
         <run_address>0x3dbc65</run_address>
         <size>0x14a</size>
         <input_file_ref idref="fl-6"/>
      </object_component>
      <object_component id="oc-16f">
         <name>.text</name>
         <load_address>0x3dbdaf</load_address>
         <run_address>0x3dbdaf</run_address>
         <size>0x136</size>
         <input_file_ref idref="fl-18"/>
      </object_component>
      <object_component id="oc-15e">
         <name>.text</name>
         <load_address>0x3dbee5</load_address>
         <run_address>0x3dbee5</run_address>
         <size>0x117</size>
         <input_file_ref idref="fl-e"/>
      </object_component>
      <object_component id="oc-176">
         <name>.text</name>
         <load_address>0x3dbffc</load_address>
         <run_address>0x3dbffc</run_address>
         <size>0x10c</size>
         <input_file_ref idref="fl-a"/>
      </object_component>
      <object_component id="oc-168">
         <name>.text</name>
         <load_address>0x3dc108</load_address>
         <run_address>0x3dc108</run_address>
         <size>0xff</size>
         <input_file_ref idref="fl-4"/>
      </object_component>
      <object_component id="oc-16e">
         <name>.text</name>
         <load_address>0x3dc207</load_address>
         <run_address>0x3dc207</run_address>
         <size>0xf7</size>
         <input_file_ref idref="fl-19"/>
      </object_component>
      <object_component id="oc-13b">
         <name>.text</name>
         <load_address>0x3dc2fe</load_address>
         <run_address>0x3dc2fe</run_address>
         <size>0xab</size>
         <input_file_ref idref="fl-43"/>
      </object_component>
      <object_component id="oc-137">
         <name>.text</name>
         <load_address>0x3dc3a9</load_address>
         <run_address>0x3dc3a9</run_address>
         <size>0x9f</size>
         <input_file_ref idref="fl-42"/>
      </object_component>
      <object_component id="oc-171">
         <name>.text</name>
         <load_address>0x3dc448</load_address>
         <run_address>0x3dc448</run_address>
         <size>0x95</size>
         <input_file_ref idref="fl-16"/>
      </object_component>
      <object_component id="oc-170">
         <name>.text</name>
         <load_address>0x3dc4dd</load_address>
         <run_address>0x3dc4dd</run_address>
         <size>0x86</size>
         <input_file_ref idref="fl-15"/>
      </object_component>
      <object_component id="oc-e7">
         <name>.text</name>
         <load_address>0x3dc563</load_address>
         <run_address>0x3dc563</run_address>
         <size>0x83</size>
         <input_file_ref idref="fl-2e"/>
      </object_component>
      <object_component id="oc-f7">
         <name>.text</name>
         <load_address>0x3dc5e6</load_address>
         <run_address>0x3dc5e6</run_address>
         <size>0x83</size>
         <input_file_ref idref="fl-32"/>
      </object_component>
      <object_component id="oc-3b">
         <name>.text:retain</name>
         <load_address>0x3dc669</load_address>
         <run_address>0x3dc669</run_address>
         <size>0x82</size>
         <input_file_ref idref="fl-4"/>
      </object_component>
      <object_component id="oc-ef">
         <name>.text</name>
         <load_address>0x3dc6eb</load_address>
         <run_address>0x3dc6eb</run_address>
         <size>0x78</size>
         <input_file_ref idref="fl-30"/>
      </object_component>
      <object_component id="oc-fb">
         <name>.text</name>
         <load_address>0x3dc763</load_address>
         <run_address>0x3dc763</run_address>
         <size>0x5a</size>
         <input_file_ref idref="fl-33"/>
      </object_component>
      <object_component id="oc-11f">
         <name>.text</name>
         <load_address>0x3dc7bd</load_address>
         <run_address>0x3dc7bd</run_address>
         <size>0x50</size>
         <input_file_ref idref="fl-3c"/>
      </object_component>
      <object_component id="oc-2f">
         <name>.text</name>
         <load_address>0x3dc80d</load_address>
         <run_address>0x3dc80d</run_address>
         <size>0x44</size>
         <input_file_ref idref="fl-2c"/>
      </object_component>
      <object_component id="oc-164">
         <name>.text</name>
         <load_address>0x3dc851</load_address>
         <run_address>0x3dc851</run_address>
         <size>0x3f</size>
         <input_file_ref idref="fl-d"/>
      </object_component>
      <object_component id="oc-159">
         <name>.text</name>
         <load_address>0x3dc890</load_address>
         <run_address>0x3dc890</run_address>
         <size>0x33</size>
         <input_file_ref idref="fl-4a"/>
      </object_component>
      <object_component id="oc-113">
         <name>.text</name>
         <load_address>0x3dc8c3</load_address>
         <run_address>0x3dc8c3</run_address>
         <size>0x2a</size>
         <input_file_ref idref="fl-39"/>
      </object_component>
      <object_component id="oc-107">
         <name>.text</name>
         <load_address>0x3dc8ed</load_address>
         <run_address>0x3dc8ed</run_address>
         <size>0x29</size>
         <input_file_ref idref="fl-36"/>
      </object_component>
      <object_component id="oc-178">
         <name>.text</name>
         <load_address>0x3dc916</load_address>
         <run_address>0x3dc916</run_address>
         <size>0x28</size>
         <input_file_ref idref="fl-8"/>
      </object_component>
      <object_component id="oc-7e">
         <name>.text:retain</name>
         <load_address>0x3dc93e</load_address>
         <run_address>0x3dc93e</run_address>
         <size>0x25</size>
         <input_file_ref idref="fl-e"/>
      </object_component>
      <object_component id="oc-151">
         <name>.text</name>
         <load_address>0x3dc963</load_address>
         <run_address>0x3dc963</run_address>
         <size>0x25</size>
         <input_file_ref idref="fl-48"/>
      </object_component>
      <object_component id="oc-10f">
         <name>.text</name>
         <load_address>0x3dc988</load_address>
         <run_address>0x3dc988</run_address>
         <size>0x21</size>
         <input_file_ref idref="fl-38"/>
      </object_component>
      <object_component id="oc-11b">
         <name>.text</name>
         <load_address>0x3dc9a9</load_address>
         <run_address>0x3dc9a9</run_address>
         <size>0x21</size>
         <input_file_ref idref="fl-3b"/>
      </object_component>
      <object_component id="oc-179">
         <name>.text</name>
         <load_address>0x3dc9ca</load_address>
         <run_address>0x3dc9ca</run_address>
         <size>0x20</size>
         <input_file_ref idref="fl-9"/>
      </object_component>
      <object_component id="oc-eb">
         <name>.text</name>
         <load_address>0x3dc9ea</load_address>
         <run_address>0x3dc9ea</run_address>
         <size>0x1f</size>
         <input_file_ref idref="fl-2f"/>
      </object_component>
      <object_component id="oc-10b">
         <name>.text</name>
         <load_address>0x3dca09</load_address>
         <run_address>0x3dca09</run_address>
         <size>0x1d</size>
         <input_file_ref idref="fl-37"/>
      </object_component>
      <object_component id="oc-103">
         <name>.text</name>
         <load_address>0x3dca26</load_address>
         <run_address>0x3dca26</run_address>
         <size>0x1c</size>
         <input_file_ref idref="fl-35"/>
      </object_component>
      <object_component id="oc-117">
         <name>.text</name>
         <load_address>0x3dca42</load_address>
         <run_address>0x3dca42</run_address>
         <size>0x1c</size>
         <input_file_ref idref="fl-3a"/>
      </object_component>
      <object_component id="oc-155">
         <name>.text</name>
         <load_address>0x3dca5e</load_address>
         <run_address>0x3dca5e</run_address>
         <size>0x1a</size>
         <input_file_ref idref="fl-49"/>
      </object_component>
      <object_component id="oc-163">
         <name>.text</name>
         <load_address>0x3dca78</load_address>
         <run_address>0x3dca78</run_address>
         <size>0x18</size>
         <input_file_ref idref="fl-2"/>
      </object_component>
      <object_component id="oc-e1">
         <name>.text</name>
         <load_address>0x3dca90</load_address>
         <run_address>0x3dca90</run_address>
         <size>0x18</size>
         <input_file_ref idref="fl-2d"/>
      </object_component>
      <object_component id="oc-f3">
         <name>.text</name>
         <load_address>0x3dcaa8</load_address>
         <run_address>0x3dcaa8</run_address>
         <size>0x17</size>
         <input_file_ref idref="fl-31"/>
      </object_component>
      <object_component id="oc-127">
         <name>.text</name>
         <load_address>0x3dcabf</load_address>
         <run_address>0x3dcabf</run_address>
         <size>0x17</size>
         <input_file_ref idref="fl-3e"/>
      </object_component>
      <object_component id="oc-12f">
         <name>.text</name>
         <load_address>0x3dcad6</load_address>
         <run_address>0x3dcad6</run_address>
         <size>0x16</size>
         <input_file_ref idref="fl-40"/>
      </object_component>
      <object_component id="oc-145">
         <name>.text</name>
         <load_address>0x3dcaec</load_address>
         <run_address>0x3dcaec</run_address>
         <size>0x15</size>
         <input_file_ref idref="fl-45"/>
      </object_component>
      <object_component id="oc-14d">
         <name>.text</name>
         <load_address>0x3dcb01</load_address>
         <run_address>0x3dcb01</run_address>
         <size>0x13</size>
         <input_file_ref idref="fl-47"/>
      </object_component>
      <object_component id="oc-133">
         <name>.text</name>
         <load_address>0x3dcb14</load_address>
         <run_address>0x3dcb14</run_address>
         <size>0x13</size>
         <input_file_ref idref="fl-41"/>
      </object_component>
      <object_component id="oc-12b">
         <name>.text</name>
         <load_address>0x3dcb27</load_address>
         <run_address>0x3dcb27</run_address>
         <size>0x10</size>
         <input_file_ref idref="fl-3f"/>
      </object_component>
      <object_component id="oc-123">
         <name>.text</name>
         <load_address>0x3dcb37</load_address>
         <run_address>0x3dcb37</run_address>
         <size>0xb</size>
         <input_file_ref idref="fl-3d"/>
      </object_component>
      <object_component id="oc-13f">
         <name>.text</name>
         <load_address>0x3dcb42</load_address>
         <run_address>0x3dcb42</run_address>
         <size>0x9</size>
         <input_file_ref idref="fl-44"/>
      </object_component>
      <object_component id="oc-cc">
         <name>.text</name>
         <load_address>0x3dcb4b</load_address>
         <run_address>0x3dcb4b</run_address>
         <size>0x8</size>
         <input_file_ref idref="fl-1d"/>
      </object_component>
      <object_component id="oc-ff">
         <name>.text</name>
         <load_address>0x3dcb53</load_address>
         <run_address>0x3dcb53</run_address>
         <size>0x5</size>
         <input_file_ref idref="fl-34"/>
      </object_component>
      <object_component id="oc-68">
         <name>.econst</name>
         <load_address>0x3dcd10</load_address>
         <run_address>0x3dcd10</run_address>
         <size>0x100</size>
         <input_file_ref idref="fl-9"/>
      </object_component>
      <object_component id="oc-7f">
         <name>.econst</name>
         <load_address>0x3dce10</load_address>
         <run_address>0x3dce10</run_address>
         <size>0x4</size>
         <input_file_ref idref="fl-e"/>
      </object_component>
      <object_component id="oc-a7">
         <name>.econst</name>
         <load_address>0x3dce14</load_address>
         <run_address>0x3dce14</run_address>
         <size>0x4</size>
         <input_file_ref idref="fl-15"/>
      </object_component>
      <object_component id="oc-15d">
         <name>secureRamFuncs</name>
         <load_address>0x3d8000</load_address>
         <run_address>0x3f8000</run_address>
         <size>0xd85</size>
         <input_file_ref idref="fl-e"/>
      </object_component>
      <object_component id="oc-174">
         <name>secureRamFuncs</name>
         <load_address>0x3d8d85</load_address>
         <run_address>0x3f8d85</run_address>
         <size>0x3b2</size>
         <input_file_ref idref="fl-b"/>
      </object_component>
      <object_component id="oc-165">
         <name>secureRamFuncs</name>
         <load_address>0x3d9137</load_address>
         <run_address>0x3f9137</run_address>
         <size>0x251</size>
         <input_file_ref idref="fl-d"/>
      </object_component>
      <object_component id="oc-15f">
         <name>secureRamFuncs</name>
         <load_address>0x3d9388</load_address>
         <run_address>0x3f9388</run_address>
         <size>0x220</size>
         <input_file_ref idref="fl-1b"/>
      </object_component>
      <object_component id="oc-161">
         <name>secureRamFuncs</name>
         <load_address>0x3d95a8</load_address>
         <run_address>0x3f95a8</run_address>
         <size>0x1ce</size>
         <input_file_ref idref="fl-1c"/>
      </object_component>
      <object_component id="oc-175">
         <name>secureRamFuncs</name>
         <load_address>0x3d9776</load_address>
         <run_address>0x3f9776</run_address>
         <size>0x1ae</size>
         <input_file_ref idref="fl-15"/>
      </object_component>
      <object_component id="oc-b2">
         <name>secureRamFuncs:retain</name>
         <load_address>0x3d9924</load_address>
         <run_address>0x3f9924</run_address>
         <size>0x7b</size>
         <input_file_ref idref="fl-17"/>
      </object_component>
      <object_component id="oc-177">
         <name>secureRamFuncs</name>
         <load_address>0x3d999f</load_address>
         <run_address>0x3f999f</run_address>
         <size>0x1f</size>
         <input_file_ref idref="fl-a"/>
      </object_component>
      <object_component id="oc-173">
         <name>secureRamFuncs</name>
         <load_address>0x3d99be</load_address>
         <run_address>0x3f99be</run_address>
         <size>0x16</size>
         <input_file_ref idref="fl-17"/>
      </object_component>
      <object_component id="oc-db">
         <name>IQmathTables</name>
         <load_address>0x3ff000</load_address>
         <run_address>0x3ff000</run_address>
         <size>0xb50</size>
         <input_file_ref idref="fl-2b"/>
      </object_component>
      <object_component id="oc-d5">
         <name>IQmath</name>
         <load_address>0x3dcb58</load_address>
         <run_address>0x3dcb58</run_address>
         <size>0x7f</size>
         <input_file_ref idref="fl-25"/>
      </object_component>
      <object_component id="oc-d8">
         <name>IQmath</name>
         <load_address>0x3dcbd7</load_address>
         <run_address>0x3dcbd7</run_address>
         <size>0x60</size>
         <input_file_ref idref="fl-28"/>
      </object_component>
      <object_component id="oc-d6">
         <name>IQmath</name>
         <load_address>0x3dcc37</load_address>
         <run_address>0x3dcc37</run_address>
         <size>0x47</size>
         <input_file_ref idref="fl-26"/>
      </object_component>
      <object_component id="oc-da">
         <name>IQmath</name>
         <load_address>0x3dcc7e</load_address>
         <run_address>0x3dcc7e</run_address>
         <size>0x47</size>
         <input_file_ref idref="fl-2a"/>
      </object_component>
      <object_component id="oc-d9">
         <name>IQmath</name>
         <load_address>0x3dccc5</load_address>
         <run_address>0x3dccc5</run_address>
         <size>0x42</size>
         <input_file_ref idref="fl-29"/>
      </object_component>
      <object_component id="oc-d7">
         <name>IQmath</name>
         <load_address>0x3dcd07</load_address>
         <run_address>0x3dcd07</run_address>
         <size>0x9</size>
         <input_file_ref idref="fl-27"/>
      </object_component>
      <object_component id="oc-85">
         <name>MyVariablesZone</name>
         <uninitialized>true</uninitialized>
         <run_address>0x85c0</run_address>
         <size>0x86a</size>
         <input_file_ref idref="fl-f"/>
      </object_component>
      <object_component id="oc-60">
         <name>PieVectTableFile</name>
         <uninitialized>true</uninitialized>
         <run_address>0xd00</run_address>
         <size>0x100</size>
         <input_file_ref idref="fl-7"/>
      </object_component>
      <object_component id="oc-5f">
         <name>DevEmuRegsFile</name>
         <uninitialized>true</uninitialized>
         <run_address>0x880</run_address>
         <size>0xd2</size>
         <input_file_ref idref="fl-7"/>
      </object_component>
      <object_component id="oc-4a">
         <name>FlashRegsFile</name>
         <uninitialized>true</uninitialized>
         <run_address>0xa80</run_address>
         <size>0x8</size>
         <input_file_ref idref="fl-7"/>
      </object_component>
      <object_component id="oc-4f">
         <name>CsmRegsFile</name>
         <uninitialized>true</uninitialized>
         <run_address>0xae0</run_address>
         <size>0x10</size>
         <input_file_ref idref="fl-7"/>
      </object_component>
      <object_component id="oc-55">
         <name>XintfRegsFile</name>
         <uninitialized>true</uninitialized>
         <run_address>0xb20</run_address>
         <size>0x20</size>
         <input_file_ref idref="fl-7"/>
      </object_component>
      <object_component id="oc-4c">
         <name>CpuTimer0RegsFile</name>
         <uninitialized>true</uninitialized>
         <run_address>0xc00</run_address>
         <size>0x8</size>
         <input_file_ref idref="fl-7"/>
      </object_component>
      <object_component id="oc-52">
         <name>PieCtrlRegsFile</name>
         <uninitialized>true</uninitialized>
         <run_address>0xce0</run_address>
         <size>0x1a</size>
         <input_file_ref idref="fl-7"/>
      </object_component>
      <object_component id="oc-54">
         <name>SysCtrlRegsFile</name>
         <uninitialized>true</uninitialized>
         <run_address>0x7010</run_address>
         <size>0x20</size>
         <input_file_ref idref="fl-7"/>
      </object_component>
      <object_component id="oc-50">
         <name>SpiaRegsFile</name>
         <uninitialized>true</uninitialized>
         <run_address>0x7040</run_address>
         <size>0x10</size>
         <input_file_ref idref="fl-7"/>
      </object_component>
      <object_component id="oc-4e">
         <name>SciaRegsFile</name>
         <uninitialized>true</uninitialized>
         <run_address>0x7050</run_address>
         <size>0x10</size>
         <input_file_ref idref="fl-7"/>
      </object_component>
      <object_component id="oc-51">
         <name>XIntruptRegsFile</name>
         <uninitialized>true</uninitialized>
         <run_address>0x7070</run_address>
         <size>0x10</size>
         <input_file_ref idref="fl-7"/>
      </object_component>
      <object_component id="oc-56">
         <name>GpioMuxRegsFile</name>
         <uninitialized>true</uninitialized>
         <run_address>0x70c0</run_address>
         <size>0x20</size>
         <input_file_ref idref="fl-7"/>
      </object_component>
      <object_component id="oc-57">
         <name>GpioDataRegsFile</name>
         <uninitialized>true</uninitialized>
         <run_address>0x70e0</run_address>
         <size>0x20</size>
         <input_file_ref idref="fl-7"/>
      </object_component>
      <object_component id="oc-53">
         <name>AdcRegsFile</name>
         <uninitialized>true</uninitialized>
         <run_address>0x7100</run_address>
         <size>0x1a</size>
         <input_file_ref idref="fl-7"/>
      </object_component>
      <object_component id="oc-5a">
         <name>EvaRegsFile</name>
         <uninitialized>true</uninitialized>
         <run_address>0x7400</run_address>
         <size>0x32</size>
         <input_file_ref idref="fl-7"/>
      </object_component>
      <object_component id="oc-59">
         <name>EvbRegsFile</name>
         <uninitialized>true</uninitialized>
         <run_address>0x7500</run_address>
         <size>0x32</size>
         <input_file_ref idref="fl-7"/>
      </object_component>
      <object_component id="oc-4d">
         <name>ScibRegsFile</name>
         <uninitialized>true</uninitialized>
         <run_address>0x7750</run_address>
         <size>0x10</size>
         <input_file_ref idref="fl-7"/>
      </object_component>
      <object_component id="oc-58">
         <name>McbspaRegsFile</name>
         <uninitialized>true</uninitialized>
         <run_address>0x7800</run_address>
         <size>0x25</size>
         <input_file_ref idref="fl-7"/>
      </object_component>
      <object_component id="oc-5b">
         <name>ECanaRegsFile</name>
         <uninitialized>true</uninitialized>
         <run_address>0x6000</run_address>
         <size>0x34</size>
         <input_file_ref idref="fl-7"/>
      </object_component>
      <object_component id="oc-5c">
         <name>ECanaLAMRegsFile</name>
         <uninitialized>true</uninitialized>
         <run_address>0x6040</run_address>
         <size>0x40</size>
         <input_file_ref idref="fl-7"/>
      </object_component>
      <object_component id="oc-61">
         <name>ECanaMboxesFile</name>
         <uninitialized>true</uninitialized>
         <run_address>0x6100</run_address>
         <size>0x100</size>
         <input_file_ref idref="fl-7"/>
      </object_component>
      <object_component id="oc-5d">
         <name>ECanaMOTSRegsFile</name>
         <uninitialized>true</uninitialized>
         <run_address>0x6080</run_address>
         <size>0x40</size>
         <input_file_ref idref="fl-7"/>
      </object_component>
      <object_component id="oc-5e">
         <name>ECanaMOTORegsFile</name>
         <uninitialized>true</uninitialized>
         <run_address>0x60c0</run_address>
         <size>0x40</size>
         <input_file_ref idref="fl-7"/>
      </object_component>
      <object_component id="oc-4b">
         <name>CsmPwlFile</name>
         <uninitialized>true</uninitialized>
         <run_address>0x3f7ff8</run_address>
         <size>0x8</size>
         <input_file_ref idref="fl-7"/>
      </object_component>
      <object_component id="oc-30">
         <name>.debug_info</name>
         <load_address>0x0</load_address>
         <run_address>0x0</run_address>
         <size>0x42b</size>
         <input_file_ref idref="fl-2"/>
      </object_component>
      <object_component id="oc-34">
         <name>.debug_info</name>
         <load_address>0x42b</load_address>
         <run_address>0x42b</run_address>
         <size>0x8e5</size>
         <input_file_ref idref="fl-3"/>
      </object_component>
      <object_component id="oc-3a">
         <name>.debug_info</name>
         <load_address>0xd10</load_address>
         <run_address>0xd10</run_address>
         <size>0x102b</size>
         <input_file_ref idref="fl-4"/>
      </object_component>
      <object_component id="oc-3f">
         <name>.debug_info</name>
         <load_address>0x1d3b</load_address>
         <run_address>0x1d3b</run_address>
         <size>0x6cc</size>
         <input_file_ref idref="fl-5"/>
      </object_component>
      <object_component id="oc-44">
         <name>.debug_info</name>
         <load_address>0x2407</load_address>
         <run_address>0x2407</run_address>
         <size>0x1d49</size>
         <input_file_ref idref="fl-6"/>
      </object_component>
      <object_component id="oc-49">
         <name>.debug_info</name>
         <load_address>0x4150</load_address>
         <run_address>0x4150</run_address>
         <size>0x12f3c</size>
         <input_file_ref idref="fl-7"/>
      </object_component>
      <object_component id="oc-63">
         <name>.debug_info</name>
         <load_address>0x1708c</load_address>
         <run_address>0x1708c</run_address>
         <size>0xa7a</size>
         <input_file_ref idref="fl-8"/>
      </object_component>
      <object_component id="oc-67">
         <name>.debug_info</name>
         <load_address>0x17b06</load_address>
         <run_address>0x17b06</run_address>
         <size>0x1fa2</size>
         <input_file_ref idref="fl-9"/>
      </object_component>
      <object_component id="oc-6c">
         <name>.debug_info</name>
         <load_address>0x19aa8</load_address>
         <run_address>0x19aa8</run_address>
         <size>0x1a61</size>
         <input_file_ref idref="fl-a"/>
      </object_component>
      <object_component id="oc-70">
         <name>.debug_info</name>
         <load_address>0x1b509</load_address>
         <run_address>0x1b509</run_address>
         <size>0x8ad</size>
         <input_file_ref idref="fl-b"/>
      </object_component>
      <object_component id="oc-74">
         <name>.debug_info</name>
         <load_address>0x1bdb6</load_address>
         <run_address>0x1bdb6</run_address>
         <size>0x69fd</size>
         <input_file_ref idref="fl-c"/>
      </object_component>
      <object_component id="oc-78">
         <name>.debug_info</name>
         <load_address>0x227b3</load_address>
         <run_address>0x227b3</run_address>
         <size>0x2c7c</size>
         <input_file_ref idref="fl-d"/>
      </object_component>
      <object_component id="oc-7c">
         <name>.debug_info</name>
         <load_address>0x2542f</load_address>
         <run_address>0x2542f</run_address>
         <size>0x2fe1</size>
         <input_file_ref idref="fl-e"/>
      </object_component>
      <object_component id="oc-83">
         <name>.debug_info</name>
         <load_address>0x28410</load_address>
         <run_address>0x28410</run_address>
         <size>0x369d</size>
         <input_file_ref idref="fl-f"/>
      </object_component>
      <object_component id="oc-88">
         <name>.debug_info</name>
         <load_address>0x2baad</load_address>
         <run_address>0x2baad</run_address>
         <size>0xa58</size>
         <input_file_ref idref="fl-10"/>
      </object_component>
      <object_component id="oc-8e">
         <name>.debug_info</name>
         <load_address>0x2c505</load_address>
         <run_address>0x2c505</run_address>
         <size>0x93d</size>
         <input_file_ref idref="fl-11"/>
      </object_component>
      <object_component id="oc-94">
         <name>.debug_info</name>
         <load_address>0x2ce42</load_address>
         <run_address>0x2ce42</run_address>
         <size>0xb6b</size>
         <input_file_ref idref="fl-12"/>
      </object_component>
      <object_component id="oc-9a">
         <name>.debug_info</name>
         <load_address>0x2d9ad</load_address>
         <run_address>0x2d9ad</run_address>
         <size>0x992</size>
         <input_file_ref idref="fl-13"/>
      </object_component>
      <object_component id="oc-a0">
         <name>.debug_info</name>
         <load_address>0x2e33f</load_address>
         <run_address>0x2e33f</run_address>
         <size>0xc67</size>
         <input_file_ref idref="fl-14"/>
      </object_component>
      <object_component id="oc-a6">
         <name>.debug_info</name>
         <load_address>0x2efa6</load_address>
         <run_address>0x2efa6</run_address>
         <size>0xacf</size>
         <input_file_ref idref="fl-15"/>
      </object_component>
      <object_component id="oc-ab">
         <name>.debug_info</name>
         <load_address>0x2fa75</load_address>
         <run_address>0x2fa75</run_address>
         <size>0x6fc</size>
         <input_file_ref idref="fl-16"/>
      </object_component>
      <object_component id="oc-af">
         <name>.debug_info</name>
         <load_address>0x30171</load_address>
         <run_address>0x30171</run_address>
         <size>0x4483</size>
         <input_file_ref idref="fl-17"/>
      </object_component>
      <object_component id="oc-b6">
         <name>.debug_info</name>
         <load_address>0x345f4</load_address>
         <run_address>0x345f4</run_address>
         <size>0x724</size>
         <input_file_ref idref="fl-18"/>
      </object_component>
      <object_component id="oc-ba">
         <name>.debug_info</name>
         <load_address>0x34d18</load_address>
         <run_address>0x34d18</run_address>
         <size>0x6ef</size>
         <input_file_ref idref="fl-19"/>
      </object_component>
      <object_component id="oc-be">
         <name>.debug_info</name>
         <load_address>0x35407</load_address>
         <run_address>0x35407</run_address>
         <size>0x3122</size>
         <input_file_ref idref="fl-1a"/>
      </object_component>
      <object_component id="oc-c2">
         <name>.debug_info</name>
         <load_address>0x38529</load_address>
         <run_address>0x38529</run_address>
         <size>0xebc</size>
         <input_file_ref idref="fl-1b"/>
      </object_component>
      <object_component id="oc-c6">
         <name>.debug_info</name>
         <load_address>0x393e5</load_address>
         <run_address>0x393e5</run_address>
         <size>0x14c0</size>
         <input_file_ref idref="fl-1c"/>
      </object_component>
      <object_component id="oc-ce">
         <name>.debug_info</name>
         <load_address>0x3a8a5</load_address>
         <run_address>0x3a8a5</run_address>
         <size>0x133</size>
         <input_file_ref idref="fl-1d"/>
      </object_component>
      <object_component id="oc-d2">
         <name>.debug_info</name>
         <load_address>0x3a9d8</load_address>
         <run_address>0x3a9d8</run_address>
         <size>0xec</size>
         <input_file_ref idref="fl-1e"/>
      </object_component>
      <object_component id="oc-de">
         <name>.debug_info</name>
         <load_address>0x3aac4</load_address>
         <run_address>0x3aac4</run_address>
         <size>0xc7</size>
         <input_file_ref idref="fl-2c"/>
      </object_component>
      <object_component id="oc-e2">
         <name>.debug_info</name>
         <load_address>0x3ab8b</load_address>
         <run_address>0x3ab8b</run_address>
         <size>0x6d2</size>
         <input_file_ref idref="fl-2d"/>
      </object_component>
      <object_component id="oc-e8">
         <name>.debug_info</name>
         <load_address>0x3b25d</load_address>
         <run_address>0x3b25d</run_address>
         <size>0xa9</size>
         <input_file_ref idref="fl-2e"/>
      </object_component>
      <object_component id="oc-ec">
         <name>.debug_info</name>
         <load_address>0x3b306</load_address>
         <run_address>0x3b306</run_address>
         <size>0xa9</size>
         <input_file_ref idref="fl-2f"/>
      </object_component>
      <object_component id="oc-f0">
         <name>.debug_info</name>
         <load_address>0x3b3af</load_address>
         <run_address>0x3b3af</run_address>
         <size>0xa9</size>
         <input_file_ref idref="fl-30"/>
      </object_component>
      <object_component id="oc-f4">
         <name>.debug_info</name>
         <load_address>0x3b458</load_address>
         <run_address>0x3b458</run_address>
         <size>0xa9</size>
         <input_file_ref idref="fl-31"/>
      </object_component>
      <object_component id="oc-f8">
         <name>.debug_info</name>
         <load_address>0x3b501</load_address>
         <run_address>0x3b501</run_address>
         <size>0xa9</size>
         <input_file_ref idref="fl-32"/>
      </object_component>
      <object_component id="oc-fc">
         <name>.debug_info</name>
         <load_address>0x3b5aa</load_address>
         <run_address>0x3b5aa</run_address>
         <size>0xa9</size>
         <input_file_ref idref="fl-33"/>
      </object_component>
      <object_component id="oc-100">
         <name>.debug_info</name>
         <load_address>0x3b653</load_address>
         <run_address>0x3b653</run_address>
         <size>0xa9</size>
         <input_file_ref idref="fl-34"/>
      </object_component>
      <object_component id="oc-104">
         <name>.debug_info</name>
         <load_address>0x3b6fc</load_address>
         <run_address>0x3b6fc</run_address>
         <size>0xac</size>
         <input_file_ref idref="fl-35"/>
      </object_component>
      <object_component id="oc-108">
         <name>.debug_info</name>
         <load_address>0x3b7a8</load_address>
         <run_address>0x3b7a8</run_address>
         <size>0xb5</size>
         <input_file_ref idref="fl-36"/>
      </object_component>
      <object_component id="oc-10c">
         <name>.debug_info</name>
         <load_address>0x3b85d</load_address>
         <run_address>0x3b85d</run_address>
         <size>0xb5</size>
         <input_file_ref idref="fl-37"/>
      </object_component>
      <object_component id="oc-110">
         <name>.debug_info</name>
         <load_address>0x3b912</load_address>
         <run_address>0x3b912</run_address>
         <size>0xb8</size>
         <input_file_ref idref="fl-38"/>
      </object_component>
      <object_component id="oc-114">
         <name>.debug_info</name>
         <load_address>0x3b9ca</load_address>
         <run_address>0x3b9ca</run_address>
         <size>0x137</size>
         <input_file_ref idref="fl-39"/>
      </object_component>
      <object_component id="oc-118">
         <name>.debug_info</name>
         <load_address>0x3bb01</load_address>
         <run_address>0x3bb01</run_address>
         <size>0xa9</size>
         <input_file_ref idref="fl-3a"/>
      </object_component>
      <object_component id="oc-11c">
         <name>.debug_info</name>
         <load_address>0x3bbaa</load_address>
         <run_address>0x3bbaa</run_address>
         <size>0x66c</size>
         <input_file_ref idref="fl-3b"/>
      </object_component>
      <object_component id="oc-120">
         <name>.debug_info</name>
         <load_address>0x3c216</load_address>
         <run_address>0x3c216</run_address>
         <size>0x551</size>
         <input_file_ref idref="fl-3c"/>
      </object_component>
      <object_component id="oc-124">
         <name>.debug_info</name>
         <load_address>0x3c767</load_address>
         <run_address>0x3c767</run_address>
         <size>0xd5</size>
         <input_file_ref idref="fl-3d"/>
      </object_component>
      <object_component id="oc-128">
         <name>.debug_info</name>
         <load_address>0x3c83c</load_address>
         <run_address>0x3c83c</run_address>
         <size>0xa9</size>
         <input_file_ref idref="fl-3e"/>
      </object_component>
      <object_component id="oc-12c">
         <name>.debug_info</name>
         <load_address>0x3c8e5</load_address>
         <run_address>0x3c8e5</run_address>
         <size>0xa9</size>
         <input_file_ref idref="fl-3f"/>
      </object_component>
      <object_component id="oc-130">
         <name>.debug_info</name>
         <load_address>0x3c98e</load_address>
         <run_address>0x3c98e</run_address>
         <size>0xac</size>
         <input_file_ref idref="fl-40"/>
      </object_component>
      <object_component id="oc-134">
         <name>.debug_info</name>
         <load_address>0x3ca3a</load_address>
         <run_address>0x3ca3a</run_address>
         <size>0xac</size>
         <input_file_ref idref="fl-41"/>
      </object_component>
      <object_component id="oc-138">
         <name>.debug_info</name>
         <load_address>0x3cae6</load_address>
         <run_address>0x3cae6</run_address>
         <size>0x56f</size>
         <input_file_ref idref="fl-42"/>
      </object_component>
      <object_component id="oc-13c">
         <name>.debug_info</name>
         <load_address>0x3d055</load_address>
         <run_address>0x3d055</run_address>
         <size>0x583</size>
         <input_file_ref idref="fl-43"/>
      </object_component>
      <object_component id="oc-140">
         <name>.debug_info</name>
         <load_address>0x3d5d8</load_address>
         <run_address>0x3d5d8</run_address>
         <size>0x533</size>
         <input_file_ref idref="fl-44"/>
      </object_component>
      <object_component id="oc-146">
         <name>.debug_info</name>
         <load_address>0x3db0b</load_address>
         <run_address>0x3db0b</run_address>
         <size>0x4e5</size>
         <input_file_ref idref="fl-45"/>
      </object_component>
      <object_component id="oc-149">
         <name>.debug_info</name>
         <load_address>0x3dff0</load_address>
         <run_address>0x3dff0</run_address>
         <size>0x3ce</size>
         <input_file_ref idref="fl-46"/>
      </object_component>
      <object_component id="oc-14e">
         <name>.debug_info</name>
         <load_address>0x3e3be</load_address>
         <run_address>0x3e3be</run_address>
         <size>0x428</size>
         <input_file_ref idref="fl-47"/>
      </object_component>
      <object_component id="oc-152">
         <name>.debug_info</name>
         <load_address>0x3e7e6</load_address>
         <run_address>0x3e7e6</run_address>
         <size>0xb5</size>
         <input_file_ref idref="fl-48"/>
      </object_component>
      <object_component id="oc-156">
         <name>.debug_info</name>
         <load_address>0x3e89b</load_address>
         <run_address>0x3e89b</run_address>
         <size>0xaf</size>
         <input_file_ref idref="fl-49"/>
      </object_component>
      <object_component id="oc-15a">
         <name>.debug_info</name>
         <load_address>0x3e94a</load_address>
         <run_address>0x3e94a</run_address>
         <size>0x43c</size>
         <input_file_ref idref="fl-4a"/>
      </object_component>
      <object_component id="oc-1b3">
         <name>.debug_info</name>
         <load_address>0x3ed86</load_address>
         <run_address>0x3ed86</run_address>
         <size>0x6f</size>
      </object_component>
      <object_component id="oc-31">
         <name>.debug_frame</name>
         <load_address>0x0</load_address>
         <run_address>0x0</run_address>
         <size>0x7c</size>
         <input_file_ref idref="fl-2"/>
      </object_component>
      <object_component id="oc-37">
         <name>.debug_frame</name>
         <load_address>0x7c</load_address>
         <run_address>0x7c</run_address>
         <size>0xd3</size>
         <input_file_ref idref="fl-3"/>
      </object_component>
      <object_component id="oc-3c">
         <name>.debug_frame</name>
         <load_address>0x14f</load_address>
         <run_address>0x14f</run_address>
         <size>0xe0</size>
         <input_file_ref idref="fl-4"/>
      </object_component>
      <object_component id="oc-41">
         <name>.debug_frame</name>
         <load_address>0x22f</load_address>
         <run_address>0x22f</run_address>
         <size>0x64</size>
         <input_file_ref idref="fl-5"/>
      </object_component>
      <object_component id="oc-46">
         <name>.debug_frame</name>
         <load_address>0x293</load_address>
         <run_address>0x293</run_address>
         <size>0x694</size>
         <input_file_ref idref="fl-6"/>
      </object_component>
      <object_component id="oc-64">
         <name>.debug_frame</name>
         <load_address>0x927</load_address>
         <run_address>0x927</run_address>
         <size>0x94</size>
         <input_file_ref idref="fl-8"/>
      </object_component>
      <object_component id="oc-69">
         <name>.debug_frame</name>
         <load_address>0x9bb</load_address>
         <run_address>0x9bb</run_address>
         <size>0x82</size>
         <input_file_ref idref="fl-9"/>
      </object_component>
      <object_component id="oc-6d">
         <name>.debug_frame</name>
         <load_address>0xa3d</load_address>
         <run_address>0xa3d</run_address>
         <size>0x119</size>
         <input_file_ref idref="fl-a"/>
      </object_component>
      <object_component id="oc-71">
         <name>.debug_frame</name>
         <load_address>0xb56</load_address>
         <run_address>0xb56</run_address>
         <size>0x97</size>
         <input_file_ref idref="fl-b"/>
      </object_component>
      <object_component id="oc-75">
         <name>.debug_frame</name>
         <load_address>0xbed</load_address>
         <run_address>0xbed</run_address>
         <size>0x125</size>
         <input_file_ref idref="fl-c"/>
      </object_component>
      <object_component id="oc-79">
         <name>.debug_frame</name>
         <load_address>0xd12</load_address>
         <run_address>0xd12</run_address>
         <size>0x11b</size>
         <input_file_ref idref="fl-d"/>
      </object_component>
      <object_component id="oc-80">
         <name>.debug_frame</name>
         <load_address>0xe2d</load_address>
         <run_address>0xe2d</run_address>
         <size>0x267</size>
         <input_file_ref idref="fl-e"/>
      </object_component>
      <object_component id="oc-8b">
         <name>.debug_frame</name>
         <load_address>0x1094</load_address>
         <run_address>0x1094</run_address>
         <size>0x84</size>
         <input_file_ref idref="fl-10"/>
      </object_component>
      <object_component id="oc-91">
         <name>.debug_frame</name>
         <load_address>0x1118</load_address>
         <run_address>0x1118</run_address>
         <size>0x84</size>
         <input_file_ref idref="fl-11"/>
      </object_component>
      <object_component id="oc-97">
         <name>.debug_frame</name>
         <load_address>0x119c</load_address>
         <run_address>0x119c</run_address>
         <size>0x84</size>
         <input_file_ref idref="fl-12"/>
      </object_component>
      <object_component id="oc-9d">
         <name>.debug_frame</name>
         <load_address>0x1220</load_address>
         <run_address>0x1220</run_address>
         <size>0x84</size>
         <input_file_ref idref="fl-13"/>
      </object_component>
      <object_component id="oc-a3">
         <name>.debug_frame</name>
         <load_address>0x12a4</load_address>
         <run_address>0x12a4</run_address>
         <size>0x84</size>
         <input_file_ref idref="fl-14"/>
      </object_component>
      <object_component id="oc-a8">
         <name>.debug_frame</name>
         <load_address>0x1328</load_address>
         <run_address>0x1328</run_address>
         <size>0xc1</size>
         <input_file_ref idref="fl-15"/>
      </object_component>
      <object_component id="oc-ac">
         <name>.debug_frame</name>
         <load_address>0x13e9</load_address>
         <run_address>0x13e9</run_address>
         <size>0xbf</size>
         <input_file_ref idref="fl-16"/>
      </object_component>
      <object_component id="oc-b3">
         <name>.debug_frame</name>
         <load_address>0x14a8</load_address>
         <run_address>0x14a8</run_address>
         <size>0x1e2</size>
         <input_file_ref idref="fl-17"/>
      </object_component>
      <object_component id="oc-b7">
         <name>.debug_frame</name>
         <load_address>0x168a</load_address>
         <run_address>0x168a</run_address>
         <size>0x84</size>
         <input_file_ref idref="fl-18"/>
      </object_component>
      <object_component id="oc-bb">
         <name>.debug_frame</name>
         <load_address>0x170e</load_address>
         <run_address>0x170e</run_address>
         <size>0x83</size>
         <input_file_ref idref="fl-19"/>
      </object_component>
      <object_component id="oc-bf">
         <name>.debug_frame</name>
         <load_address>0x1791</load_address>
         <run_address>0x1791</run_address>
         <size>0x1aa</size>
         <input_file_ref idref="fl-1a"/>
      </object_component>
      <object_component id="oc-c3">
         <name>.debug_frame</name>
         <load_address>0x193b</load_address>
         <run_address>0x193b</run_address>
         <size>0x109</size>
         <input_file_ref idref="fl-1b"/>
      </object_component>
      <object_component id="oc-c9">
         <name>.debug_frame</name>
         <load_address>0x1a44</load_address>
         <run_address>0x1a44</run_address>
         <size>0x112</size>
         <input_file_ref idref="fl-1c"/>
      </object_component>
      <object_component id="oc-32">
         <name>.debug_line</name>
         <load_address>0x0</load_address>
         <run_address>0x0</run_address>
         <size>0x4b</size>
         <input_file_ref idref="fl-2"/>
      </object_component>
      <object_component id="oc-38">
         <name>.debug_line</name>
         <load_address>0x4b</load_address>
         <run_address>0x4b</run_address>
         <size>0x145</size>
         <input_file_ref idref="fl-3"/>
      </object_component>
      <object_component id="oc-3d">
         <name>.debug_line</name>
         <load_address>0x190</load_address>
         <run_address>0x190</run_address>
         <size>0xda</size>
         <input_file_ref idref="fl-4"/>
      </object_component>
      <object_component id="oc-42">
         <name>.debug_line</name>
         <load_address>0x26a</load_address>
         <run_address>0x26a</run_address>
         <size>0x3b</size>
         <input_file_ref idref="fl-5"/>
      </object_component>
      <object_component id="oc-47">
         <name>.debug_line</name>
         <load_address>0x2a5</load_address>
         <run_address>0x2a5</run_address>
         <size>0x61b</size>
         <input_file_ref idref="fl-6"/>
      </object_component>
      <object_component id="oc-65">
         <name>.debug_line</name>
         <load_address>0x8c0</load_address>
         <run_address>0x8c0</run_address>
         <size>0x89</size>
         <input_file_ref idref="fl-8"/>
      </object_component>
      <object_component id="oc-6a">
         <name>.debug_line</name>
         <load_address>0x949</load_address>
         <run_address>0x949</run_address>
         <size>0x6b</size>
         <input_file_ref idref="fl-9"/>
      </object_component>
      <object_component id="oc-6e">
         <name>.debug_line</name>
         <load_address>0x9b4</load_address>
         <run_address>0x9b4</run_address>
         <size>0x15d</size>
         <input_file_ref idref="fl-a"/>
      </object_component>
      <object_component id="oc-72">
         <name>.debug_line</name>
         <load_address>0xb11</load_address>
         <run_address>0xb11</run_address>
         <size>0x14b</size>
         <input_file_ref idref="fl-b"/>
      </object_component>
      <object_component id="oc-76">
         <name>.debug_line</name>
         <load_address>0xc5c</load_address>
         <run_address>0xc5c</run_address>
         <size>0x3dd</size>
         <input_file_ref idref="fl-c"/>
      </object_component>
      <object_component id="oc-7a">
         <name>.debug_line</name>
         <load_address>0x1039</load_address>
         <run_address>0x1039</run_address>
         <size>0x189</size>
         <input_file_ref idref="fl-d"/>
      </object_component>
      <object_component id="oc-81">
         <name>.debug_line</name>
         <load_address>0x11c2</load_address>
         <run_address>0x11c2</run_address>
         <size>0x6d2</size>
         <input_file_ref idref="fl-e"/>
      </object_component>
      <object_component id="oc-8c">
         <name>.debug_line</name>
         <load_address>0x1894</load_address>
         <run_address>0x1894</run_address>
         <size>0xcc</size>
         <input_file_ref idref="fl-10"/>
      </object_component>
      <object_component id="oc-92">
         <name>.debug_line</name>
         <load_address>0x1960</load_address>
         <run_address>0x1960</run_address>
         <size>0xa4</size>
         <input_file_ref idref="fl-11"/>
      </object_component>
      <object_component id="oc-98">
         <name>.debug_line</name>
         <load_address>0x1a04</load_address>
         <run_address>0x1a04</run_address>
         <size>0xda</size>
         <input_file_ref idref="fl-12"/>
      </object_component>
      <object_component id="oc-9e">
         <name>.debug_line</name>
         <load_address>0x1ade</load_address>
         <run_address>0x1ade</run_address>
         <size>0xaa</size>
         <input_file_ref idref="fl-13"/>
      </object_component>
      <object_component id="oc-a4">
         <name>.debug_line</name>
         <load_address>0x1b88</load_address>
         <run_address>0x1b88</run_address>
         <size>0x112</size>
         <input_file_ref idref="fl-14"/>
      </object_component>
      <object_component id="oc-a9">
         <name>.debug_line</name>
         <load_address>0x1c9a</load_address>
         <run_address>0x1c9a</run_address>
         <size>0x133</size>
         <input_file_ref idref="fl-15"/>
      </object_component>
      <object_component id="oc-ad">
         <name>.debug_line</name>
         <load_address>0x1dcd</load_address>
         <run_address>0x1dcd</run_address>
         <size>0x98</size>
         <input_file_ref idref="fl-16"/>
      </object_component>
      <object_component id="oc-b4">
         <name>.debug_line</name>
         <load_address>0x1e65</load_address>
         <run_address>0x1e65</run_address>
         <size>0x219</size>
         <input_file_ref idref="fl-17"/>
      </object_component>
      <object_component id="oc-b8">
         <name>.debug_line</name>
         <load_address>0x207e</load_address>
         <run_address>0x207e</run_address>
         <size>0xb8</size>
         <input_file_ref idref="fl-18"/>
      </object_component>
      <object_component id="oc-bc">
         <name>.debug_line</name>
         <load_address>0x2136</load_address>
         <run_address>0x2136</run_address>
         <size>0xa6</size>
         <input_file_ref idref="fl-19"/>
      </object_component>
      <object_component id="oc-c0">
         <name>.debug_line</name>
         <load_address>0x21dc</load_address>
         <run_address>0x21dc</run_address>
         <size>0x22e</size>
         <input_file_ref idref="fl-1a"/>
      </object_component>
      <object_component id="oc-c4">
         <name>.debug_line</name>
         <load_address>0x240a</load_address>
         <run_address>0x240a</run_address>
         <size>0x1f1</size>
         <input_file_ref idref="fl-1b"/>
      </object_component>
      <object_component id="oc-ca">
         <name>.debug_line</name>
         <load_address>0x25fb</load_address>
         <run_address>0x25fb</run_address>
         <size>0x4c6</size>
         <input_file_ref idref="fl-1c"/>
      </object_component>
      <object_component id="oc-cf">
         <name>.debug_line</name>
         <load_address>0x2ac1</load_address>
         <run_address>0x2ac1</run_address>
         <size>0x68</size>
         <input_file_ref idref="fl-1d"/>
      </object_component>
      <object_component id="oc-d3">
         <name>.debug_line</name>
         <load_address>0x2b29</load_address>
         <run_address>0x2b29</run_address>
         <size>0x4f</size>
         <input_file_ref idref="fl-1e"/>
      </object_component>
      <object_component id="oc-df">
         <name>.debug_line</name>
         <load_address>0x2b78</load_address>
         <run_address>0x2b78</run_address>
         <size>0x6d</size>
         <input_file_ref idref="fl-2c"/>
      </object_component>
      <object_component id="oc-e5">
         <name>.debug_line</name>
         <load_address>0x2be5</load_address>
         <run_address>0x2be5</run_address>
         <size>0x4e</size>
         <input_file_ref idref="fl-2d"/>
      </object_component>
      <object_component id="oc-e9">
         <name>.debug_line</name>
         <load_address>0x2c33</load_address>
         <run_address>0x2c33</run_address>
         <size>0x9f</size>
         <input_file_ref idref="fl-2e"/>
      </object_component>
      <object_component id="oc-ed">
         <name>.debug_line</name>
         <load_address>0x2cd2</load_address>
         <run_address>0x2cd2</run_address>
         <size>0x52</size>
         <input_file_ref idref="fl-2f"/>
      </object_component>
      <object_component id="oc-f1">
         <name>.debug_line</name>
         <load_address>0x2d24</load_address>
         <run_address>0x2d24</run_address>
         <size>0xa6</size>
         <input_file_ref idref="fl-30"/>
      </object_component>
      <object_component id="oc-f5">
         <name>.debug_line</name>
         <load_address>0x2dca</load_address>
         <run_address>0x2dca</run_address>
         <size>0x4f</size>
         <input_file_ref idref="fl-31"/>
      </object_component>
      <object_component id="oc-f9">
         <name>.debug_line</name>
         <load_address>0x2e19</load_address>
         <run_address>0x2e19</run_address>
         <size>0xa8</size>
         <input_file_ref idref="fl-32"/>
      </object_component>
      <object_component id="oc-fd">
         <name>.debug_line</name>
         <load_address>0x2ec1</load_address>
         <run_address>0x2ec1</run_address>
         <size>0x8a</size>
         <input_file_ref idref="fl-33"/>
      </object_component>
      <object_component id="oc-101">
         <name>.debug_line</name>
         <load_address>0x2f4b</load_address>
         <run_address>0x2f4b</run_address>
         <size>0x3e</size>
         <input_file_ref idref="fl-34"/>
      </object_component>
      <object_component id="oc-105">
         <name>.debug_line</name>
         <load_address>0x2f89</load_address>
         <run_address>0x2f89</run_address>
         <size>0x53</size>
         <input_file_ref idref="fl-35"/>
      </object_component>
      <object_component id="oc-109">
         <name>.debug_line</name>
         <load_address>0x2fdc</load_address>
         <run_address>0x2fdc</run_address>
         <size>0x5d</size>
         <input_file_ref idref="fl-36"/>
      </object_component>
      <object_component id="oc-10d">
         <name>.debug_line</name>
         <load_address>0x3039</load_address>
         <run_address>0x3039</run_address>
         <size>0x53</size>
         <input_file_ref idref="fl-37"/>
      </object_component>
      <object_component id="oc-111">
         <name>.debug_line</name>
         <load_address>0x308c</load_address>
         <run_address>0x308c</run_address>
         <size>0x56</size>
         <input_file_ref idref="fl-38"/>
      </object_component>
      <object_component id="oc-115">
         <name>.debug_line</name>
         <load_address>0x30e2</load_address>
         <run_address>0x30e2</run_address>
         <size>0x88</size>
         <input_file_ref idref="fl-39"/>
      </object_component>
      <object_component id="oc-119">
         <name>.debug_line</name>
         <load_address>0x316a</load_address>
         <run_address>0x316a</run_address>
         <size>0x50</size>
         <input_file_ref idref="fl-3a"/>
      </object_component>
      <object_component id="oc-11d">
         <name>.debug_line</name>
         <load_address>0x31ba</load_address>
         <run_address>0x31ba</run_address>
         <size>0x46</size>
         <input_file_ref idref="fl-3b"/>
      </object_component>
      <object_component id="oc-121">
         <name>.debug_line</name>
         <load_address>0x3200</load_address>
         <run_address>0x3200</run_address>
         <size>0x43</size>
         <input_file_ref idref="fl-3c"/>
      </object_component>
      <object_component id="oc-125">
         <name>.debug_line</name>
         <load_address>0x3243</load_address>
         <run_address>0x3243</run_address>
         <size>0x4c</size>
         <input_file_ref idref="fl-3d"/>
      </object_component>
      <object_component id="oc-129">
         <name>.debug_line</name>
         <load_address>0x328f</load_address>
         <run_address>0x328f</run_address>
         <size>0x4c</size>
         <input_file_ref idref="fl-3e"/>
      </object_component>
      <object_component id="oc-12d">
         <name>.debug_line</name>
         <load_address>0x32db</load_address>
         <run_address>0x32db</run_address>
         <size>0x46</size>
         <input_file_ref idref="fl-3f"/>
      </object_component>
      <object_component id="oc-131">
         <name>.debug_line</name>
         <load_address>0x3321</load_address>
         <run_address>0x3321</run_address>
         <size>0x4c</size>
         <input_file_ref idref="fl-40"/>
      </object_component>
      <object_component id="oc-135">
         <name>.debug_line</name>
         <load_address>0x336d</load_address>
         <run_address>0x336d</run_address>
         <size>0x4c</size>
         <input_file_ref idref="fl-41"/>
      </object_component>
      <object_component id="oc-139">
         <name>.debug_line</name>
         <load_address>0x33b9</load_address>
         <run_address>0x33b9</run_address>
         <size>0x37</size>
         <input_file_ref idref="fl-42"/>
      </object_component>
      <object_component id="oc-13d">
         <name>.debug_line</name>
         <load_address>0x33f0</load_address>
         <run_address>0x33f0</run_address>
         <size>0x37</size>
         <input_file_ref idref="fl-43"/>
      </object_component>
      <object_component id="oc-143">
         <name>.debug_line</name>
         <load_address>0x3427</load_address>
         <run_address>0x3427</run_address>
[...]
      </symbol>
      <symbol id="sm-4fc">
         <name>_EmptyDeal</name>
         <value>0x3db6bc</value>
         <object_component_ref idref="oc-160"/>
      </symbol>
      <symbol id="sm-4fd">
         <name>_K1K2DisDeal</name>
         <value>0x3db775</value>
         <object_component_ref idref="oc-160"/>
      </symbol>
      <symbol id="sm-4fe">
         <name>_K1K2EnDeal</name>
         <value>0x3db760</value>
         <object_component_ref idref="oc-160"/>
      </symbol>
      <symbol id="sm-4ff">
         <name>_InquireDeal</name>
         <value>0x3db6bd</value>
         <object_component_ref idref="oc-160"/>
      </symbol>
      <symbol id="sm-500">
         <name>_TestDeal</name>
         <value>0x3db7bb</value>
         <object_component_ref idref="oc-160"/>
      </symbol>
      <symbol id="sm-501">
         <name>_ModeConfirmDeal</name>
         <value>0x3db751</value>
         <object_component_ref idref="oc-160"/>
      </symbol>
      <symbol id="sm-502">
         <name>_CheckSumCal</name>
         <value>0x3db6a9</value>
         <object_component_ref idref="oc-160"/>
      </symbol>
      <symbol id="sm-532">
         <name>_TestStateCtl</name>
         <value>0x3f944d</value>
         <object_component_ref idref="oc-15f"/>
      </symbol>
      <symbol id="sm-533">
         <name>_CasDctStateCtl</name>
         <value>0x3f9398</value>
         <object_component_ref idref="oc-15f"/>
      </symbol>
      <symbol id="sm-534">
         <name>_ScaleStateCtl</name>
         <value>0x3f9506</value>
         <object_component_ref idref="oc-15f"/>
      </symbol>
      <symbol id="sm-535">
         <name>_OperaStateCtl</name>
         <value>0x3f93ab</value>
         <object_component_ref idref="oc-15f"/>
      </symbol>
      <symbol id="sm-536">
         <name>_AcqFinStateCtl</name>
         <value>0x3f957d</value>
         <object_component_ref idref="oc-15f"/>
      </symbol>
      <symbol id="sm-537">
         <name>_IdleStateCtl</name>
         <value>0x3f9388</value>
         <object_component_ref idref="oc-15f"/>
      </symbol>
      <symbol id="sm-5f3">
         <name>_RecUpTableCommand</name>
         <value>0x3dadbb</value>
         <object_component_ref idref="oc-162"/>
      </symbol>
      <symbol id="sm-5f4">
         <name>_RecParameterCnt</name>
         <value>0x901c</value>
         <object_component_ref idref="oc-c8"/>
      </symbol>
      <symbol id="sm-5f5">
         <name>_ParamTableLen</name>
         <value>0x901e</value>
         <object_component_ref idref="oc-c8"/>
      </symbol>
      <symbol id="sm-5f6">
         <name>_RecParameterCommand</name>
         <value>0x3f9676</value>
         <object_component_ref idref="oc-161"/>
      </symbol>
      <symbol id="sm-5f7">
         <name>_tempSaveTablePt</name>
         <value>0x9022</value>
         <object_component_ref idref="oc-c8"/>
      </symbol>
      <symbol id="sm-5f8">
         <name>_CheckReadTable</name>
         <value>0x3da79d</value>
         <object_component_ref idref="oc-162"/>
      </symbol>
      <symbol id="sm-5f9">
         <name>_DownloadTableCnt</name>
         <value>0x9020</value>
         <object_component_ref idref="oc-c8"/>
      </symbol>
      <symbol id="sm-5fa">
         <name>_RecDownTableCommand</name>
         <value>0x3f95a8</value>
         <object_component_ref idref="oc-161"/>
      </symbol>
      <symbol id="sm-5fb">
         <name>_RecSendTableCnt</name>
         <value>0x901f</value>
         <object_component_ref idref="oc-c8"/>
      </symbol>
      <symbol id="sm-5fc">
         <name>_RecSingleOrderCnt</name>
         <value>0x901d</value>
         <object_component_ref idref="oc-c8"/>
      </symbol>
      <symbol id="sm-5fd">
         <name>_RecSingleOrderCommand</name>
         <value>0x3f9707</value>
         <object_component_ref idref="oc-161"/>
      </symbol>
      <symbol id="sm-5fe">
         <name>_CheckWorkMode</name>
         <value>0x3da78f</value>
         <object_component_ref idref="oc-162"/>
      </symbol>
      <symbol id="sm-611">
         <name>_DSP28x_usDelay</name>
         <value>0x40</value>
         <object_component_ref idref="oc-d1"/>
      </symbol>
      <symbol id="sm-61b">
         <name>__IQ10atan2</name>
         <value>0x3dcb58</value>
         <object_component_ref idref="oc-d5"/>
      </symbol>
      <symbol id="sm-626">
         <name>__IQ10div</name>
         <value>0x3dcc37</value>
         <object_component_ref idref="oc-d6"/>
      </symbol>
      <symbol id="sm-630">
         <name>__IQ10int</name>
         <value>0x3dcd07</value>
         <object_component_ref idref="oc-d7"/>
      </symbol>
      <symbol id="sm-63a">
         <name>__IQ10mag</name>
         <value>0x3dcbd7</value>
         <object_component_ref idref="oc-d8"/>
      </symbol>
      <symbol id="sm-644">
         <name>__IQ10sqrt</name>
         <value>0x3dccc5</value>
         <object_component_ref idref="oc-d9"/>
      </symbol>
      <symbol id="sm-64f">
         <name>__IQ3div</name>
         <value>0x3dcc7e</value>
         <object_component_ref idref="oc-da"/>
      </symbol>
      <symbol id="sm-653">
         <name>_IQ16mpyRndSatTable</name>
         <value>0x3ffa90</value>
         <object_component_ref idref="oc-db"/>
      </symbol>
      <symbol id="sm-654">
         <name>_IQ24mpyRndSatTable</name>
         <value>0x3ffa30</value>
         <object_component_ref idref="oc-db"/>
      </symbol>
      <symbol id="sm-655">
         <name>_IQ13mpyRndSatTable</name>
         <value>0x3ffab4</value>
         <object_component_ref idref="oc-db"/>
      </symbol>
      <symbol id="sm-656">
         <name>_IQ21mpyRndSatTable</name>
         <value>0x3ffa54</value>
         <object_component_ref idref="oc-db"/>
      </symbol>
      <symbol id="sm-657">
         <name>_IQ10mpyRndSatTable</name>
         <value>0x3ffad8</value>
         <object_component_ref idref="oc-db"/>
      </symbol>
      <symbol id="sm-658">
         <name>_IQdivTable</name>
         <value>0x3ff510</value>
         <object_component_ref idref="oc-db"/>
      </symbol>
      <symbol id="sm-659">
         <name>_IQ9mpyRndSatTable</name>
         <value>0x3ffae4</value>
         <object_component_ref idref="oc-db"/>
      </symbol>
      <symbol id="sm-65a">
         <name>_IQ6mpyRndSatTable</name>
         <value>0x3ffb08</value>
         <object_component_ref idref="oc-db"/>
      </symbol>
      <symbol id="sm-65b">
         <name>_IQatan2TableEnd</name>
         <value>0x3ff9e8</value>
         <object_component_ref idref="oc-db"/>
      </symbol>
      <symbol id="sm-65c">
         <name>_IQdivTableEnd</name>
         <value>0x3ff712</value>
         <object_component_ref idref="oc-db"/>
      </symbol>
      <symbol id="sm-65d">
         <name>_IQ29mpyRndSatTable</name>
         <value>0x3ff9f4</value>
         <object_component_ref idref="oc-db"/>
      </symbol>
      <symbol id="sm-65e">
         <name>_IQ3mpyRndSatTable</name>
         <value>0x3ffb2c</value>
         <object_component_ref idref="oc-db"/>
      </symbol>
      <symbol id="sm-65f">
         <name>_IQ18mpyRndSatTable</name>
         <value>0x3ffa78</value>
         <object_component_ref idref="oc-db"/>
      </symbol>
      <symbol id="sm-660">
         <name>_IQ26mpyRndSatTable</name>
         <value>0x3ffa18</value>
         <object_component_ref idref="oc-db"/>
      </symbol>
      <symbol id="sm-661">
         <name>_IQcosTableEnd</name>
         <value>0x3ff502</value>
         <object_component_ref idref="oc-db"/>
      </symbol>
      <symbol id="sm-662">
         <name>_IQsinTableEnd</name>
         <value>0x3ff400</value>
         <object_component_ref idref="oc-db"/>
      </symbol>
      <symbol id="sm-663">
         <name>_IQ15mpyRndSatTable</name>
         <value>0x3ffa9c</value>
         <object_component_ref idref="oc-db"/>
      </symbol>
      <symbol id="sm-664">
         <name>_IQ23mpyRndSatTable</name>
         <value>0x3ffa3c</value>
         <object_component_ref idref="oc-db"/>
      </symbol>
      <symbol id="sm-665">
         <name>_IQ12mpyRndSatTable</name>
         <value>0x3ffac0</value>
         <object_component_ref idref="oc-db"/>
      </symbol>
      <symbol id="sm-666">
         <name>_IQ20mpyRndSatTable</name>
         <value>0x3ffa60</value>
         <object_component_ref idref="oc-db"/>
      </symbol>
      <symbol id="sm-667">
         <name>_IQisqrtTableEnd</name>
         <value>0x3ff824</value>
         <object_component_ref idref="oc-db"/>
      </symbol>
      <symbol id="sm-668">
         <name>_IQ8mpyRndSatTable</name>
         <value>0x3ffaf0</value>
         <object_component_ref idref="oc-db"/>
      </symbol>
      <symbol id="sm-669">
         <name>_IQisqrtRoundSatTable</name>
         <value>0x3ff712</value>
         <object_component_ref idref="oc-db"/>
      </symbol>
      <symbol id="sm-66a">
         <name>_IQ5mpyRndSatTable</name>
         <value>0x3ffb14</value>
         <object_component_ref idref="oc-db"/>
      </symbol>
      <symbol id="sm-66b">
         <name>_IQmpyRndSatTable</name>
         <value>0x3ff9e8</value>
         <object_component_ref idref="oc-db"/>
      </symbol>
      <symbol id="sm-66c">
         <name>_IQ28mpyRndSatTable</name>
         <value>0x3ffa00</value>
         <object_component_ref idref="oc-db"/>
      </symbol>
      <symbol id="sm-66d">
         <name>_IQatan2Table</name>
         <value>0x3ff862</value>
         <object_component_ref idref="oc-db"/>
      </symbol>
      <symbol id="sm-66e">
         <name>_IQ2mpyRndSatTable</name>
         <value>0x3ffb38</value>
         <object_component_ref idref="oc-db"/>
      </symbol>
      <symbol id="sm-66f">
         <name>_IQatan2HalfPITable</name>
         <value>0x3ff824</value>
         <object_component_ref idref="oc-db"/>
      </symbol>
      <symbol id="sm-670">
         <name>_IQ17mpyRndSatTable</name>
         <value>0x3ffa84</value>
         <object_component_ref idref="oc-db"/>
      </symbol>
      <symbol id="sm-671">
         <name>_IQ25mpyRndSatTable</name>
         <value>0x3ffa24</value>
         <object_component_ref idref="oc-db"/>
      </symbol>
      <symbol id="sm-672">
         <name>_IQsqrtTable</name>
         <value>0x3ff722</value>
         <object_component_ref idref="oc-db"/>
      </symbol>
      <symbol id="sm-673">
         <name>_IQsqrtTableEnd</name>
         <value>0x3ff824</value>
         <object_component_ref idref="oc-db"/>
      </symbol>
      <symbol id="sm-674">
         <name>_IQ14mpyRndSatTable</name>
         <value>0x3ffaa8</value>
         <object_component_ref idref="oc-db"/>
      </symbol>
      <symbol id="sm-675">
         <name>_IQ22mpyRndSatTable</name>
         <value>0x3ffa48</value>
         <object_component_ref idref="oc-db"/>
      </symbol>
      <symbol id="sm-676">
         <name>_IQ30mpyRndSatTable</name>
         <value>0x3ff9e8</value>
         <object_component_ref idref="oc-db"/>
      </symbol>
      <symbol id="sm-677">
         <name>_IQsqrtRoundSatTable</name>
         <value>0x3ff712</value>
         <object_component_ref idref="oc-db"/>
      </symbol>
      <symbol id="sm-678">
         <name>_IQ11mpyRndSatTable</name>
         <value>0x3ffacc</value>
         <object_component_ref idref="oc-db"/>
      </symbol>
      <symbol id="sm-679">
         <name>_IQdivRoundSatTable</name>
         <value>0x3ff502</value>
         <object_component_ref idref="oc-db"/>
      </symbol>
      <symbol id="sm-67a">
         <name>_IQ7mpyRndSatTable</name>
         <value>0x3ffafc</value>
         <object_component_ref idref="oc-db"/>
      </symbol>
      <symbol id="sm-67b">
         <name>_IQcosTable</name>
         <value>0x3ff100</value>
         <object_component_ref idref="oc-db"/>
      </symbol>
      <symbol id="sm-67c">
         <name>_IQisqrtTable</name>
         <value>0x3ff722</value>
         <object_component_ref idref="oc-db"/>
      </symbol>
      <symbol id="sm-67d">
         <name>_IQ4mpyRndSatTable</name>
         <value>0x3ffb20</value>
         <object_component_ref idref="oc-db"/>
      </symbol>
      <symbol id="sm-67e">
         <name>_IQ19mpyRndSatTable</name>
         <value>0x3ffa6c</value>
         <object_component_ref idref="oc-db"/>
      </symbol>
      <symbol id="sm-67f">
         <name>_IQ27mpyRndSatTable</name>
         <value>0x3ffa0c</value>
         <object_component_ref idref="oc-db"/>
      </symbol>
      <symbol id="sm-680">
         <name>_IQmpyRndSatTableEnd</name>
         <value>0x3ffb50</value>
         <object_component_ref idref="oc-db"/>
      </symbol>
      <symbol id="sm-681">
         <name>_IQ1mpyRndSatTable</name>
         <value>0x3ffb44</value>
         <object_component_ref idref="oc-db"/>
      </symbol>
      <symbol id="sm-682">
         <name>_IQsinTable</name>
         <value>0x3ff000</value>
         <object_component_ref idref="oc-db"/>
      </symbol>
      <symbol id="sm-68e">
         <name>__stack</name>
         <value>0x400</value>
         <object_component_ref idref="oc-dc"/>
      </symbol>
      <symbol id="sm-68f">
         <name>_c_int00</name>
         <value>0x3dc80d</value>
         <object_component_ref idref="oc-2f"/>
      </symbol>
      <symbol id="sm-69d">
         <name>__dtors_ptr</name>
         <value>0x9034</value>
         <object_component_ref idref="oc-e4"/>
      </symbol>
      <symbol id="sm-69e">
         <name>C$$EXIT</name>
         <value>0x3dca90</value>
         <object_component_ref idref="oc-e1"/>
      </symbol>
      <symbol id="sm-69f">
         <name>_abort</name>
         <value>0x3dca90</value>
         <object_component_ref idref="oc-e1"/>
      </symbol>
      <symbol id="sm-6a0">
         <name>_exit</name>
         <value>0x3dca92</value>
         <object_component_ref idref="oc-e1"/>
      </symbol>
      <symbol id="sm-6a1">
         <name>__cleanup_ptr</name>
         <value>0x9032</value>
         <object_component_ref idref="oc-e4"/>
      </symbol>
      <symbol id="sm-6a9">
         <name>FD$$MPY</name>
         <value>0x3dc563</value>
         <object_component_ref idref="oc-e7"/>
      </symbol>
      <symbol id="sm-6b1">
         <name>FD$$TOL</name>
         <value>0x3dc9ea</value>
         <object_component_ref idref="oc-eb"/>
      </symbol>
      <symbol id="sm-6b9">
         <name>FS$$SUB</name>
         <value>0x3dc6eb</value>
         <object_component_ref idref="oc-ef"/>
      </symbol>
      <symbol id="sm-6ba">
         <name>FS$$ADD</name>
         <value>0x3dc6f0</value>
         <object_component_ref idref="oc-ef"/>
      </symbol>
      <symbol id="sm-6c2">
         <name>FS$$CMP</name>
         <value>0x3dcaa8</value>
         <object_component_ref idref="oc-f3"/>
      </symbol>
      <symbol id="sm-6ca">
         <name>FS$$DIV</name>
         <value>0x3dc5e6</value>
         <object_component_ref idref="oc-f7"/>
      </symbol>
      <symbol id="sm-6d2">
         <name>FS$$MPY</name>
         <value>0x3dc763</value>
         <object_component_ref idref="oc-fb"/>
      </symbol>
      <symbol id="sm-6da">
         <name>FS$$NEG</name>
         <value>0x3dcb53</value>
         <object_component_ref idref="oc-ff"/>
      </symbol>
      <symbol id="sm-6e2">
         <name>FS$$TOFD</name>
         <value>0x3dca26</value>
         <object_component_ref idref="oc-103"/>
      </symbol>
      <symbol id="sm-6ea">
         <name>FS$$TOL</name>
         <value>0x3dc8ed</value>
         <object_component_ref idref="oc-107"/>
      </symbol>
      <symbol id="sm-6f2">
         <name>FS$$TOU</name>
         <value>0x3dca09</value>
         <object_component_ref idref="oc-10b"/>
      </symbol>
      <symbol id="sm-6fa">
         <name>FS$$TOUL</name>
         <value>0x3dc988</value>
         <object_component_ref idref="oc-10f"/>
      </symbol>
      <symbol id="sm-702">
         <name>L$$DIV</name>
         <value>0x3dc8c3</value>
         <object_component_ref idref="oc-113"/>
      </symbol>
      <symbol id="sm-703">
         <name>UL$$MOD</name>
         <value>0x3dc8e7</value>
         <object_component_ref idref="oc-113"/>
      </symbol>
      <symbol id="sm-704">
         <name>UL$$DIV</name>
         <value>0x3dc8e0</value>
         <object_component_ref idref="oc-113"/>
      </symbol>
      <symbol id="sm-705">
         <name>L$$MOD</name>
         <value>0x3dc8d2</value>
         <object_component_ref idref="oc-113"/>
      </symbol>
      <symbol id="sm-70d">
         <name>L$$TOFD</name>
         <value>0x3dca42</value>
         <object_component_ref idref="oc-117"/>
      </symbol>
      <symbol id="sm-717">
         <name>___memcpy_ff</name>
         <value>0x3dc9a9</value>
         <object_component_ref idref="oc-11b"/>
      </symbol>
      <symbol id="sm-721">
         <name>_sqrt</name>
         <value>0x3dc7bd</value>
         <object_component_ref idref="oc-11f"/>
      </symbol>
      <symbol id="sm-729">
         <name>U$$MOD</name>
         <value>0x3dcb3c</value>
         <object_component_ref idref="oc-123"/>
      </symbol>
      <symbol id="sm-72a">
         <name>U$$DIV</name>
         <value>0x3dcb37</value>
         <object_component_ref idref="oc-123"/>
      </symbol>
      <symbol id="sm-732">
         <name>U$$TOFD</name>
         <value>0x3dcabf</value>
         <object_component_ref idref="oc-127"/>
      </symbol>
      <symbol id="sm-73a">
         <name>U$$TOFS</name>
         <value>0x3dcb27</value>
         <object_component_ref idref="oc-12b"/>
      </symbol>
      <symbol id="sm-742">
         <name>UL$$TOFD</name>
         <value>0x3dcad6</value>
         <object_component_ref idref="oc-12f"/>
      </symbol>
      <symbol id="sm-74a">
         <name>UL$$TOFS</name>
         <value>0x3dcb14</value>
         <object_component_ref idref="oc-133"/>
      </symbol>
      <symbol id="sm-754">
         <name>_exp</name>
         <value>0x3dc3a9</value>
         <object_component_ref idref="oc-137"/>
      </symbol>
      <symbol id="sm-75e">
         <name>_log</name>
         <value>0x3dc2fe</value>
         <object_component_ref idref="oc-13b"/>
      </symbol>
      <symbol id="sm-76c">
         <name>__lock</name>
         <value>0x9030</value>
         <object_component_ref idref="oc-142"/>
      </symbol>
      <symbol id="sm-76d">
         <name>__register_unlock</name>
         <value>0x3dcb42</value>
         <object_component_ref idref="oc-13f"/>
      </symbol>
      <symbol id="sm-76e">
         <name>__nop</name>
         <value>0x3dcb4a</value>
         <object_component_ref idref="oc-13f"/>
      </symbol>
      <symbol id="sm-76f">
         <name>__register_lock</name>
         <value>0x3dcb46</value>
         <object_component_ref idref="oc-13f"/>
      </symbol>
      <symbol id="sm-770">
         <name>__unlock</name>
         <value>0x902e</value>
         <object_component_ref idref="oc-142"/>
      </symbol>
      <symbol id="sm-77a">
         <name>__args_main</name>
         <value>0x3dcaec</value>
         <object_component_ref idref="oc-145"/>
      </symbol>
      <symbol id="sm-784">
         <name>_errno</name>
         <value>0x903d</value>
         <object_component_ref idref="oc-14b"/>
      </symbol>
      <symbol id="sm-78e">
         <name>_frexp</name>
         <value>0x3dcb01</value>
         <object_component_ref idref="oc-14d"/>
      </symbol>
      <symbol id="sm-796">
         <name>FS$$TOI</name>
         <value>0x3dc963</value>
         <object_component_ref idref="oc-151"/>
      </symbol>
      <symbol id="sm-79e">
         <name>I$$TOFS</name>
         <value>0x3dca5e</value>
         <object_component_ref idref="oc-155"/>
      </symbol>
      <symbol id="sm-7a8">
         <name>_ldexp</name>
         <value>0x3dc890</value>
         <object_component_ref idref="oc-159"/>
      </symbol>
   </symbol_table>
   <title>Link successful</title>
</link_info>
