Microsemi Libero Software
Version: 11.9.6.7
Release: v11.9 SP6

Info: The design NMR_TOP_1.adb was last modified by software version 11.9.6.7.
Opened an existing Libero design NMR_TOP_1.adb.
'BA_NAME' set to 'NMR_TOP_ba'
'IDE_DESIGNERVIEW_NAME' set to 'Impl3'
'IDE_DESIGNERVIEW_COUNT' set to '1'
'IDE_DESIGNERVIEW_REV0' set to 'Impl3'
'IDE_DESIGNERVIEW_REVNUM0' set to '3'
'IDE_DESIGNERVIEW_ROOTDIR' set to
'E:\LWD_NMR\Code\20210907respository\LWD_NMR_FPGA\Libero_v11.9\2D_NMR_EC_FPGA_150205\designer'
'IDE_DESIGNERVIEW_LASTREV' set to '3'
Wrote timing report to file: NMR_TOP_maxdelay_timing_report.txt

The Report command succeeded ( 00:00:07 )
Wrote timing report to file: NMR_TOP_mindelay_timing_report.txt

The Report command succeeded ( 00:00:01 )
Wrote timing_violations report to file: NMR_TOP_maxdelay_timingviolations_report.txt

The Report command succeeded ( 00:00:00 )
Wrote timing_violations report to file: NMR_TOP_mindelay_timingviolations_report.txt

The Report command succeeded ( 00:00:00 )
Design saved to file
E:\LWD_NMR\Code\20210907respository\LWD_NMR_FPGA\Libero_v11.9\2D_NMR_EC_FPGA_150205\designer\im\
pl3\NMR_TOP_1.adb.

The Execute Script command succeeded ( 00:00:10 )
Design closed.

