
		#####  BEGIN RETIMING REPORT  #####

Retiming summary : 16 registers retimed to 49

Original and Pipelined registers replaced by retiming :
		scalestate_0.timecount[0]
		scalestate_0.timecount[1]
		scalestate_0.timecount[2]
		scalestate_0.timecount[3]
		scalestate_0.timecount[4]
		scalestate_0.timecount[5]
		scalestate_0.timecount[6]
		scalestate_0.timecount[7]
		scalestate_0.timecount[8]
		scalestate_0.timecount[9]
		scalestate_0.timecount[10]
		scalestate_0.timecount[11]
		scalestate_0.timecount[12]
		scalestate_0.timecount[13]
		scalestate_0.timecount[14]
		scalestate_0.timecount[15]

New registers created by retiming :
		scalestate_0.timecount_ret
		scalestate_0.timecount_ret_0
		scalestate_0.timecount_ret_1
		scalestate_0.timecount_ret_3
		scalestate_0.timecount_ret_4
		scalestate_0.timecount_ret_5
		scalestate_0.timecount_ret_6
		scalestate_0.timecount_ret_7
		scalestate_0.timecount_ret_8
		scalestate_0.timecount_ret_9
		scalestate_0.timecount_ret_10
		scalestate_0.timecount_ret_11
		scalestate_0.timecount_ret_12
		scalestate_0.timecount_ret_13
		scalestate_0.timecount_ret_14
		scalestate_0.timecount_ret_15
		scalestate_0.timecount_ret_16
		scalestate_0.timecount_ret_20
		scalestate_0.timecount_ret_23
		scalestate_0.timecount_ret_33
		scalestate_0.timecount_ret_35
		scalestate_0.timecount_ret_36
		scalestate_0.timecount_ret_37
		scalestate_0.timecount_ret_38
		scalestate_0.timecount_ret_39
		scalestate_0.timecount_ret_41
		scalestate_0.timecount_ret_42
		scalestate_0.timecount_ret_44
		scalestate_0.timecount_ret_45
		scalestate_0.timecount_ret_46
		scalestate_0.timecount_ret_47
		scalestate_0.timecount_ret_49
		scalestate_0.timecount_ret_51
		scalestate_0.timecount_ret_53
		scalestate_0.timecount_ret_54
		scalestate_0.timecount_ret_55
		scalestate_0.timecount_ret_56
		scalestate_0.timecount_ret_57
		scalestate_0.timecount_ret_58
		scalestate_0.timecount_ret_59
		scalestate_0.timecount_ret_60
		scalestate_0.timecount_ret_61
		scalestate_0.timecount_ret_62
		scalestate_0.timecount_ret_64
		scalestate_0.timecount_ret_65
		scalestate_0.timecount_ret_66
		scalestate_0.timecount_ret_67
		scalestate_0.timecount_ret_68
		scalestate_0.timecount_ret_69


		#####   END RETIMING REPORT  #####

