Target Part: A3P1000_FBGA144_-2
Report for cell NMR_TOP.verilog
  Core Cell usage:
              cell count     area count*area
              AND2    60      1.0       60.0
             AND2A    19      1.0       19.0
              AND3   129      1.0      129.0
             AND3B     1      1.0        1.0
               AO1   148      1.0      148.0
              AO18    72      1.0       72.0
              AO1A    88      1.0       88.0
              AO1B    21      1.0       21.0
              AO1C    79      1.0       79.0
              AO1D     1      1.0        1.0
              AOI1    14      1.0       14.0
             AOI1A    15      1.0       15.0
             AOI1B     9      1.0        9.0
               AX1     9      1.0        9.0
              AX1A     1      1.0        1.0
              AX1C    83      1.0       83.0
              BUFF    19      1.0       19.0
            CLKINT     3      0.0        0.0
               GND   112      0.0        0.0
               INV     9      1.0        9.0
              MAJ3     3      1.0        3.0
              MIN3     8      1.0        8.0
               MX2   637      1.0      637.0
              MX2A    35      1.0       35.0
              MX2B    33      1.0       33.0
              MX2C     9      1.0        9.0
             NAND2    33      1.0       33.0
            NAND3A    24      1.0       24.0
              NOR2    65      1.0       65.0
             NOR2A   379      1.0      379.0
             NOR2B   681      1.0      681.0
              NOR3    83      1.0       83.0
             NOR3A   125      1.0      125.0
             NOR3B   242      1.0      242.0
             NOR3C   240      1.0      240.0
               OA1    23      1.0       23.0
              OA1A    18      1.0       18.0
              OA1B    65      1.0       65.0
              OA1C    31      1.0       31.0
              OAI1    12      1.0       12.0
               OR2   104      1.0      104.0
              OR2A   108      1.0      108.0
              OR2B    33      1.0       33.0
               OR3   202      1.0      202.0
              OR3A    12      1.0       12.0
              OR3B     8      1.0        8.0
              OR3C     2      1.0        2.0
               PLL     1      0.0        0.0
               VCC   112      0.0        0.0
               XA1    62      1.0       62.0
              XA1A    10      1.0       10.0
              XA1B     2      1.0        2.0
              XA1C    25      1.0       25.0
             XNOR2   106      1.0      106.0
             XNOR3    73      1.0       73.0
               XO1   107      1.0      107.0
              XOR2   417      1.0      417.0
              XOR3    17      1.0       17.0


              DFI0     1      1.0        1.0
              DFN0     1      1.0        1.0
            DFN0C0    27      1.0       27.0
            DFN0P0     1      1.0        1.0
              DFN1   581      1.0      581.0
            DFN1C0   221      1.0      221.0
            DFN1E0   109      1.0      109.0
          DFN1E0C0    17      1.0       17.0
            DFN1E1  1230      1.0     1230.0
          DFN1E1C0    25      1.0       25.0
            DFN1P0    12      1.0       12.0
         RAM512X18    16      0.0        0.0
                   -----          ----------
             TOTAL  7280              7036.0


  IO Cell usage:
              cell count
             BIBUF    16
            CLKBUF     1
             INBUF    37
            OUTBUF    48
                   -----
             TOTAL   102


Core Cells         : 7036 of 24576 (29%)
IO Cells           : 102

  RAM/ROM Usage Summary
Block Rams : 16 of 32 (50%)

