<?xml version="1.0"?>
<link_info>
   <banner>TMS320C2000 Linker PC v6.2.7</banner>
   <copyright>Copyright (c) 1996-2014 Texas Instruments Incorporated</copyright>
   <link_time>0x5f48c07e</link_time>
   <link_errors>0x0</link_errors>
   <output_file>2D_NMR_EC_DSP.out</output_file>
   <entry_point>
      <name>_c_int00</name>
      <address>0x3f9c85</address>
   </entry_point>
   <input_file_list>
      <input_file id="fl-2">
         <path>.\source\</path>
         <kind>object</kind>
         <file>DE_CPMG_Top.obj</file>
         <name>DE_CPMG_Top.obj</name>
      </input_file>
      <input_file id="fl-3">
         <path>.\source\</path>
         <kind>object</kind>
         <file>DFT1T2DModeTop.obj</file>
         <name>DFT1T2DModeTop.obj</name>
      </input_file>
      <input_file id="fl-4">
         <path>.\source\</path>
         <kind>object</kind>
         <file>DSP281x_CodeStartBranch.obj</file>
         <name>DSP281x_CodeStartBranch.obj</name>
      </input_file>
      <input_file id="fl-5">
         <path>.\source\</path>
         <kind>object</kind>
         <file>DSP281x_CpuTimers.obj</file>
         <name>DSP281x_CpuTimers.obj</name>
      </input_file>
      <input_file id="fl-6">
         <path>.\source\</path>
         <kind>object</kind>
         <file>DSP281x_DefaultIsr.obj</file>
         <name>DSP281x_DefaultIsr.obj</name>
      </input_file>
      <input_file id="fl-7">
         <path>.\source\</path>
         <kind>object</kind>
         <file>DSP281x_GlobalVariableDefs.obj</file>
         <name>DSP281x_GlobalVariableDefs.obj</name>
      </input_file>
      <input_file id="fl-8">
         <path>.\source\</path>
         <kind>object</kind>
         <file>DSP281x_PieCtrl.obj</file>
         <name>DSP281x_PieCtrl.obj</name>
      </input_file>
      <input_file id="fl-9">
         <path>.\source\</path>
         <kind>object</kind>
         <file>DSP281x_PieVect.obj</file>
         <name>DSP281x_PieVect.obj</name>
      </input_file>
      <input_file id="fl-a">
         <path>.\source\</path>
         <kind>object</kind>
         <file>DSP281x_SectionCopy.obj</file>
         <name>DSP281x_SectionCopy.obj</name>
      </input_file>
      <input_file id="fl-b">
         <path>.\source\</path>
         <kind>object</kind>
         <file>DSP281x_SysCtrl.obj</file>
         <name>DSP281x_SysCtrl.obj</name>
      </input_file>
      <input_file id="fl-c">
         <path>.\source\</path>
         <kind>object</kind>
         <file>DSP281x_usDelay.obj</file>
         <name>DSP281x_usDelay.obj</name>
      </input_file>
      <input_file id="fl-d">
         <path>.\source\</path>
         <kind>object</kind>
         <file>FBW2FModeTop.obj</file>
         <name>FBW2FModeTop.obj</name>
      </input_file>
      <input_file id="fl-e">
         <path>.\source\</path>
         <kind>object</kind>
         <file>Gas6FreqTop.obj</file>
         <name>Gas6FreqTop.obj</name>
      </input_file>
      <input_file id="fl-f">
         <path>.\source\</path>
         <kind>object</kind>
         <file>Gas6_2ModeTop.obj</file>
         <name>Gas6_2ModeTop.obj</name>
      </input_file>
      <input_file id="fl-10">
         <path>.\source\</path>
         <kind>object</kind>
         <file>HRT1T22FModeTop.obj</file>
         <name>HRT1T22FModeTop.obj</name>
      </input_file>
      <input_file id="fl-11">
         <path>.\source\</path>
         <kind>object</kind>
         <file>MainInitial.obj</file>
         <name>MainInitial.obj</name>
      </input_file>
      <input_file id="fl-12">
         <path>.\source\</path>
         <kind>object</kind>
         <file>Mcbsp_interrupt.obj</file>
         <name>Mcbsp_interrupt.obj</name>
      </input_file>
      <input_file id="fl-13">
         <path>.\source\</path>
         <kind>object</kind>
         <file>Mcbspinitial.obj</file>
         <name>Mcbspinitial.obj</name>
      </input_file>
      <input_file id="fl-14">
         <path>.\source\</path>
         <kind>object</kind>
         <file>MyFPGAFunctions.obj</file>
         <name>MyFPGAFunctions.obj</name>
      </input_file>
      <input_file id="fl-15">
         <path>.\source\</path>
         <kind>object</kind>
         <file>MyFunctions.obj</file>
         <name>MyFunctions.obj</name>
      </input_file>
      <input_file id="fl-16">
         <path>.\source\</path>
         <kind>object</kind>
         <file>MyVariables.obj</file>
         <name>MyVariables.obj</name>
      </input_file>
      <input_file id="fl-17">
         <path>.\source\</path>
         <kind>object</kind>
         <file>Oil3FreqTop.obj</file>
         <name>Oil3FreqTop.obj</name>
      </input_file>
      <input_file id="fl-18">
         <path>.\source\</path>
         <kind>object</kind>
         <file>P3D6FModeTop.obj</file>
         <name>P3D6FModeTop.obj</name>
      </input_file>
      <input_file id="fl-19">
         <path>.\source\</path>
         <kind>object</kind>
         <file>PP3FreqTop.obj</file>
         <name>PP3FreqTop.obj</name>
      </input_file>
      <input_file id="fl-1a">
         <path>.\source\</path>
         <kind>object</kind>
         <file>PP6FreqTop.obj</file>
         <name>PP6FreqTop.obj</name>
      </input_file>
      <input_file id="fl-1b">
         <path>.\source\</path>
         <kind>object</kind>
         <file>PPHOIL6FModeTop.obj</file>
         <name>PPHOIL6FModeTop.obj</name>
      </input_file>
      <input_file id="fl-1c">
         <path>.\source\</path>
         <kind>object</kind>
         <file>PPHOIL6F_2ModeTop.obj</file>
         <name>PPHOIL6F_2ModeTop.obj</name>
      </input_file>
      <input_file id="fl-1d">
         <path>.\source\</path>
         <kind>object</kind>
         <file>PPLOIL6FModeTop.obj</file>
         <name>PPLOIL6FModeTop.obj</name>
      </input_file>
      <input_file id="fl-1e">
         <path>.\source\</path>
         <kind>object</kind>
         <file>PulseTop.obj</file>
         <name>PulseTop.obj</name>
      </input_file>
      <input_file id="fl-1f">
         <path>.\source\</path>
         <kind>object</kind>
         <file>ScaleHoleTop.obj</file>
         <name>ScaleHoleTop.obj</name>
      </input_file>
      <input_file id="fl-20">
         <path>.\source\</path>
         <kind>object</kind>
         <file>ScanTop.obj</file>
         <name>ScanTop.obj</name>
      </input_file>
      <input_file id="fl-21">
         <path>.\source\</path>
         <kind>object</kind>
         <file>T1T2DModeTop.obj</file>
         <name>T1T2DModeTop.obj</name>
      </input_file>
      <input_file id="fl-22">
         <path>.\source\</path>
         <kind>object</kind>
         <file>T1T2ModeTop.obj</file>
         <name>T1T2ModeTop.obj</name>
      </input_file>
      <input_file id="fl-23">
         <path>.\source\</path>
         <kind>object</kind>
         <file>T2DModeTop.obj</file>
         <name>T2DModeTop.obj</name>
      </input_file>
      <input_file id="fl-24">
         <path>.\source\</path>
         <kind>object</kind>
         <file>TableHandle.obj</file>
         <name>TableHandle.obj</name>
      </input_file>
      <input_file id="fl-25">
         <path>.\source\</path>
         <kind>object</kind>
         <file>main.obj</file>
         <name>main.obj</name>
      </input_file>
      <input_file id="fl-2c">
         <path>..\lib\</path>
         <kind>archive</kind>
         <file>IQmath.lib</file>
         <name>IQ10atan2.obj</name>
      </input_file>
      <input_file id="fl-2d">
         <path>..\lib\</path>
         <kind>archive</kind>
         <file>IQmath.lib</file>
         <name>IQ10div.obj</name>
      </input_file>
      <input_file id="fl-2e">
         <path>..\lib\</path>
         <kind>archive</kind>
         <file>IQmath.lib</file>
         <name>IQ10int.obj</name>
      </input_file>
      <input_file id="fl-2f">
         <path>..\lib\</path>
         <kind>archive</kind>
         <file>IQmath.lib</file>
         <name>IQ10mag.obj</name>
      </input_file>
      <input_file id="fl-30">
         <path>..\lib\</path>
         <kind>archive</kind>
         <file>IQmath.lib</file>
         <name>IQ10sqrt.obj</name>
      </input_file>
      <input_file id="fl-31">
         <path>..\lib\</path>
         <kind>archive</kind>
         <file>IQmath.lib</file>
         <name>IQ3div.obj</name>
      </input_file>
      <input_file id="fl-32">
         <path>..\lib\</path>
         <kind>archive</kind>
         <file>IQmath.lib</file>
         <name>IQmathTables.obj</name>
      </input_file>
      <input_file id="fl-33">
         <path>..\lib\</path>
         <kind>archive</kind>
         <file>rts2800_ml.lib</file>
         <name>boot.obj</name>
      </input_file>
      <input_file id="fl-34">
         <path>..\lib\</path>
         <kind>archive</kind>
         <file>rts2800_ml.lib</file>
         <name>exit.obj</name>
      </input_file>
      <input_file id="fl-35">
         <path>..\lib\</path>
         <kind>archive</kind>
         <file>rts2800_ml.lib</file>
         <name>fd_mpy.obj</name>
      </input_file>
      <input_file id="fl-36">
         <path>..\lib\</path>
         <kind>archive</kind>
         <file>rts2800_ml.lib</file>
         <name>fd_tol.obj</name>
      </input_file>
      <input_file id="fl-37">
         <path>..\lib\</path>
         <kind>archive</kind>
         <file>rts2800_ml.lib</file>
         <name>fs_add.obj</name>
      </input_file>
      <input_file id="fl-38">
         <path>..\lib\</path>
         <kind>archive</kind>
         <file>rts2800_ml.lib</file>
         <name>fs_div.obj</name>
      </input_file>
      <input_file id="fl-39">
         <path>..\lib\</path>
         <kind>archive</kind>
         <file>rts2800_ml.lib</file>
         <name>fs_mpy.obj</name>
      </input_file>
      <input_file id="fl-3a">
         <path>..\lib\</path>
         <kind>archive</kind>
         <file>rts2800_ml.lib</file>
         <name>fs_tofd.obj</name>
      </input_file>
      <input_file id="fl-3b">
         <path>..\lib\</path>
         <kind>archive</kind>
         <file>rts2800_ml.lib</file>
         <name>fs_tol.obj</name>
      </input_file>
      <input_file id="fl-3c">
         <path>..\lib\</path>
         <kind>archive</kind>
         <file>rts2800_ml.lib</file>
         <name>fs_tou.obj</name>
      </input_file>
      <input_file id="fl-3d">
         <path>..\lib\</path>
         <kind>archive</kind>
         <file>rts2800_ml.lib</file>
         <name>fs_toul.obj</name>
      </input_file>
      <input_file id="fl-3e">
         <path>..\lib\</path>
         <kind>archive</kind>
         <file>rts2800_ml.lib</file>
         <name>l_div.obj</name>
      </input_file>
      <input_file id="fl-3f">
         <path>..\lib\</path>
         <kind>archive</kind>
         <file>rts2800_ml.lib</file>
         <name>l_tofd.obj</name>
      </input_file>
      <input_file id="fl-40">
         <path>..\lib\</path>
         <kind>archive</kind>
         <file>rts2800_ml.lib</file>
         <name>u_div.obj</name>
      </input_file>
      <input_file id="fl-41">
         <path>..\lib\</path>
         <kind>archive</kind>
         <file>rts2800_ml.lib</file>
         <name>u_tofd.obj</name>
      </input_file>
      <input_file id="fl-42">
         <path>..\lib\</path>
         <kind>archive</kind>
         <file>rts2800_ml.lib</file>
         <name>u_tofs.obj</name>
      </input_file>
      <input_file id="fl-43">
         <path>..\lib\</path>
         <kind>archive</kind>
         <file>rts2800_ml.lib</file>
         <name>ul_tofd.obj</name>
      </input_file>
      <input_file id="fl-44">
         <path>..\lib\</path>
         <kind>archive</kind>
         <file>rts2800_ml.lib</file>
         <name>ul_tofs.obj</name>
      </input_file>
      <input_file id="fl-45">
         <path>..\lib\</path>
         <kind>archive</kind>
         <file>rts2800_ml.lib</file>
         <name>_lock.obj</name>
      </input_file>
      <input_file id="fl-46">
         <path>..\lib\</path>
         <kind>archive</kind>
         <file>rts2800_ml.lib</file>
         <name>args_main.obj</name>
      </input_file>
   </input_file_list>
   <object_component_list>
      <object_component id="oc-39">
         <name>codestart</name>
         <load_address>0x3f7ff6</load_address>
         <run_address>0x3f7ff6</run_address>
         <size>0x2</size>
         <input_file_ref idref="fl-4"/>
      </object_component>
      <object_component id="oc-3a">
         <name>wddisable</name>
         <load_address>0x3e3276</load_address>
         <run_address>0x3e3276</run_address>
         <size>0x8</size>
         <input_file_ref idref="fl-4"/>
      </object_component>
      <object_component id="oc-6b">
         <name>copysections</name>
         <load_address>0x3e321f</load_address>
         <run_address>0x3e321f</run_address>
         <size>0x57</size>
         <input_file_ref idref="fl-a"/>
      </object_component>
      <object_component id="oc-e8">
         <name>.reset</name>
         <load_address>0x3fffc0</load_address>
         <run_address>0x3fffc0</run_address>
         <size>0x2</size>
         <input_file_ref idref="fl-33"/>
      </object_component>
      <object_component id="oc-e7">
         <name>.stack</name>
         <uninitialized>true</uninitialized>
         <run_address>0x400</run_address>
         <size>0x0</size>
         <input_file_ref idref="fl-33"/>
      </object_component>
      <object_component id="oc-192">
         <name>.stack</name>
         <uninitialized>true</uninitialized>
         <run_address>0x400</run_address>
         <size>0x0</size>
      </object_component>
      <object_component id="oc-3f">
         <name>.ebss</name>
         <uninitialized>true</uninitialized>
         <run_address>0x370</run_address>
         <size>0x8</size>
         <input_file_ref idref="fl-5"/>
      </object_component>
      <object_component id="oc-99">
         <name>.ebss</name>
         <uninitialized>true</uninitialized>
         <run_address>0x378</run_address>
         <size>0x4</size>
         <input_file_ref idref="fl-15"/>
      </object_component>
      <object_component id="oc-a1">
         <name>.ebss</name>
         <uninitialized>true</uninitialized>
         <run_address>0x380</run_address>
         <size>0x5c</size>
         <input_file_ref idref="fl-16"/>
      </object_component>
      <object_component id="oc-ef">
         <name>.ebss</name>
         <uninitialized>true</uninitialized>
         <run_address>0x3dc</run_address>
         <size>0x4</size>
         <input_file_ref idref="fl-34"/>
      </object_component>
      <object_component id="oc-135">
         <name>.ebss</name>
         <uninitialized>true</uninitialized>
         <run_address>0x37c</run_address>
         <size>0x4</size>
         <input_file_ref idref="fl-45"/>
      </object_component>
      <object_component id="oc-134">
         <name>.cinit</name>
         <load_address>0x3da1a8</load_address>
         <run_address>0x33a</run_address>
         <size>0xa</size>
         <input_file_ref idref="fl-45"/>
      </object_component>
      <object_component id="oc-ee">
         <name>.cinit</name>
         <load_address>0x3da1b2</load_address>
         <run_address>0x344</run_address>
         <size>0xa</size>
         <input_file_ref idref="fl-34"/>
      </object_component>
      <object_component id="oc-67">
         <name>.econst</name>
         <load_address>0x3da066</load_address>
         <run_address>0x1f8</run_address>
         <size>0x100</size>
         <input_file_ref idref="fl-9"/>
      </object_component>
      <object_component id="oc-9b">
         <name>.econst</name>
         <load_address>0x3da166</load_address>
         <run_address>0x2f8</run_address>
         <size>0x4</size>
         <input_file_ref idref="fl-15"/>
      </object_component>
      <object_component id="oc-c0">
         <name>.econst</name>
         <load_address>0x3da16a</load_address>
         <run_address>0x2fc</run_address>
         <size>0x4</size>
         <input_file_ref idref="fl-1e"/>
      </object_component>
      <object_component id="oc-13e">
         <name>.switch:_MRINTA_ISR1</name>
         <load_address>0x3da16e</load_address>
         <run_address>0x300</run_address>
         <size>0x22</size>
         <input_file_ref idref="fl-12"/>
      </object_component>
      <object_component id="oc-141">
         <name>.switch:_ChangeTable999</name>
         <load_address>0x3da190</load_address>
         <run_address>0x322</run_address>
         <size>0x18</size>
         <input_file_ref idref="fl-24"/>
      </object_component>
      <object_component id="oc-73">
         <name>ramfuncs</name>
         <load_address>0x3e321b</load_address>
         <run_address>0x3f9eae</run_address>
         <size>0x4</size>
         <input_file_ref idref="fl-c"/>
      </object_component>
      <object_component id="oc-13c">
         <name>.text</name>
         <load_address>0x3d8000</load_address>
         <run_address>0x3f8000</run_address>
         <size>0xa33</size>
         <input_file_ref idref="fl-15"/>
      </object_component>
      <object_component id="oc-14f">
         <name>.text</name>
         <load_address>0x3d8a33</load_address>
         <run_address>0x3f8a33</run_address>
         <size>0x444</size>
         <input_file_ref idref="fl-23"/>
      </object_component>
      <object_component id="oc-140">
         <name>.text</name>
         <load_address>0x3d8e77</load_address>
         <run_address>0x3f8e77</run_address>
         <size>0x1d6</size>
         <input_file_ref idref="fl-14"/>
      </object_component>
      <object_component id="oc-13d">
         <name>.text</name>
         <load_address>0x3d904d</load_address>
         <run_address>0x3f904d</run_address>
         <size>0x1b4</size>
         <input_file_ref idref="fl-24"/>
      </object_component>
      <object_component id="oc-155">
         <name>.text</name>
         <load_address>0x3d9201</load_address>
         <run_address>0x3f9201</run_address>
         <size>0x1a4</size>
         <input_file_ref idref="fl-1e"/>
      </object_component>
      <object_component id="oc-8c">
         <name>.text:retain</name>
         <load_address>0x3d93a5</load_address>
         <run_address>0x3f93a5</run_address>
         <size>0x19d</size>
         <input_file_ref idref="fl-12"/>
      </object_component>
      <object_component id="oc-44">
         <name>.text:retain</name>
         <load_address>0x3d9542</load_address>
         <run_address>0x3f9542</run_address>
         <size>0x14f</size>
         <input_file_ref idref="fl-6"/>
      </object_component>
      <object_component id="oc-13f">
         <name>.text</name>
         <load_address>0x3d9691</load_address>
         <run_address>0x3f9691</run_address>
         <size>0x137</size>
         <input_file_ref idref="fl-25"/>
      </object_component>
      <object_component id="oc-158">
         <name>.text</name>
         <load_address>0x3d97c8</load_address>
         <run_address>0x3f97c8</run_address>
         <size>0x12d</size>
         <input_file_ref idref="fl-b"/>
      </object_component>
      <object_component id="oc-157">
         <name>.text</name>
         <load_address>0x3d98f5</load_address>
         <run_address>0x3f98f5</run_address>
         <size>0xf5</size>
         <input_file_ref idref="fl-20"/>
      </object_component>
      <object_component id="oc-f2">
         <name>.text</name>
         <load_address>0x3d99ea</load_address>
         <run_address>0x3f99ea</run_address>
         <size>0x83</size>
         <input_file_ref idref="fl-35"/>
      </object_component>
      <object_component id="oc-fe">
         <name>.text</name>
         <load_address>0x3d9a6d</load_address>
         <run_address>0x3f9a6d</run_address>
         <size>0x83</size>
         <input_file_ref idref="fl-38"/>
      </object_component>
      <object_component id="oc-fa">
         <name>.text</name>
         <load_address>0x3d9af0</load_address>
         <run_address>0x3f9af0</run_address>
         <size>0x78</size>
         <input_file_ref idref="fl-37"/>
      </object_component>
      <object_component id="oc-31">
         <name>.text:retain</name>
         <load_address>0x3d9b68</load_address>
         <run_address>0x3f9b68</run_address>
         <size>0x77</size>
         <input_file_ref idref="fl-2"/>
      </object_component>
      <object_component id="oc-102">
         <name>.text</name>
         <load_address>0x3d9bdf</load_address>
         <run_address>0x3f9bdf</run_address>
         <size>0x5a</size>
         <input_file_ref idref="fl-39"/>
      </object_component>
      <object_component id="oc-15b">
         <name>.text</name>
         <load_address>0x3d9c39</load_address>
         <run_address>0x3f9c39</run_address>
         <size>0x4c</size>
         <input_file_ref idref="fl-13"/>
      </object_component>
      <object_component id="oc-2f">
         <name>.text</name>
         <load_address>0x3d9c85</load_address>
         <run_address>0x3f9c85</run_address>
         <size>0x44</size>
         <input_file_ref idref="fl-33"/>
      </object_component>
      <object_component id="oc-116">
         <name>.text</name>
         <load_address>0x3d9cc9</load_address>
         <run_address>0x3f9cc9</run_address>
         <size>0x2a</size>
         <input_file_ref idref="fl-3e"/>
      </object_component>
      <object_component id="oc-10a">
         <name>.text</name>
         <load_address>0x3d9cf3</load_address>
         <run_address>0x3f9cf3</run_address>
         <size>0x29</size>
         <input_file_ref idref="fl-3b"/>
      </object_component>
      <object_component id="oc-159">
         <name>.text</name>
         <load_address>0x3d9d1c</load_address>
         <run_address>0x3f9d1c</run_address>
         <size>0x28</size>
         <input_file_ref idref="fl-8"/>
      </object_component>
      <object_component id="oc-9a">
         <name>.text:retain</name>
         <load_address>0x3d9d44</load_address>
         <run_address>0x3f9d44</run_address>
         <size>0x25</size>
         <input_file_ref idref="fl-15"/>
      </object_component>
      <object_component id="oc-112">
         <name>.text</name>
         <load_address>0x3d9d69</load_address>
         <run_address>0x3f9d69</run_address>
         <size>0x21</size>
         <input_file_ref idref="fl-3d"/>
      </object_component>
      <object_component id="oc-f6">
         <name>.text</name>
         <load_address>0x3d9d8a</load_address>
         <run_address>0x3f9d8a</run_address>
         <size>0x1f</size>
         <input_file_ref idref="fl-36"/>
      </object_component>
      <object_component id="oc-10e">
         <name>.text</name>
         <load_address>0x3d9da9</load_address>
         <run_address>0x3f9da9</run_address>
         <size>0x1d</size>
         <input_file_ref idref="fl-3c"/>
      </object_component>
      <object_component id="oc-106">
         <name>.text</name>
         <load_address>0x3d9dc6</load_address>
         <run_address>0x3f9dc6</run_address>
         <size>0x1c</size>
         <input_file_ref idref="fl-3a"/>
      </object_component>
      <object_component id="oc-11a">
         <name>.text</name>
         <load_address>0x3d9de2</load_address>
         <run_address>0x3f9de2</run_address>
         <size>0x1c</size>
         <input_file_ref idref="fl-3f"/>
      </object_component>
      <object_component id="oc-ec">
         <name>.text</name>
         <load_address>0x3d9dfe</load_address>
         <run_address>0x3f9dfe</run_address>
         <size>0x18</size>
         <input_file_ref idref="fl-34"/>
      </object_component>
      <object_component id="oc-122">
         <name>.text</name>
         <load_address>0x3d9e16</load_address>
         <run_address>0x3f9e16</run_address>
         <size>0x17</size>
         <input_file_ref idref="fl-41"/>
      </object_component>
      <object_component id="oc-12a">
         <name>.text</name>
         <load_address>0x3d9e2d</load_address>
         <run_address>0x3f9e2d</run_address>
         <size>0x16</size>
         <input_file_ref idref="fl-43"/>
      </object_component>
      <object_component id="oc-138">
         <name>.text</name>
         <load_address>0x3d9e43</load_address>
         <run_address>0x3f9e43</run_address>
         <size>0x15</size>
         <input_file_ref idref="fl-46"/>
      </object_component>
      <object_component id="oc-12e">
         <name>.text</name>
         <load_address>0x3d9e58</load_address>
         <run_address>0x3f9e58</run_address>
         <size>0x13</size>
         <input_file_ref idref="fl-44"/>
      </object_component>
      <object_component id="oc-15a">
         <name>.text</name>
         <load_address>0x3d9e6b</load_address>
         <run_address>0x3f9e6b</run_address>
         <size>0x11</size>
         <input_file_ref idref="fl-9"/>
      </object_component>
      <object_component id="oc-126">
         <name>.text</name>
         <load_address>0x3d9e7c</load_address>
         <run_address>0x3f9e7c</run_address>
         <size>0x10</size>
         <input_file_ref idref="fl-42"/>
      </object_component>
      <object_component id="oc-15c">
         <name>.text</name>
         <load_address>0x3d9e8c</load_address>
         <run_address>0x3f9e8c</run_address>
         <size>0xe</size>
         <input_file_ref idref="fl-10"/>
      </object_component>
      <object_component id="oc-11e">
         <name>.text</name>
         <load_address>0x3d9e9a</load_address>
         <run_address>0x3f9e9a</run_address>
         <size>0xb</size>
         <input_file_ref idref="fl-40"/>
      </object_component>
      <object_component id="oc-132">
         <name>.text</name>
         <load_address>0x3d9ea5</load_address>
         <run_address>0x3f9ea5</run_address>
         <size>0x9</size>
         <input_file_ref idref="fl-45"/>
      </object_component>
      <object_component id="oc-143">
         <name>Datatable</name>
         <load_address>0x3da1be</load_address>
         <run_address>0x100000</run_address>
         <size>0x17bb</size>
         <input_file_ref idref="fl-24"/>
      </object_component>
      <object_component id="oc-144">
         <name>Datatable</name>
         <load_address>0x3db979</load_address>
         <run_address>0x1017bb</run_address>
         <size>0xedf</size>
         <input_file_ref idref="fl-3"/>
      </object_component>
      <object_component id="oc-150">
         <name>Datatable</name>
         <load_address>0x3dc858</load_address>
         <run_address>0x10269a</run_address>
         <size>0xdc4</size>
         <input_file_ref idref="fl-23"/>
      </object_component>
      <object_component id="oc-142">
         <name>Datatable</name>
         <load_address>0x3dd61c</load_address>
         <run_address>0x10345e</run_address>
         <size>0xc84</size>
         <input_file_ref idref="fl-11"/>
      </object_component>
      <object_component id="oc-147">
         <name>Datatable</name>
         <load_address>0x3de2a0</load_address>
         <run_address>0x1040e2</run_address>
         <size>0x9e2</size>
         <input_file_ref idref="fl-1c"/>
      </object_component>
      <object_component id="oc-149">
         <name>Datatable</name>
         <load_address>0x3dec82</load_address>
         <run_address>0x104ac4</run_address>
         <size>0x951</size>
         <input_file_ref idref="fl-1b"/>
      </object_component>
      <object_component id="oc-14c">
         <name>Datatable</name>
         <load_address>0x3df5d3</load_address>
         <run_address>0x105415</run_address>
         <size>0x900</size>
         <input_file_ref idref="fl-1d"/>
      </object_component>
      <object_component id="oc-152">
         <name>Datatable</name>
         <load_address>0x3dfed3</load_address>
         <run_address>0x105d15</run_address>
         <size>0x8be</size>
         <input_file_ref idref="fl-e"/>
      </object_component>
      <object_component id="oc-148">
         <name>Datatable</name>
         <load_address>0x3e0791</load_address>
         <run_address>0x1065d3</run_address>
         <size>0x8a7</size>
         <input_file_ref idref="fl-f"/>
      </object_component>
      <object_component id="oc-146">
         <name>Datatable</name>
         <load_address>0x3e1038</load_address>
         <run_address>0x106e7a</run_address>
         <size>0x633</size>
         <input_file_ref idref="fl-18"/>
      </object_component>
      <object_component id="oc-153">
         <name>Datatable</name>
         <load_address>0x3e166b</load_address>
         <run_address>0x1074ad</run_address>
         <size>0x50f</size>
         <input_file_ref idref="fl-17"/>
      </object_component>
      <object_component id="oc-154">
         <name>Datatable</name>
         <load_address>0x3e1b7a</load_address>
         <run_address>0x1079bc</run_address>
         <size>0x4f7</size>
         <input_file_ref idref="fl-1a"/>
      </object_component>
      <object_component id="oc-14e">
         <name>Datatable</name>
         <load_address>0x3e2071</load_address>
         <run_address>0x107eb3</run_address>
         <size>0x466</size>
         <input_file_ref idref="fl-22"/>
      </object_component>
      <object_component id="oc-14d">
         <name>Datatable</name>
         <load_address>0x3e24d7</load_address>
         <run_address>0x108319</run_address>
         <size>0x393</size>
         <input_file_ref idref="fl-21"/>
      </object_component>
      <object_component id="oc-145">
         <name>Datatable</name>
         <load_address>0x3e286a</load_address>
         <run_address>0x1086ac</run_address>
         <size>0x349</size>
         <input_file_ref idref="fl-10"/>
      </object_component>
      <object_component id="oc-14b">
         <name>Datatable</name>
         <load_address>0x3e2bb3</load_address>
         <run_address>0x1089f5</run_address>
         <size>0x24b</size>
         <input_file_ref idref="fl-19"/>
      </object_component>
      <object_component id="oc-14a">
         <name>Datatable</name>
         <load_address>0x3e2dfe</load_address>
         <run_address>0x108c40</run_address>
         <size>0x1ec</size>
         <input_file_ref idref="fl-d"/>
      </object_component>
      <object_component id="oc-156">
         <name>Datatable</name>
         <load_address>0x3e2fea</load_address>
         <run_address>0x108e2c</run_address>
         <size>0x179</size>
         <input_file_ref idref="fl-1f"/>
      </object_component>
      <object_component id="oc-151">
         <name>Datatable</name>
         <load_address>0x3e3163</load_address>
         <run_address>0x108fa5</run_address>
         <size>0xb8</size>
         <input_file_ref idref="fl-2"/>
      </object_component>
      <object_component id="oc-e6">
         <name>IQmathTables</name>
         <load_address>0x3ff000</load_address>
         <run_address>0x3ff000</run_address>
         <size>0xb50</size>
         <input_file_ref idref="fl-32"/>
      </object_component>
      <object_component id="oc-e0">
         <name>IQmath</name>
         <load_address>0x3d9eae</load_address>
         <run_address>0x40</run_address>
         <size>0x7f</size>
         <input_file_ref idref="fl-2c"/>
      </object_component>
      <object_component id="oc-e3">
         <name>IQmath</name>
         <load_address>0x3d9f2d</load_address>
         <run_address>0xbf</run_address>
         <size>0x60</size>
         <input_file_ref idref="fl-2f"/>
      </object_component>
      <object_component id="oc-e1">
         <name>IQmath</name>
         <load_address>0x3d9f8d</load_address>
         <run_address>0x11f</run_address>
         <size>0x47</size>
         <input_file_ref idref="fl-2d"/>
      </object_component>
      <object_component id="oc-e5">
         <name>IQmath</name>
         <load_address>0x3d9fd4</load_address>
         <run_address>0x166</run_address>
         <size>0x47</size>
         <input_file_ref idref="fl-31"/>
      </object_component>
      <object_component id="oc-e4">
         <name>IQmath</name>
         <load_address>0x3da01b</load_address>
         <run_address>0x1ad</run_address>
         <size>0x42</size>
         <input_file_ref idref="fl-30"/>
      </object_component>
      <object_component id="oc-e2">
         <name>IQmath</name>
         <load_address>0x3da05d</load_address>
         <run_address>0x1ef</run_address>
         <size>0x9</size>
         <input_file_ref idref="fl-2e"/>
      </object_component>
      <object_component id="oc-a0">
         <name>MyVariablesZone</name>
         <uninitialized>true</uninitialized>
         <run_address>0x85c0</run_address>
         <size>0x96a</size>
         <input_file_ref idref="fl-16"/>
      </object_component>
      <object_component id="oc-5f">
         <name>PieVectTableFile</name>
         <uninitialized>true</uninitialized>
         <run_address>0xd00</run_address>
         <size>0x100</size>
         <input_file_ref idref="fl-7"/>
      </object_component>
      <object_component id="oc-5e">
         <name>DevEmuRegsFile</name>
         <uninitialized>true</uninitialized>
         <run_address>0x880</run_address>
         <size>0xd2</size>
         <input_file_ref idref="fl-7"/>
      </object_component>
      <object_component id="oc-49">
         <name>FlashRegsFile</name>
         <uninitialized>true</uninitialized>
         <run_address>0xa80</run_address>
         <size>0x8</size>
         <input_file_ref idref="fl-7"/>
      </object_component>
      <object_component id="oc-4e">
         <name>CsmRegsFile</name>
         <uninitialized>true</uninitialized>
         <run_address>0xae0</run_address>
         <size>0x10</size>
         <input_file_ref idref="fl-7"/>
      </object_component>
      <object_component id="oc-54">
         <name>XintfRegsFile</name>
         <uninitialized>true</uninitialized>
         <run_address>0xb20</run_address>
         <size>0x20</size>
         <input_file_ref idref="fl-7"/>
      </object_component>
      <object_component id="oc-4b">
         <name>CpuTimer0RegsFile</name>
         <uninitialized>true</uninitialized>
         <run_address>0xc00</run_address>
         <size>0x8</size>
         <input_file_ref idref="fl-7"/>
      </object_component>
      <object_component id="oc-51">
         <name>PieCtrlRegsFile</name>
         <uninitialized>true</uninitialized>
         <run_address>0xce0</run_address>
         <size>0x1a</size>
         <input_file_ref idref="fl-7"/>
      </object_component>
      <object_component id="oc-53">
         <name>SysCtrlRegsFile</name>
         <uninitialized>true</uninitialized>
         <run_address>0x7010</run_address>
         <size>0x20</size>
         <input_file_ref idref="fl-7"/>
      </object_component>
      <object_component id="oc-4f">
         <name>SpiaRegsFile</name>
         <uninitialized>true</uninitialized>
         <run_address>0x7040</run_address>
         <size>0x10</size>
         <input_file_ref idref="fl-7"/>
      </object_component>
      <object_component id="oc-4d">
         <name>SciaRegsFile</name>
         <uninitialized>true</uninitialized>
         <run_address>0x7050</run_address>
         <size>0x10</size>
         <input_file_ref idref="fl-7"/>
      </object_component>
      <object_component id="oc-50">
         <name>XIntruptRegsFile</name>
         <uninitialized>true</uninitialized>
         <run_address>0x7070</run_address>
         <size>0x10</size>
         <input_file_ref idref="fl-7"/>
      </object_component>
      <object_component id="oc-55">
         <name>GpioMuxRegsFile</name>
         <uninitialized>true</uninitialized>
         <run_address>0x70c0</run_address>
         <size>0x20</size>
         <input_file_ref idref="fl-7"/>
      </object_component>
      <object_component id="oc-56">
         <name>GpioDataRegsFile</name>
         <uninitialized>true</uninitialized>
         <run_address>0x70e0</run_address>
         <size>0x20</size>
         <input_file_ref idref="fl-7"/>
      </object_component>
      <object_component id="oc-52">
         <name>AdcRegsFile</name>
         <uninitialized>true</uninitialized>
         <run_address>0x7100</run_address>
         <size>0x1a</size>
         <input_file_ref idref="fl-7"/>
      </object_component>
      <object_component id="oc-59">
         <name>EvaRegsFile</name>
         <uninitialized>true</uninitialized>
         <run_address>0x7400</run_address>
         <size>0x32</size>
         <input_file_ref idref="fl-7"/>
      </object_component>
      <object_component id="oc-58">
         <name>EvbRegsFile</name>
         <uninitialized>true</uninitialized>
         <run_address>0x7500</run_address>
         <size>0x32</size>
         <input_file_ref idref="fl-7"/>
      </object_component>
      <object_component id="oc-4c">
         <name>ScibRegsFile</name>
         <uninitialized>true</uninitialized>
         <run_address>0x7750</run_address>
         <size>0x10</size>
         <input_file_ref idref="fl-7"/>
      </object_component>
      <object_component id="oc-57">
         <name>McbspaRegsFile</name>
         <uninitialized>true</uninitialized>
         <run_address>0x7800</run_address>
         <size>0x25</size>
         <input_file_ref idref="fl-7"/>
      </object_component>
      <object_component id="oc-5a">
         <name>ECanaRegsFile</name>
         <uninitialized>true</uninitialized>
         <run_address>0x6000</run_address>
         <size>0x34</size>
         <input_file_ref idref="fl-7"/>
      </object_component>
      <object_component id="oc-5b">
         <name>ECanaLAMRegsFile</name>
         <uninitialized>true</uninitialized>
         <run_address>0x6040</run_address>
         <size>0x40</size>
         <input_file_ref idref="fl-7"/>
      </object_component>
      <object_component id="oc-60">
         <name>ECanaMboxesFile</name>
         <uninitialized>true</uninitialized>
         <run_address>0x6100</run_address>
         <size>0x100</size>
         <input_file_ref idref="fl-7"/>
      </object_component>
      <object_component id="oc-5c">
         <name>ECanaMOTSRegsFile</name>
         <uninitialized>true</uninitialized>
         <run_address>0x6080</run_address>
         <size>0x40</size>
         <input_file_ref idref="fl-7"/>
      </object_component>
      <object_component id="oc-5d">
         <name>ECanaMOTORegsFile</name>
         <uninitialized>true</uninitialized>
         <run_address>0x60c0</run_address>
         <size>0x40</size>
         <input_file_ref idref="fl-7"/>
      </object_component>
      <object_component id="oc-4a">
         <name>CsmPwlFile</name>
         <uninitialized>true</uninitialized>
         <run_address>0x3f7ff8</run_address>
         <size>0x8</size>
         <input_file_ref idref="fl-7"/>
      </object_component>
      <object_component id="oc-30">
         <name>.debug_info</name>
         <load_address>0x0</load_address>
         <run_address>0x0</run_address>
         <size>0xf53</size>
         <input_file_ref idref="fl-2"/>
      </object_component>
      <object_component id="oc-35">
         <name>.debug_info</name>
         <load_address>0xf53</load_address>
         <run_address>0xf53</run_address>
         <size>0x1852</size>
         <input_file_ref idref="fl-3"/>
      </object_component>
      <object_component id="oc-3b">
         <name>.debug_info</name>
         <load_address>0x27a5</load_address>
         <run_address>0x27a5</run_address>
         <size>0x15b</size>
         <input_file_ref idref="fl-4"/>
      </object_component>
      <object_component id="oc-3e">
         <name>.debug_info</name>
         <load_address>0x2900</load_address>
         <run_address>0x2900</run_address>
         <size>0x714</size>
         <input_file_ref idref="fl-5"/>
      </object_component>
      <object_component id="oc-43">
         <name>.debug_info</name>
         <load_address>0x3014</load_address>
         <run_address>0x3014</run_address>
         <size>0x1dea</size>
         <input_file_ref idref="fl-6"/>
      </object_component>
      <object_component id="oc-48">
         <name>.debug_info</name>
         <load_address>0x4dfe</load_address>
         <run_address>0x4dfe</run_address>
         <size>0x12f70</size>
         <input_file_ref idref="fl-7"/>
      </object_component>
      <object_component id="oc-62">
         <name>.debug_info</name>
         <load_address>0x17d6e</load_address>
         <run_address>0x17d6e</run_address>
         <size>0xaae</size>
         <input_file_ref idref="fl-8"/>
      </object_component>
      <object_component id="oc-66">
         <name>.debug_info</name>
         <load_address>0x1881c</load_address>
         <run_address>0x1881c</run_address>
         <size>0x1fc7</size>
         <input_file_ref idref="fl-9"/>
      </object_component>
      <object_component id="oc-6c">
         <name>.debug_info</name>
         <load_address>0x1a7e3</load_address>
         <run_address>0x1a7e3</run_address>
         <size>0x184</size>
         <input_file_ref idref="fl-a"/>
      </object_component>
      <object_component id="oc-6f">
         <name>.debug_info</name>
         <load_address>0x1a967</load_address>
         <run_address>0x1a967</run_address>
         <size>0x1a9e</size>
         <input_file_ref idref="fl-b"/>
      </object_component>
      <object_component id="oc-74">
         <name>.debug_info</name>
         <load_address>0x1c405</load_address>
         <run_address>0x1c405</run_address>
         <size>0x118</size>
         <input_file_ref idref="fl-c"/>
      </object_component>
      <object_component id="oc-77">
         <name>.debug_info</name>
         <load_address>0x1c51d</load_address>
         <run_address>0x1c51d</run_address>
         <size>0x933</size>
         <input_file_ref idref="fl-d"/>
      </object_component>
      <object_component id="oc-7b">
         <name>.debug_info</name>
         <load_address>0x1ce50</load_address>
         <run_address>0x1ce50</run_address>
         <size>0x1024</size>
         <input_file_ref idref="fl-e"/>
      </object_component>
      <object_component id="oc-7f">
         <name>.debug_info</name>
         <load_address>0x1de74</load_address>
         <run_address>0x1de74</run_address>
         <size>0x1044</size>
         <input_file_ref idref="fl-f"/>
      </object_component>
      <object_component id="oc-83">
         <name>.debug_info</name>
         <load_address>0x1eeb8</load_address>
         <run_address>0x1eeb8</run_address>
         <size>0x1045</size>
         <input_file_ref idref="fl-10"/>
      </object_component>
      <object_component id="oc-87">
         <name>.debug_info</name>
         <load_address>0x1fefd</load_address>
         <run_address>0x1fefd</run_address>
         <size>0x6265</size>
         <input_file_ref idref="fl-11"/>
      </object_component>
      <object_component id="oc-8b">
         <name>.debug_info</name>
         <load_address>0x26162</load_address>
         <run_address>0x26162</run_address>
         <size>0x63c3</size>
         <input_file_ref idref="fl-12"/>
      </object_component>
      <object_component id="oc-90">
         <name>.debug_info</name>
         <load_address>0x2c525</load_address>
         <run_address>0x2c525</run_address>
         <size>0x52ea</size>
         <input_file_ref idref="fl-13"/>
      </object_component>
      <object_component id="oc-94">
         <name>.debug_info</name>
         <load_address>0x3180f</load_address>
         <run_address>0x3180f</run_address>
         <size>0x2caa</size>
         <input_file_ref idref="fl-14"/>
      </object_component>
      <object_component id="oc-98">
         <name>.debug_info</name>
         <load_address>0x344b9</load_address>
         <run_address>0x344b9</run_address>
         <size>0x603c</size>
         <input_file_ref idref="fl-15"/>
      </object_component>
      <object_component id="oc-9f">
         <name>.debug_info</name>
         <load_address>0x3a4f5</load_address>
         <run_address>0x3a4f5</run_address>
         <size>0x5e36</size>
         <input_file_ref idref="fl-16"/>
      </object_component>
      <object_component id="oc-a3">
         <name>.debug_info</name>
         <load_address>0x4032b</load_address>
         <run_address>0x4032b</run_address>
         <size>0xcbd</size>
         <input_file_ref idref="fl-17"/>
      </object_component>
      <object_component id="oc-a7">
         <name>.debug_info</name>
         <load_address>0x40fe8</load_address>
         <run_address>0x40fe8</run_address>
         <size>0x1070</size>
         <input_file_ref idref="fl-18"/>
      </object_component>
      <object_component id="oc-ab">
         <name>.debug_info</name>
         <load_address>0x42058</load_address>
         <run_address>0x42058</run_address>
         <size>0x9c9</size>
         <input_file_ref idref="fl-19"/>
      </object_component>
      <object_component id="oc-af">
         <name>.debug_info</name>
         <load_address>0x42a21</load_address>
         <run_address>0x42a21</run_address>
         <size>0xc93</size>
         <input_file_ref idref="fl-1a"/>
      </object_component>
      <object_component id="oc-b3">
         <name>.debug_info</name>
         <load_address>0x436b4</load_address>
         <run_address>0x436b4</run_address>
         <size>0x1289</size>
         <input_file_ref idref="fl-1b"/>
      </object_component>
      <object_component id="oc-b7">
         <name>.debug_info</name>
         <load_address>0x4493d</load_address>
         <run_address>0x4493d</run_address>
         <size>0x1335</size>
         <input_file_ref idref="fl-1c"/>
      </object_component>
      <object_component id="oc-bb">
         <name>.debug_info</name>
         <load_address>0x45c72</load_address>
         <run_address>0x45c72</run_address>
         <size>0x11d8</size>
         <input_file_ref idref="fl-1d"/>
      </object_component>
      <object_component id="oc-bf">
         <name>.debug_info</name>
         <load_address>0x46e4a</load_address>
         <run_address>0x46e4a</run_address>
         <size>0xa81</size>
         <input_file_ref idref="fl-1e"/>
      </object_component>
      <object_component id="oc-c4">
         <name>.debug_info</name>
         <load_address>0x478cb</load_address>
         <run_address>0x478cb</run_address>
         <size>0x768</size>
         <input_file_ref idref="fl-1f"/>
      </object_component>
      <object_component id="oc-c8">
         <name>.debug_info</name>
         <load_address>0x48033</load_address>
         <run_address>0x48033</run_address>
         <size>0x737</size>
         <input_file_ref idref="fl-20"/>
      </object_component>
      <object_component id="oc-cc">
         <name>.debug_info</name>
         <load_address>0x4876a</load_address>
         <run_address>0x4876a</run_address>
         <size>0xc6d</size>
         <input_file_ref idref="fl-21"/>
      </object_component>
      <object_component id="oc-d0">
         <name>.debug_info</name>
         <load_address>0x493d7</load_address>
         <run_address>0x493d7</run_address>
         <size>0xac2</size>
         <input_file_ref idref="fl-22"/>
      </object_component>
      <object_component id="oc-d4">
         <name>.debug_info</name>
         <load_address>0x49e99</load_address>
         <run_address>0x49e99</run_address>
         <size>0x1b2d</size>
         <input_file_ref idref="fl-23"/>
      </object_component>
      <object_component id="oc-d8">
         <name>.debug_info</name>
         <load_address>0x4b9c6</load_address>
         <run_address>0x4b9c6</run_address>
         <size>0x632e</size>
         <input_file_ref idref="fl-24"/>
      </object_component>
      <object_component id="oc-dc">
         <name>.debug_info</name>
         <load_address>0x51cf4</load_address>
         <run_address>0x51cf4</run_address>
         <size>0xc75</size>
         <input_file_ref idref="fl-25"/>
      </object_component>
      <object_component id="oc-e9">
         <name>.debug_info</name>
         <load_address>0x52969</load_address>
         <run_address>0x52969</run_address>
         <size>0xc7</size>
         <input_file_ref idref="fl-33"/>
      </object_component>
      <object_component id="oc-ed">
         <name>.debug_info</name>
         <load_address>0x52a30</load_address>
         <run_address>0x52a30</run_address>
         <size>0x6d2</size>
         <input_file_ref idref="fl-34"/>
      </object_component>
      <object_component id="oc-f3">
         <name>.debug_info</name>
         <load_address>0x53102</load_address>
         <run_address>0x53102</run_address>
         <size>0xa9</size>
         <input_file_ref idref="fl-35"/>
      </object_component>
      <object_component id="oc-f7">
         <name>.debug_info</name>
         <load_address>0x531ab</load_address>
         <run_address>0x531ab</run_address>
         <size>0xa9</size>
         <input_file_ref idref="fl-36"/>
      </object_component>
      <object_component id="oc-fb">
         <name>.debug_info</name>
         <load_address>0x53254</load_address>
         <run_address>0x53254</run_address>
         <size>0xa9</size>
         <input_file_ref idref="fl-37"/>
      </object_component>
      <object_component id="oc-ff">
         <name>.debug_info</name>
         <load_address>0x532fd</load_address>
         <run_address>0x532fd</run_address>
         <size>0xa9</size>
         <input_file_ref idref="fl-38"/>
      </object_component>
      <object_component id="oc-103">
         <name>.debug_info</name>
         <load_address>0x533a6</load_address>
         <run_address>0x533a6</run_address>
         <size>0xa9</size>
         <input_file_ref idref="fl-39"/>
      </object_component>
      <object_component id="oc-107">
         <name>.debug_info</name>
         <load_address>0x5344f</load_address>
         <run_address>0x5344f</run_address>
         <size>0xac</size>
         <input_file_ref idref="fl-3a"/>
      </object_component>
      <object_component id="oc-10b">
         <name>.debug_info</name>
         <load_address>0x534fb</load_address>
         <run_address>0x534fb</run_address>
         <size>0xb5</size>
         <input_file_ref idref="fl-3b"/>
      </object_component>
      <object_component id="oc-10f">
         <name>.debug_info</name>
         <load_address>0x535b0</load_address>
         <run_address>0x535b0</run_address>
         <size>0xb5</size>
         <input_file_ref idref="fl-3c"/>
      </object_component>
      <object_component id="oc-113">
         <name>.debug_info</name>
         <load_address>0x53665</load_address>
         <run_address>0x53665</run_address>
         <size>0xb8</size>
         <input_file_ref idref="fl-3d"/>
      </object_component>
      <object_component id="oc-117">
         <name>.debug_info</name>
         <load_address>0x5371d</load_address>
         <run_address>0x5371d</run_address>
         <size>0x137</size>
         <input_file_ref idref="fl-3e"/>
      </object_component>
      <object_component id="oc-11b">
         <name>.debug_info</name>
         <load_address>0x53854</load_address>
         <run_address>0x53854</run_address>
         <size>0xa9</size>
         <input_file_ref idref="fl-3f"/>
      </object_component>
      <object_component id="oc-11f">
         <name>.debug_info</name>
         <load_address>0x538fd</load_address>
         <run_address>0x538fd</run_address>
         <size>0xd5</size>
         <input_file_ref idref="fl-40"/>
      </object_component>
      <object_component id="oc-123">
         <name>.debug_info</name>
         <load_address>0x539d2</load_address>
         <run_address>0x539d2</run_address>
         <size>0xa9</size>
         <input_file_ref idref="fl-41"/>
      </object_component>
      <object_component id="oc-127">
         <name>.debug_info</name>
         <load_address>0x53a7b</load_address>
         <run_address>0x53a7b</run_address>
         <size>0xa9</size>
         <input_file_ref idref="fl-42"/>
      </object_component>
      <object_component id="oc-12b">
         <name>.debug_info</name>
         <load_address>0x53b24</load_address>
         <run_address>0x53b24</run_address>
         <size>0xac</size>
         <input_file_ref idref="fl-43"/>
      </object_component>
      <object_component id="oc-12f">
         <name>.debug_info</name>
         <load_address>0x53bd0</load_address>
         <run_address>0x53bd0</run_address>
         <size>0xac</size>
         <input_file_ref idref="fl-44"/>
      </object_component>
      <object_component id="oc-133">
         <name>.debug_info</name>
         <load_address>0x53c7c</load_address>
         <run_address>0x53c7c</run_address>
         <size>0x533</size>
         <input_file_ref idref="fl-45"/>
      </object_component>
      <object_component id="oc-139">
         <name>.debug_info</name>
         <load_address>0x541af</load_address>
         <run_address>0x541af</run_address>
         <size>0x4e5</size>
         <input_file_ref idref="fl-46"/>
      </object_component>
      <object_component id="oc-193">
         <name>.debug_info</name>
         <load_address>0x54694</load_address>
         <run_address>0x54694</run_address>
         <size>0x6f</size>
      </object_component>
      <object_component id="oc-32">
         <name>.debug_frame</name>
         <load_address>0x0</load_address>
         <run_address>0x0</run_address>
         <size>0xe9</size>
         <input_file_ref idref="fl-2"/>
      </object_component>
      <object_component id="oc-36">
         <name>.debug_frame</name>
         <load_address>0xe9</load_address>
         <run_address>0xe9</run_address>
         <size>0x9f</size>
         <input_file_ref idref="fl-3"/>
      </object_component>
      <object_component id="oc-40">
         <name>.debug_frame</name>
         <load_address>0x188</load_address>
         <run_address>0x188</run_address>
         <size>0x64</size>
         <input_file_ref idref="fl-5"/>
      </object_component>
      <object_component id="oc-45">
         <name>.debug_frame</name>
         <load_address>0x1ec</load_address>
         <run_address>0x1ec</run_address>
         <size>0x6ac</size>
         <input_file_ref idref="fl-6"/>
      </object_component>
      <object_component id="oc-63">
         <name>.debug_frame</name>
         <load_address>0x898</load_address>
         <run_address>0x898</run_address>
         <size>0x94</size>
         <input_file_ref idref="fl-8"/>
      </object_component>
      <object_component id="oc-68">
         <name>.debug_frame</name>
         <load_address>0x92c</load_address>
         <run_address>0x92c</run_address>
         <size>0x7c</size>
         <input_file_ref idref="fl-9"/>
      </object_component>
      <object_component id="oc-70">
         <name>.debug_frame</name>
         <load_address>0x9a8</load_address>
         <run_address>0x9a8</run_address>
         <size>0x119</size>
         <input_file_ref idref="fl-b"/>
      </object_component>
      <object_component id="oc-78">
         <name>.debug_frame</name>
         <load_address>0xac1</load_address>
         <run_address>0xac1</run_address>
         <size>0x9f</size>
         <input_file_ref idref="fl-d"/>
      </object_component>
      <object_component id="oc-7c">
         <name>.debug_frame</name>
         <load_address>0xb60</load_address>
         <run_address>0xb60</run_address>
         <size>0x9f</size>
         <input_file_ref idref="fl-e"/>
      </object_component>
      <object_component id="oc-80">
         <name>.debug_frame</name>
         <load_address>0xbff</load_address>
         <run_address>0xbff</run_address>
         <size>0x9f</size>
         <input_file_ref idref="fl-f"/>
      </object_component>
      <object_component id="oc-84">
         <name>.debug_frame</name>
         <load_address>0xc9e</load_address>
         <run_address>0xc9e</run_address>
         <size>0xb7</size>
         <input_file_ref idref="fl-10"/>
      </object_component>
      <object_component id="oc-88">
         <name>.debug_frame</name>
         <load_address>0xd55</load_address>
         <run_address>0xd55</run_address>
         <size>0x124</size>
         <input_file_ref idref="fl-11"/>
      </object_component>
      <object_component id="oc-8d">
         <name>.debug_frame</name>
         <load_address>0xe79</load_address>
         <run_address>0xe79</run_address>
         <size>0xc2</size>
         <input_file_ref idref="fl-12"/>
      </object_component>
      <object_component id="oc-91">
         <name>.debug_frame</name>
         <load_address>0xf3b</load_address>
         <run_address>0xf3b</run_address>
         <size>0x94</size>
         <input_file_ref idref="fl-13"/>
      </object_component>
      <object_component id="oc-95">
         <name>.debug_frame</name>
         <load_address>0xfcf</load_address>
         <run_address>0xfcf</run_address>
         <size>0x130</size>
         <input_file_ref idref="fl-14"/>
      </object_component>
      <object_component id="oc-9c">
         <name>.debug_frame</name>
         <load_address>0x10ff</load_address>
         <run_address>0x10ff</run_address>
         <size>0x293</size>
         <input_file_ref idref="fl-15"/>
      </object_component>
      <object_component id="oc-a4">
         <name>.debug_frame</name>
         <load_address>0x1392</load_address>
         <run_address>0x1392</run_address>
         <size>0x9f</size>
         <input_file_ref idref="fl-17"/>
      </object_component>
      <object_component id="oc-a8">
         <name>.debug_frame</name>
         <load_address>0x1431</load_address>
         <run_address>0x1431</run_address>
         <size>0x9f</size>
         <input_file_ref idref="fl-18"/>
      </object_component>
      <object_component id="oc-ac">
         <name>.debug_frame</name>
         <load_address>0x14d0</load_address>
         <run_address>0x14d0</run_address>
         <size>0x9f</size>
         <input_file_ref idref="fl-19"/>
      </object_component>
      <object_component id="oc-b0">
         <name>.debug_frame</name>
         <load_address>0x156f</load_address>
         <run_address>0x156f</run_address>
         <size>0x9f</size>
         <input_file_ref idref="fl-1a"/>
      </object_component>
      <object_component id="oc-b4">
         <name>.debug_frame</name>
         <load_address>0x160e</load_address>
         <run_address>0x160e</run_address>
         <size>0x9f</size>
         <input_file_ref idref="fl-1b"/>
      </object_component>
      <object_component id="oc-b8">
         <name>.debug_frame</name>
         <load_address>0x16ad</load_address>
         <run_address>0x16ad</run_address>
         <size>0x9f</size>
         <input_file_ref idref="fl-1c"/>
      </object_component>
      <object_component id="oc-bc">
         <name>.debug_frame</name>
         <load_address>0x174c</load_address>
         <run_address>0x174c</run_address>
         <size>0x9f</size>
         <input_file_ref idref="fl-1d"/>
      </object_component>
      <object_component id="oc-c1">
         <name>.debug_frame</name>
         <load_address>0x17eb</load_address>
         <run_address>0x17eb</run_address>
         <size>0xcb</size>
         <input_file_ref idref="fl-1e"/>
      </object_component>
      <object_component id="oc-c5">
         <name>.debug_frame</name>
         <load_address>0x18b6</load_address>
         <run_address>0x18b6</run_address>
         <size>0x96</size>
         <input_file_ref idref="fl-1f"/>
      </object_component>
      <object_component id="oc-c9">
         <name>.debug_frame</name>
         <load_address>0x194c</load_address>
         <run_address>0x194c</run_address>
         <size>0x95</size>
         <input_file_ref idref="fl-20"/>
      </object_component>
      <object_component id="oc-cd">
         <name>.debug_frame</name>
         <load_address>0x19e1</load_address>
         <run_address>0x19e1</run_address>
         <size>0x96</size>
         <input_file_ref idref="fl-21"/>
      </object_component>
      <object_component id="oc-d1">
         <name>.debug_frame</name>
         <load_address>0x1a77</load_address>
         <run_address>0x1a77</run_address>
         <size>0x9f</size>
         <input_file_ref idref="fl-22"/>
      </object_component>
      <object_component id="oc-d5">
         <name>.debug_frame</name>
         <load_address>0x1b16</load_address>
         <run_address>0x1b16</run_address>
         <size>0x10c</size>
         <input_file_ref idref="fl-23"/>
      </object_component>
      <object_component id="oc-d9">
         <name>.debug_frame</name>
         <load_address>0x1c22</load_address>
         <run_address>0x1c22</run_address>
         <size>0x125</size>
         <input_file_ref idref="fl-24"/>
      </object_component>
      <object_component id="oc-dd">
         <name>.debug_frame</name>
         <load_address>0x1d47</load_address>
         <run_address>0x1d47</run_address>
         <size>0x7d</size>
         <input_file_ref idref="fl-25"/>
      </object_component>
      <object_component id="oc-33">
         <name>.debug_line</name>
         <load_address>0x0</load_address>
         <run_address>0x0</run_address>
         <size>0xd3</size>
         <input_file_ref idref="fl-2"/>
      </object_component>
      <object_component id="oc-37">
         <name>.debug_line</name>
         <load_address>0xd3</load_address>
         <run_address>0xd3</run_address>
         <size>0x53e</size>
         <input_file_ref idref="fl-3"/>
      </object_component>
      <object_component id="oc-3c">
         <name>.debug_line</name>
         <load_address>0x611</load_address>
         <run_address>0x611</run_address>
         <size>0x64</size>
         <input_file_ref idref="fl-4"/>
      </object_component>
      <object_component id="oc-41">
         <name>.debug_line</name>
         <load_address>0x675</load_address>
         <run_address>0x675</run_address>
         <size>0x3b</size>
         <input_file_ref idref="fl-5"/>
      </object_component>
      <object_component id="oc-46">
         <name>.debug_line</name>
         <load_address>0x6b0</load_address>
         <run_address>0x6b0</run_address>
         <size>0x5f3</size>
         <input_file_ref idref="fl-6"/>
      </object_component>
      <object_component id="oc-64">
         <name>.debug_line</name>
         <load_address>0xca3</load_address>
         <run_address>0xca3</run_address>
         <size>0x7f</size>
         <input_file_ref idref="fl-8"/>
      </object_component>
      <object_component id="oc-69">
         <name>.debug_line</name>
         <load_address>0xd22</load_address>
         <run_address>0xd22</run_address>
         <size>0x5b</size>
         <input_file_ref idref="fl-9"/>
      </object_component>
      <object_component id="oc-6d">
         <name>.debug_line</name>
         <load_address>0xd7d</load_address>
         <run_address>0xd7d</run_address>
         <size>0x7d</size>
         <input_file_ref idref="fl-a"/>
      </object_component>
      <object_component id="oc-71">
         <name>.debug_line</name>
         <load_address>0xdfa</load_address>
         <run_address>0xdfa</run_address>
         <size>0x18e</size>
         <input_file_ref idref="fl-b"/>
      </object_component>
      <object_component id="oc-75">
         <name>.debug_line</name>
         <load_address>0xf88</load_address>
         <run_address>0xf88</run_address>
         <size>0x4b</size>
         <input_file_ref idref="fl-c"/>
      </object_component>
      <object_component id="oc-79">
         <name>.debug_line</name>
         <load_address>0xfd3</load_address>
         <run_address>0xfd3</run_address>
         <size>0xd9</size>
         <input_file_ref idref="fl-d"/>
      </object_component>
      <object_component id="oc-7d">
         <name>.debug_line</name>
         <load_address>0x10ac</load_address>
         <run_address>0x10ac</run_address>
         <size>0x360</size>
         <input_file_ref idref="fl-e"/>
      </object_component>
      <object_component id="oc-81">
         <name>.debug_line</name>
         <load_address>0x140c</load_address>
         <run_address>0x140c</run_address>
         <size>0x322</size>
         <input_file_ref idref="fl-f"/>
      </object_component>
      <object_component id="oc-85">
         <name>.debug_line</name>
         <load_address>0x172e</load_address>
         <run_address>0x172e</run_address>
         <size>0x180</size>
         <input_file_ref idref="fl-10"/>
      </object_component>
      <object_component id="oc-89">
         <name>.debug_line</name>
         <load_address>0x18ae</load_address>
         <run_address>0x18ae</run_address>
         <size>0x940</size>
         <input_file_ref idref="fl-11"/>
      </object_component>
      <object_component id="oc-8e">
         <name>.debug_line</name>
         <load_address>0x21ee</load_address>
         <run_address>0x21ee</run_address>
         <size>0x1e0</size>
         <input_file_ref idref="fl-12"/>
      </object_component>
      <object_component id="oc-92">
         <name>.debug_line</name>
         <load_address>0x23ce</load_address>
         <run_address>0x23ce</run_address>
         <size>0x7a</size>
         <input_file_ref idref="fl-13"/>
      </object_component>
      <object_component id="oc-96">
         <name>.debug_line</name>
         <load_address>0x2448</load_address>
         <run_address>0x2448</run_address>
         <size>0x164</size>
         <input_file_ref idref="fl-14"/>
      </object_component>
      <object_component id="oc-9d">
         <name>.debug_line</name>
         <load_address>0x25ac</load_address>
         <run_address>0x25ac</run_address>
         <size>0x714</size>
         <input_file_ref idref="fl-15"/>
      </object_component>
      <object_component id="oc-a5">
         <name>.debug_line</name>
         <load_address>0x2cc0</load_address>
         <run_address>0x2cc0</run_address>
         <size>0x1d7</size>
         <input_file_ref idref="fl-17"/>
      </object_component>
      <object_component id="oc-a9">
         <name>.debug_line</name>
         <load_address>0x2e97</load_address>
         <run_address>0x2e97</run_address>
         <size>0x222</size>
         <input_file_ref idref="fl-18"/>
      </object_component>
      <object_component id="oc-ad">
         <name>.debug_line</name>
         <load_address>0x30b9</load_address>
         <run_address>0x30b9</run_address>
         <size>0xe6</size>
         <input_file_ref idref="fl-19"/>
      </object_component>
      <object_component id="oc-b1">
         <name>.debug_line</name>
         <load_address>0x319f</load_address>
         <run_address>0x319f</run_address>
         <size>0x1b5</size>
         <input_file_ref idref="fl-1a"/>
      </object_component>
      <object_component id="oc-b5">
         <name>.debug_line</name>
         <load_address>0x3354</load_address>
         <run_address>0x3354</run_address>
         <size>0x2d5</size>
         <input_file_ref idref="fl-1b"/>
      </object_component>
      <object_component id="oc-b9">
         <name>.debug_line</name>
         <load_address>0x3629</load_address>
         <run_address>0x3629</run_address>
         <size>0x2ff</size>
         <input_file_ref idref="fl-1c"/>
      </object_component>
      <object_component id="oc-bd">
         <name>.debug_line</name>
         <load_address>0x3928</load_address>
         <run_address>0x3928</run_address>
         <size>0x2fa</size>
         <input_file_ref idref="fl-1d"/>
      </object_component>
      <object_component id="oc-c2">
         <name>.debug_line</name>
         <load_address>0x3c22</load_address>
         <run_address>0x3c22</run_address>
         <size>0x116</size>
         <input_file_ref idref="fl-1e"/>
      </object_component>
      <object_component id="oc-c6">
         <name>.debug_line</name>
         <load_address>0x3d38</load_address>
         <run_address>0x3d38</run_address>
         <size>0x125</size>
         <input_file_ref idref="fl-1f"/>
      </object_component>
      <object_component id="oc-ca">
         <name>.debug_line</name>
         <load_address>0x3e5d</load_address>
         <run_address>0x3e5d</run_address>
         <size>0xb1</size>
         <input_file_ref idref="fl-20"/>
      </object_component>
      <object_component id="oc-ce">
         <name>.debug_line</name>
         <load_address>0x3f0e</load_address>
         <run_address>0x3f0e</run_address>
         <size>0x191</size>
         <input_file_ref idref="fl-21"/>
      </object_component>
      <object_component id="oc-d2">
         <name>.debug_line</name>
         <load_address>0x409f</load_address>
         <run_address>0x409f</run_address>
         <size>0x235</size>
         <input_file_ref idref="fl-22"/>
      </object_component>
      <object_component id="oc-d6">
         <name>.debug_line</name>
         <load_address>0x42d4</load_address>
         <run_address>0x42d4</run_address>
         <size>0x6c4</size>
         <input_file_ref idref="fl-23"/>
      </object_component>
      <object_component id="oc-da">
         <name>.debug_line</name>
         <load_address>0x4998</load_address>
         <run_address>0x4998</run_address>
         <size>0x1a14</size>
         <input_file_ref idref="fl-24"/>
      </object_component>
      <object_component id="oc-de">
         <name>.debug_line</name>
         <load_address>0x63ac</load_address>
         <run_address>0x63ac</run_address>
         <size>0x12d</size>
         <input_file_ref idref="fl-25"/>
      </object_component>
      <object_component id="oc-ea">
         <name>.debug_line</name>
         <load_address>0x64d9</load_address>
         <run_address>0x64d9</run_address>
         <size>0x6d</size>
         <input_file_ref idref="fl-33"/>
      </object_component>
      <object_component id="oc-f0">
         <name>.debug_line</name>
         <load_address>0x6546</load_address>
         <run_address>0x6546</run_address>
         <size>0x4e</size>
         <input_file_ref idref="fl-34"/>
      </object_component>
      <object_component id="oc-f4">
         <name>.debug_line</name>
         <load_address>0x6594</load_address>
         <run_address>0x6594</run_address>
         <size>0x9f</size>
         <input_file_ref idref="fl-35"/>
      </object_component>
      <object_component id="oc-f8">
         <name>.debug_line</name>
         <load_address>0x6633</load_address>
         <run_address>0x6633</run_address>
         <size>0x52</size>
         <input_file_ref idref="fl-36"/>
      </object_component>
      <object_component id="oc-fc">
         <name>.debug_line</name>
         <load_address>0x6685</load_address>
         <run_address>0x6685</run_address>
         <size>0xa6</size>
         <input_file_ref idref="fl-37"/>
      </object_component>
      <object_component id="oc-100">
         <name>.debug_line</name>
         <load_address>0x672b</load_address>
         <run_address>0x672b</run_address>
         <size>0xa8</size>
         <input_file_ref idref="fl-38"/>
      </object_component>
      <object_component id="oc-104">
         <name>.debug_line</name>
         <load_address>0x67d3</load_address>
         <run_address>0x67d3</run_address>
         <size>0x8a</size>
         <input_file_ref idref="fl-39"/>
      </object_component>
      <object_component id="oc-108">
         <name>.debug_line</name>
         <load_address>0x685d</load_address>
         <run_address>0x685d</run_address>
         <size>0x53</size>
         <input_file_ref idref="fl-3a"/>
      </object_component>
      <object_component id="oc-10c">
         <name>.debug_line</name>
         <load_address>0x68b0</load_address>
         <run_address>0x68b0</run_address>
         <size>0x5d</size>
         <input_file_ref idref="fl-3b"/>
      </object_component>
      <object_component id="oc-110">
         <name>.debug_line</name>
         <load_address>0x690d</load_address>
         <run_address>0x690d</run_address>
         <size>0x53</size>
         <input_file_ref idref="fl-3c"/>
      </object_component>
      <object_component id="oc-114">
         <name>.debug_line</name>
         <load_address>0x6960</load_address>
         <run_address>0x6960</run_address>
         <size>0x56</size>
         <input_file_ref idref="fl-3d"/>
      </object_component>
      <object_component id="oc-118">
         <name>.debug_line</name>
         <load_address>0x69b6</load_address>
         <run_address>0x69b6</run_address>
         <size>0x88</size>
         <input_file_ref idref="fl-3e"/>
      </object_component>
      <object_component id="oc-11c">
         <name>.debug_line</name>
         <load_address>0x6a3e</load_address>
         <run_address>0x6a3e</run_address>
         <size>0x50</size>
         <input_file_ref idref="fl-3f"/>
      </object_component>
      <object_component id="oc-120">
         <name>.debug_line</name>
         <load_address>0x6a8e</load_address>
         <run_address>0x6a8e</run_address>
         <size>0x4c</size>
         <input_file_ref idref="fl-40"/>
      </object_component>
      <object_component id="oc-124">
         <name>.debug_line</name>
         <load_address>0x6ada</load_address>
         <run_address>0x6ada</run_address>
         <size>0x4c</size>
         <input_file_ref idref="fl-41"/>
      </object_component>
      <object_component id="oc-128">
         <name>.debug_line</name>
         <load_address>0x6b26</load_address>
         <run_address>0x6b26</run_address>
         <size>0x46</size>
         <input_file_ref idref="fl-42"/>
      </object_component>
      <object_component id="oc-12c">
         <name>.debug_line</name>
         <load_address>0x6b6c</load_address>
         <run_address>0x6b6c</run_address>
         <size>0x4c</size>
         <input_file_ref idref="fl-43"/>
      </object_component>
      <object_component id="oc-130">
         <name>.debug_line</name>
         <load_address>0x6bb8</load_address>
         <run_address>0x6bb8</run_address>
         <size>0x4c</size>
         <input_file_ref idref="fl-44"/>
      </object_component>
      <object_component id="oc-136">
         <name>.debug_line</name>
         <load_address>0x6c04</load_address>
         <run_address>0x6c04</run_address>
         <size>0x58</size>
         <input_file_ref idref="fl-45"/>
      </object_component>
      <object_component id="oc-13a">
         <name>.debug_line</name>
         <load_address>0x6c5c</load_address>
         <run_address>0x6c5c</run_address>
         <size>0x3f</size>
         <input_file_ref idref="fl-46"/>
      </object_component>
      <object_component id="oc-34">
         <name>.debug_abbrev</name>
         <load_address>0x0</load_address>
         <run_address>0x0</run_address>
         <size>0x12b</size>
         <input_file_ref idref="fl-2"/>
      </object_component>
      <object_component id="oc-38">
         <name>.debug_abbrev</name>
         <load_address>0x12b</load_address>
         <run_address>0x12b</run_address>
         <size>0xcf</size>
         <input_file_ref idref="fl-3"/>
      </object_component>
      <object_component id="oc-3d">
         <name>.debug_abbrev</name>
         <load_address>0x1fa</load_address>
         <run_address>0x1fa</run_address>
         <size>0x20</size>
         <input_file_ref idref="fl-4"/>
      </object_component>
      <object_component id="oc-42">
         <name>.debug_abbrev</name>
         <load_address>0x21a</load_address>
         <run_address>0x21a</run_address>
         <size>0x105</size>
         <input_file_ref idref="fl-5"/>
      </object_component>
      <object_component id="oc-47">
         <name>.debug_abbrev</name>
         <load_address>0x31f</load_address>
         <run_address>0x31f</run_address>
         <size>0xd5</size>
         <input_file_ref idref="fl-6"/>
      </object_component>
      <object_component id="oc-61">
         <name>.debug_abbrev</name>
         <load_address>0x3f4</load_address>
         <run_address>0x3f4</run_address>
         <size>0xb3</size>
         <input_file_ref idref="fl-7"/>
      </object_component>
      <object_component id="oc-65">
         <name>.debug_abbrev</name>
         <load_address>0x4a7</load_address>
         <run_address>0x4a7</run_address>
         <size>0xbb</size>
         <input_file_ref idref="fl-8"/>
      </object_component>
      <object_component id="oc-6a">
         <name>.debug_abbrev</name>
         <load_address>0x562</load_address>
         <run_address>0x562</run_address>
         <size>0x107</size>
         <input_file_ref idref="fl-9"/>
      </object_component>
      <object_component id="oc-6e">
         <name>.debug_abbrev</name>
         <load_address>0x669</load_address>
         <run_address>0x669</run_address>
         <size>0x3a</size>
         <input_file_ref idref="fl-a"/>
      </object_component>
      <object_component id="oc-72">
         <name>.debug_abbrev</name>
         <load_address>0x6a3</load_address>
         <run_address>0x6a3</run_address>
         <size>0x16f</size>
         <input_file_ref idref="fl-b"/>
      </object_component>
      <object_component id="oc-76">
         <name>.debug_abbrev</name>
         <load_address>0x812</load_address>
         <run_address>0x812</run_address>
         <size>0x2c</size>
         <input_file_ref idref="fl-c"/>
      </object_component>
      <object_component id="oc-7a">
         <name>.debug_abbrev</name>
         <load_address>0x83e</load_address>
         <run_address>0x83e</run_address>
         <size>0xcf</size>
         <input_file_ref idref="fl-d"/>
      </object_component>
      <object_component id="oc-7e">
         <name>.debug_abbrev</name>
         <load_address>0x90d</load_address>
         <run_address>0x90d</run_address>
         <size>0xcf</size>
         <input_file_ref idref="fl-e"/>
      </object_component>
      <object_component id="oc-82">
         <name>.debug_abbrev</name>
         <load_address>0x9dc</load_address>
         <run_address>0x9dc</run_address>
         <size>0xcf</size>
         <input_file_ref idref="fl-f"/>
      </object_component>
      <object_component id="oc-86">
         <name>.debug_abbrev</name>
         <load_address>0xaab</load_address>
         <run_address>0xaab</run_address>
         <size>0xcf</size>
         <input_file_ref idref="fl-10"/>
      </object_component>
      <object_component id="oc-8a">
         <name>.debug_abbrev</name>
         <load_address>0xb7a</load_address>
         <run_address>0xb7a</run_address>
         <size>0x181</size>
         <input_file_ref idref="fl-11"/>
      </object_component>
      <object_component id="oc-8f">
         <name>.debug_abbrev</name>
         <load_address>0xcfb</load_address>
         <run_address>0xcfb</run_address>
         <size>0x101</size>
         <input_file_ref idref="fl-12"/>
      </object_component>
      <object_component id="oc-93">
         <name>.debug_abbrev</name>
         <load_address>0xdfc</load_address>
         <run_address>0xdfc</run_address>
         <size>0xf4</size>
         <input_file_ref idref="fl-13"/>
      </object_component>
      <object_component id="oc-97">
         <name>.debug_abbrev</name>
         <load_address>0xef0</load_address>
         <run_address>0xef0</run_address>
         <size>0xfe</size>
         <input_file_ref idref="fl-14"/>
      </object_component>
      <object_component id="oc-9e">
         <name>.debug_abbrev</name>
         <load_address>0xfee</load_address>
         <run_address>0xfee</run_address>
         <size>0x1ce</size>
         <input_file_ref idref="fl-15"/>
      </object_component>
      <object_component id="oc-a2">
         <name>.debug_abbrev</name>
         <load_address>0x11bc</load_address>
         <run_address>0x11bc</run_address>
         <size>0x6f</size>
[...]
      </symbol>
      <symbol id="sm-59a">
         <name>_DFT1T2DMiniNumAry</name>
         <value>0x392</value>
         <object_component_ref idref="oc-a1"/>
      </symbol>
      <symbol id="sm-59b">
         <name>_P3D6FFreqSel</name>
         <value>0x867f</value>
         <object_component_ref idref="oc-a0"/>
      </symbol>
      <symbol id="sm-59c">
         <name>_TableChgCnt</name>
         <value>0x8731</value>
         <object_component_ref idref="oc-a0"/>
      </symbol>
      <symbol id="sm-59d">
         <name>_PPHOIL6F_2Ne5C</name>
         <value>0x86c9</value>
         <object_component_ref idref="oc-a0"/>
      </symbol>
      <symbol id="sm-59e">
         <name>_P3D6FNe1A</name>
         <value>0x865a</value>
         <object_component_ref idref="oc-a0"/>
      </symbol>
      <symbol id="sm-59f">
         <name>_P3D6FNe1C</name>
         <value>0x8660</value>
         <object_component_ref idref="oc-a0"/>
      </symbol>
      <symbol id="sm-5a0">
         <name>_PPHOIL6F_TE_123456C</name>
         <value>0x8691</value>
         <object_component_ref idref="oc-a0"/>
      </symbol>
      <symbol id="sm-5a1">
         <name>_PPHOIL6F_2Ne12346C</name>
         <value>0x86c7</value>
         <object_component_ref idref="oc-a0"/>
      </symbol>
      <symbol id="sm-5a2">
         <name>_PPLOIL6FTw24E</name>
         <value>0x8603</value>
         <object_component_ref idref="oc-a0"/>
      </symbol>
      <symbol id="sm-5a3">
         <name>_PPLOIL6FTw24D</name>
         <value>0x85fd</value>
         <object_component_ref idref="oc-a0"/>
      </symbol>
      <symbol id="sm-5a4">
         <name>_CmpI90</name>
         <value>0x87d8</value>
         <object_component_ref idref="oc-a0"/>
      </symbol>
      <symbol id="sm-5c6">
         <name>_Oil3ModeTop</name>
         <value>0x1074ad</value>
         <object_component_ref idref="oc-153"/>
      </symbol>
      <symbol id="sm-5eb">
         <name>_P3D6FModeTop</name>
         <value>0x106e7a</value>
         <object_component_ref idref="oc-146"/>
      </symbol>
      <symbol id="sm-5f8">
         <name>_freq3PP_top</name>
         <value>0x1089f5</value>
         <object_component_ref idref="oc-14b"/>
      </symbol>
      <symbol id="sm-60e">
         <name>_PP6ModeTop</name>
         <value>0x1079bc</value>
         <object_component_ref idref="oc-154"/>
      </symbol>
      <symbol id="sm-62a">
         <name>_PPHOIL6FModeTop</name>
         <value>0x104ac4</value>
         <object_component_ref idref="oc-149"/>
      </symbol>
      <symbol id="sm-646">
         <name>_PPHOIL6F_2ModeTop</name>
         <value>0x1040e2</value>
         <object_component_ref idref="oc-147"/>
      </symbol>
      <symbol id="sm-67a">
         <name>_PPLOIL6FModeTop</name>
         <value>0x105415</value>
         <object_component_ref idref="oc-14c"/>
      </symbol>
      <symbol id="sm-68f">
         <name>_PulseTop</name>
         <value>0x3f937c</value>
         <object_component_ref idref="oc-155"/>
      </symbol>
      <symbol id="sm-690">
         <name>_PulseAcq</name>
         <value>0x3f9201</value>
         <object_component_ref idref="oc-155"/>
      </symbol>
      <symbol id="sm-691">
         <name>_PulseSave</name>
         <value>0x3f92a8</value>
         <object_component_ref idref="oc-155"/>
      </symbol>
      <symbol id="sm-6aa">
         <name>_ScaleHoleModeTop</name>
         <value>0x108e2c</value>
         <object_component_ref idref="oc-156"/>
      </symbol>
      <symbol id="sm-6b6">
         <name>_ScanModeTop</name>
         <value>0x3f98f5</value>
         <object_component_ref idref="oc-157"/>
      </symbol>
      <symbol id="sm-6d3">
         <name>_ST1T2DModeTop</name>
         <value>0x108319</value>
         <object_component_ref idref="oc-14d"/>
      </symbol>
      <symbol id="sm-704">
         <name>_ST1T2ModeTop</name>
         <value>0x107eb3</value>
         <object_component_ref idref="oc-14e"/>
      </symbol>
      <symbol id="sm-732">
         <name>_ST2DModeTop</name>
         <value>0x10269a</value>
         <object_component_ref idref="oc-150"/>
      </symbol>
      <symbol id="sm-733">
         <name>_MT2DModeTop</name>
         <value>0x3f8a33</value>
         <object_component_ref idref="oc-14f"/>
      </symbol>
      <symbol id="sm-734">
         <name>_DT2DModeTop</name>
         <value>0x1028ff</value>
         <object_component_ref idref="oc-150"/>
      </symbol>
      <symbol id="sm-980">
         <name>_DownloadTable</name>
         <value>0x3f9071</value>
         <object_component_ref idref="oc-13d"/>
      </symbol>
      <symbol id="sm-981">
         <name>_ChangeTable995</name>
         <value>0x3f91a2</value>
         <object_component_ref idref="oc-13d"/>
      </symbol>
      <symbol id="sm-982">
         <name>_ChangeTable996</name>
         <value>0x3f914d</value>
         <object_component_ref idref="oc-13d"/>
      </symbol>
      <symbol id="sm-983">
         <name>_ChangeTable999</name>
         <value>0x3f90f3</value>
         <object_component_ref idref="oc-13d"/>
      </symbol>
      <symbol id="sm-984">
         <name>_ChangeTable99A</name>
         <value>0x3f90c9</value>
         <object_component_ref idref="oc-13d"/>
      </symbol>
      <symbol id="sm-985">
         <name>_CheckReadTable</name>
         <value>0x100000</value>
         <object_component_ref idref="oc-143"/>
      </symbol>
      <symbol id="sm-986">
         <name>_CheckWorkMode</name>
         <value>0x3f90ab</value>
         <object_component_ref idref="oc-13d"/>
      </symbol>
      <symbol id="sm-987">
         <name>_SendTable</name>
         <value>0x3f904d</value>
         <object_component_ref idref="oc-13d"/>
      </symbol>
      <symbol id="sm-9a7">
         <name>_main</name>
         <value>0x3f9691</value>
         <object_component_ref idref="oc-13f"/>
      </symbol>
      <symbol id="sm-9b1">
         <name>__IQ10atan2</name>
         <value>0x40</value>
         <object_component_ref idref="oc-e0"/>
      </symbol>
      <symbol id="sm-9bc">
         <name>__IQ10div</name>
         <value>0x11f</value>
         <object_component_ref idref="oc-e1"/>
      </symbol>
      <symbol id="sm-9c6">
         <name>__IQ10int</name>
         <value>0x1ef</value>
         <object_component_ref idref="oc-e2"/>
      </symbol>
      <symbol id="sm-9d0">
         <name>__IQ10mag</name>
         <value>0xbf</value>
         <object_component_ref idref="oc-e3"/>
      </symbol>
      <symbol id="sm-9da">
         <name>__IQ10sqrt</name>
         <value>0x1ad</value>
         <object_component_ref idref="oc-e4"/>
      </symbol>
      <symbol id="sm-9e5">
         <name>__IQ3div</name>
         <value>0x166</value>
         <object_component_ref idref="oc-e5"/>
      </symbol>
      <symbol id="sm-9e9">
         <name>_IQ16mpyRndSatTable</name>
         <value>0x3ffa90</value>
         <object_component_ref idref="oc-e6"/>
      </symbol>
      <symbol id="sm-9ea">
         <name>_IQ24mpyRndSatTable</name>
         <value>0x3ffa30</value>
         <object_component_ref idref="oc-e6"/>
      </symbol>
      <symbol id="sm-9eb">
         <name>_IQ13mpyRndSatTable</name>
         <value>0x3ffab4</value>
         <object_component_ref idref="oc-e6"/>
      </symbol>
      <symbol id="sm-9ec">
         <name>_IQ21mpyRndSatTable</name>
         <value>0x3ffa54</value>
         <object_component_ref idref="oc-e6"/>
      </symbol>
      <symbol id="sm-9ed">
         <name>_IQ10mpyRndSatTable</name>
         <value>0x3ffad8</value>
         <object_component_ref idref="oc-e6"/>
      </symbol>
      <symbol id="sm-9ee">
         <name>_IQdivTable</name>
         <value>0x3ff510</value>
         <object_component_ref idref="oc-e6"/>
      </symbol>
      <symbol id="sm-9ef">
         <name>_IQ9mpyRndSatTable</name>
         <value>0x3ffae4</value>
         <object_component_ref idref="oc-e6"/>
      </symbol>
      <symbol id="sm-9f0">
         <name>_IQ6mpyRndSatTable</name>
         <value>0x3ffb08</value>
         <object_component_ref idref="oc-e6"/>
      </symbol>
      <symbol id="sm-9f1">
         <name>_IQatan2TableEnd</name>
         <value>0x3ff9e8</value>
         <object_component_ref idref="oc-e6"/>
      </symbol>
      <symbol id="sm-9f2">
         <name>_IQdivTableEnd</name>
         <value>0x3ff712</value>
         <object_component_ref idref="oc-e6"/>
      </symbol>
      <symbol id="sm-9f3">
         <name>_IQ29mpyRndSatTable</name>
         <value>0x3ff9f4</value>
         <object_component_ref idref="oc-e6"/>
      </symbol>
      <symbol id="sm-9f4">
         <name>_IQ3mpyRndSatTable</name>
         <value>0x3ffb2c</value>
         <object_component_ref idref="oc-e6"/>
      </symbol>
      <symbol id="sm-9f5">
         <name>_IQ18mpyRndSatTable</name>
         <value>0x3ffa78</value>
         <object_component_ref idref="oc-e6"/>
      </symbol>
      <symbol id="sm-9f6">
         <name>_IQ26mpyRndSatTable</name>
         <value>0x3ffa18</value>
         <object_component_ref idref="oc-e6"/>
      </symbol>
      <symbol id="sm-9f7">
         <name>_IQcosTableEnd</name>
         <value>0x3ff502</value>
         <object_component_ref idref="oc-e6"/>
      </symbol>
      <symbol id="sm-9f8">
         <name>_IQsinTableEnd</name>
         <value>0x3ff400</value>
         <object_component_ref idref="oc-e6"/>
      </symbol>
      <symbol id="sm-9f9">
         <name>_IQ15mpyRndSatTable</name>
         <value>0x3ffa9c</value>
         <object_component_ref idref="oc-e6"/>
      </symbol>
      <symbol id="sm-9fa">
         <name>_IQ23mpyRndSatTable</name>
         <value>0x3ffa3c</value>
         <object_component_ref idref="oc-e6"/>
      </symbol>
      <symbol id="sm-9fb">
         <name>_IQ12mpyRndSatTable</name>
         <value>0x3ffac0</value>
         <object_component_ref idref="oc-e6"/>
      </symbol>
      <symbol id="sm-9fc">
         <name>_IQ20mpyRndSatTable</name>
         <value>0x3ffa60</value>
         <object_component_ref idref="oc-e6"/>
      </symbol>
      <symbol id="sm-9fd">
         <name>_IQisqrtTableEnd</name>
         <value>0x3ff824</value>
         <object_component_ref idref="oc-e6"/>
      </symbol>
      <symbol id="sm-9fe">
         <name>_IQ8mpyRndSatTable</name>
         <value>0x3ffaf0</value>
         <object_component_ref idref="oc-e6"/>
      </symbol>
      <symbol id="sm-9ff">
         <name>_IQisqrtRoundSatTable</name>
         <value>0x3ff712</value>
         <object_component_ref idref="oc-e6"/>
      </symbol>
      <symbol id="sm-a00">
         <name>_IQ5mpyRndSatTable</name>
         <value>0x3ffb14</value>
         <object_component_ref idref="oc-e6"/>
      </symbol>
      <symbol id="sm-a01">
         <name>_IQmpyRndSatTable</name>
         <value>0x3ff9e8</value>
         <object_component_ref idref="oc-e6"/>
      </symbol>
      <symbol id="sm-a02">
         <name>_IQ28mpyRndSatTable</name>
         <value>0x3ffa00</value>
         <object_component_ref idref="oc-e6"/>
      </symbol>
      <symbol id="sm-a03">
         <name>_IQatan2Table</name>
         <value>0x3ff862</value>
         <object_component_ref idref="oc-e6"/>
      </symbol>
      <symbol id="sm-a04">
         <name>_IQ2mpyRndSatTable</name>
         <value>0x3ffb38</value>
         <object_component_ref idref="oc-e6"/>
      </symbol>
      <symbol id="sm-a05">
         <name>_IQatan2HalfPITable</name>
         <value>0x3ff824</value>
         <object_component_ref idref="oc-e6"/>
      </symbol>
      <symbol id="sm-a06">
         <name>_IQ17mpyRndSatTable</name>
         <value>0x3ffa84</value>
         <object_component_ref idref="oc-e6"/>
      </symbol>
      <symbol id="sm-a07">
         <name>_IQ25mpyRndSatTable</name>
         <value>0x3ffa24</value>
         <object_component_ref idref="oc-e6"/>
      </symbol>
      <symbol id="sm-a08">
         <name>_IQsqrtTable</name>
         <value>0x3ff722</value>
         <object_component_ref idref="oc-e6"/>
      </symbol>
      <symbol id="sm-a09">
         <name>_IQsqrtTableEnd</name>
         <value>0x3ff824</value>
         <object_component_ref idref="oc-e6"/>
      </symbol>
      <symbol id="sm-a0a">
         <name>_IQ14mpyRndSatTable</name>
         <value>0x3ffaa8</value>
         <object_component_ref idref="oc-e6"/>
      </symbol>
      <symbol id="sm-a0b">
         <name>_IQ22mpyRndSatTable</name>
         <value>0x3ffa48</value>
         <object_component_ref idref="oc-e6"/>
      </symbol>
      <symbol id="sm-a0c">
         <name>_IQ30mpyRndSatTable</name>
         <value>0x3ff9e8</value>
         <object_component_ref idref="oc-e6"/>
      </symbol>
      <symbol id="sm-a0d">
         <name>_IQsqrtRoundSatTable</name>
         <value>0x3ff712</value>
         <object_component_ref idref="oc-e6"/>
      </symbol>
      <symbol id="sm-a0e">
         <name>_IQ11mpyRndSatTable</name>
         <value>0x3ffacc</value>
         <object_component_ref idref="oc-e6"/>
      </symbol>
      <symbol id="sm-a0f">
         <name>_IQdivRoundSatTable</name>
         <value>0x3ff502</value>
         <object_component_ref idref="oc-e6"/>
      </symbol>
      <symbol id="sm-a10">
         <name>_IQ7mpyRndSatTable</name>
         <value>0x3ffafc</value>
         <object_component_ref idref="oc-e6"/>
      </symbol>
      <symbol id="sm-a11">
         <name>_IQcosTable</name>
         <value>0x3ff100</value>
         <object_component_ref idref="oc-e6"/>
      </symbol>
      <symbol id="sm-a12">
         <name>_IQisqrtTable</name>
         <value>0x3ff722</value>
         <object_component_ref idref="oc-e6"/>
      </symbol>
      <symbol id="sm-a13">
         <name>_IQ4mpyRndSatTable</name>
         <value>0x3ffb20</value>
         <object_component_ref idref="oc-e6"/>
      </symbol>
      <symbol id="sm-a14">
         <name>_IQ19mpyRndSatTable</name>
         <value>0x3ffa6c</value>
         <object_component_ref idref="oc-e6"/>
      </symbol>
      <symbol id="sm-a15">
         <name>_IQ27mpyRndSatTable</name>
         <value>0x3ffa0c</value>
         <object_component_ref idref="oc-e6"/>
      </symbol>
      <symbol id="sm-a16">
         <name>_IQmpyRndSatTableEnd</name>
         <value>0x3ffb50</value>
         <object_component_ref idref="oc-e6"/>
      </symbol>
      <symbol id="sm-a17">
         <name>_IQ1mpyRndSatTable</name>
         <value>0x3ffb44</value>
         <object_component_ref idref="oc-e6"/>
      </symbol>
      <symbol id="sm-a18">
         <name>_IQsinTable</name>
         <value>0x3ff000</value>
         <object_component_ref idref="oc-e6"/>
      </symbol>
      <symbol id="sm-a24">
         <name>__stack</name>
         <value>0x400</value>
         <object_component_ref idref="oc-e7"/>
      </symbol>
      <symbol id="sm-a25">
         <name>_c_int00</name>
         <value>0x3f9c85</value>
         <object_component_ref idref="oc-2f"/>
      </symbol>
      <symbol id="sm-a33">
         <name>__dtors_ptr</name>
         <value>0x3de</value>
         <object_component_ref idref="oc-ef"/>
      </symbol>
      <symbol id="sm-a34">
         <name>C$$EXIT</name>
         <value>0x3f9dfe</value>
         <object_component_ref idref="oc-ec"/>
      </symbol>
      <symbol id="sm-a35">
         <name>_abort</name>
         <value>0x3f9dfe</value>
         <object_component_ref idref="oc-ec"/>
      </symbol>
      <symbol id="sm-a36">
         <name>_exit</name>
         <value>0x3f9e00</value>
         <object_component_ref idref="oc-ec"/>
      </symbol>
      <symbol id="sm-a37">
         <name>__cleanup_ptr</name>
         <value>0x3dc</value>
         <object_component_ref idref="oc-ef"/>
      </symbol>
      <symbol id="sm-a3f">
         <name>FD$$MPY</name>
         <value>0x3f99ea</value>
         <object_component_ref idref="oc-f2"/>
      </symbol>
      <symbol id="sm-a47">
         <name>FD$$TOL</name>
         <value>0x3f9d8a</value>
         <object_component_ref idref="oc-f6"/>
      </symbol>
      <symbol id="sm-a4f">
         <name>FS$$SUB</name>
         <value>0x3f9af0</value>
         <object_component_ref idref="oc-fa"/>
      </symbol>
      <symbol id="sm-a50">
         <name>FS$$ADD</name>
         <value>0x3f9af5</value>
         <object_component_ref idref="oc-fa"/>
      </symbol>
      <symbol id="sm-a58">
         <name>FS$$DIV</name>
         <value>0x3f9a6d</value>
         <object_component_ref idref="oc-fe"/>
      </symbol>
      <symbol id="sm-a60">
         <name>FS$$MPY</name>
         <value>0x3f9bdf</value>
         <object_component_ref idref="oc-102"/>
      </symbol>
      <symbol id="sm-a68">
         <name>FS$$TOFD</name>
         <value>0x3f9dc6</value>
         <object_component_ref idref="oc-106"/>
      </symbol>
      <symbol id="sm-a70">
         <name>FS$$TOL</name>
         <value>0x3f9cf3</value>
         <object_component_ref idref="oc-10a"/>
      </symbol>
      <symbol id="sm-a78">
         <name>FS$$TOU</name>
         <value>0x3f9da9</value>
         <object_component_ref idref="oc-10e"/>
      </symbol>
      <symbol id="sm-a80">
         <name>FS$$TOUL</name>
         <value>0x3f9d69</value>
         <object_component_ref idref="oc-112"/>
      </symbol>
      <symbol id="sm-a88">
         <name>L$$DIV</name>
         <value>0x3f9cc9</value>
         <object_component_ref idref="oc-116"/>
      </symbol>
      <symbol id="sm-a89">
         <name>UL$$MOD</name>
         <value>0x3f9ced</value>
         <object_component_ref idref="oc-116"/>
      </symbol>
      <symbol id="sm-a8a">
         <name>UL$$DIV</name>
         <value>0x3f9ce6</value>
         <object_component_ref idref="oc-116"/>
      </symbol>
      <symbol id="sm-a8b">
         <name>L$$MOD</name>
         <value>0x3f9cd8</value>
         <object_component_ref idref="oc-116"/>
      </symbol>
      <symbol id="sm-a93">
         <name>L$$TOFD</name>
         <value>0x3f9de2</value>
         <object_component_ref idref="oc-11a"/>
      </symbol>
      <symbol id="sm-a9b">
         <name>U$$MOD</name>
         <value>0x3f9e9f</value>
         <object_component_ref idref="oc-11e"/>
      </symbol>
      <symbol id="sm-a9c">
         <name>U$$DIV</name>
         <value>0x3f9e9a</value>
         <object_component_ref idref="oc-11e"/>
      </symbol>
      <symbol id="sm-aa4">
         <name>U$$TOFD</name>
         <value>0x3f9e16</value>
         <object_component_ref idref="oc-122"/>
      </symbol>
      <symbol id="sm-aac">
         <name>U$$TOFS</name>
         <value>0x3f9e7c</value>
         <object_component_ref idref="oc-126"/>
      </symbol>
      <symbol id="sm-ab4">
         <name>UL$$TOFD</name>
         <value>0x3f9e2d</value>
         <object_component_ref idref="oc-12a"/>
      </symbol>
      <symbol id="sm-abc">
         <name>UL$$TOFS</name>
         <value>0x3f9e58</value>
         <object_component_ref idref="oc-12e"/>
      </symbol>
      <symbol id="sm-aca">
         <name>__lock</name>
         <value>0x37e</value>
         <object_component_ref idref="oc-135"/>
      </symbol>
      <symbol id="sm-acb">
         <name>__register_unlock</name>
         <value>0x3f9ea5</value>
         <object_component_ref idref="oc-132"/>
      </symbol>
      <symbol id="sm-acc">
         <name>__nop</name>
         <value>0x3f9ead</value>
         <object_component_ref idref="oc-132"/>
      </symbol>
      <symbol id="sm-acd">
         <name>__register_lock</name>
         <value>0x3f9ea9</value>
         <object_component_ref idref="oc-132"/>
      </symbol>
      <symbol id="sm-ace">
         <name>__unlock</name>
         <value>0x37c</value>
         <object_component_ref idref="oc-135"/>
      </symbol>
      <symbol id="sm-ad8">
         <name>__args_main</name>
         <value>0x3f9e43</value>
         <object_component_ref idref="oc-138"/>
      </symbol>
   </symbol_table>
   <title>Link successful</title>
</link_info>
