******************************************************************************
             TMS320C2000 Linker PC v6.2.7                      
******************************************************************************
>> Linked Thu Sep 16 15:23:53 2021

OUTPUT FILE NAME:   <LWD_NMR_ECB.out>
ENTRY POINT SYMBOL: "_c_int00"  address: 00009faa


MEMORY CONFIGURATION

         name            origin    length      used     unused   attr    fill
----------------------  --------  ---------  --------  --------  ----  --------
PAGE 0:
  RAMM0_0               00000040   00000380  0000034e  00000032  RWIX
  RAML0_CODE_USE2       00008200   00000390  000002c1  000000cf  RWIX
  RAML1_RSV             00009000   00001000  00001000  00000000  RWIX
  RAMOUT_0              00100000   0001ffff  00001cc7  0001e338  RWIX
  FLASH_E               003d8000   0001f000  00000000  0001f000  RWIX
  BEGIN                 003f7ff6   00000002  00000000  00000002  RWIX
  PRAMH0                003f8000   00002000  00002000  00000000  RWIX
  BOOTROM               003ff000   00000fc0  00000b50  00000470  RW  
  RESET                 003fffc0   00000002  00000000  00000002  RWIX
  VECTORS               003fffc2   0000003e  00000000  0000003e  RWIX

PAGE 1:
  RAMM0_1               000003c0   00000040  0000003c  00000004  RWIX
  RAMM1                 00000400   00000400  00000400  00000000  RWIX
  DEV_EMU               00000880   00000180  000000d2  000000ae  RWIX
  FLASH_REGS            00000a80   00000060  00000008  00000058  RWIX
  CSM                   00000ae0   00000010  00000010  00000000  RWIX
  XINTF                 00000b20   00000020  00000020  00000000  RWIX
  CPU_TIMER0            00000c00   00000008  00000008  00000000  RWIX
  PIE_CTRL              00000ce0   00000020  0000001a  00000006  RWIX
  PIE_VECT              00000d00   00000100  00000100  00000000  RWIX
  ECANA                 00006000   00000040  00000034  0000000c  RWIX
  ECANA_LAM             00006040   00000040  00000040  00000000  RWIX
  ECANA_MOTS            00006080   00000040  00000040  00000000  RWIX
  ECANA_MOTO            000060c0   00000040  00000040  00000000  RWIX
  ECANA_MBOX            00006100   00000100  00000100  00000000  RWIX
  SYSTEM                00007010   00000020  00000020  00000000  RWIX
  SPIA                  00007040   00000010  00000010  00000000  RWIX
  SCIA                  00007050   00000010  00000010  00000000  RWIX
  XINTRUPT              00007070   00000010  00000010  00000000  RWIX
  GPIOMUX               000070c0   00000020  00000020  00000000  RWIX
  GPIODAT               000070e0   00000020  00000020  00000000  RWIX
  ADC                   00007100   00000020  0000001a  00000006  RWIX
  EVA                   00007400   00000040  00000032  0000000e  RWIX
  EVB                   00007500   00000040  00000032  0000000e  RWIX
  SCIB                  00007750   00000010  00000010  00000000  RWIX
  MCBSPA                00007800   00000040  00000025  0000001b  RWIX
  RAML0_CODE_USE        00008000   00000100  00000000  00000100  RWIX
  RAML0_CODE_USE1       00008100   00000100  00000000  00000100  RWIX
  myzone                00008590   00000a70  0000086a  00000206  RWIX
  FPGA_RSV              00080000   00080000  00000000  00080000  RWIX
  RAMOUT_1_CODE_USE     00120000   0001ffff  00000000  0001ffff  RWIX
  RAMOUT_2_RSV          00140000   0003ffff  00000000  0003ffff  RWIX
  CSM_PWL               003f7ff8   00000008  00000008  00000000  RWIX


SECTION ALLOCATION MAP

 output                                  attributes/
section   page    origin      length       input sections
--------  ----  ----------  ----------   ----------------
.pinit     0    00000040    00000000     UNINITIALIZED

IQmath     0    00000040    000001b8     
                  00000040    0000007f     IQmath.lib : IQ10atan2.obj (IQmath)
                  000000bf    00000060                : IQ10mag.obj (IQmath)
                  0000011f    00000047                : IQ10div.obj (IQmath)
                  00000166    00000047                : IQ3div.obj (IQmath)
                  000001ad    00000042                : IQ10sqrt.obj (IQmath)
                  000001ef    00000009                : IQ10int.obj (IQmath)

.econst    0    000001f8    00000108     
                  000001f8    00000100     DSP281x_PieVect.obj (.econst)
                  000002f8    00000004     MyFunctions.obj (.econst)
                  000002fc    00000004     PulseTop.obj (.econst)

.cinit     0    00000300    0000008e     
                  00000300    00000040     MyVariables.obj (.cinit)
                  00000340    00000014     TableHandle.obj (.cinit)
                  00000354    0000000a     rts2800_ml.lib : _lock.obj (.cinit)
                  0000035e    0000000a                    : exit.obj (.cinit)
                  00000368    00000008     SCIA_interrupt.obj (.cinit)
                  00000370    00000004     CasingDetectTop.obj (.cinit)
                  00000374    00000004     PPDIFModeTop.obj (.cinit)
                  00000378    00000004     PPModeTop.obj (.cinit)
                  0000037c    00000004     PPOFTWModeTop.obj (.cinit)
                  00000380    00000004     PPShortModeTop.obj (.cinit)
                  00000384    00000004     PPT1ModeTop.obj (.cinit)
                  00000388    00000004     rts2800_ml.lib : errno.obj (.cinit)
                  0000038c    00000002     --HOLE-- [fill = 0]

.text.1    0    00008200    000002c1     
                  00008200    0000003f     MyFPGAFunctions.obj (.text)
                  0000823f    00000033     rts2800_ml.lib : ldexp.obj (.text)
                  00008272    0000002a                    : l_div.obj (.text)
                  0000829c    00000029                    : fs_tol.obj (.text)
                  000082c5    00000028     DSP281x_PieCtrl.obj (.text)
                  000082ed    00000025     MyFunctions.obj (.text:retain)
                  00008312    00000025     rts2800_ml.lib : fs_toi.obj (.text)
                  00008337    00000021                    : fs_toul.obj (.text)
                  00008358    00000020     DSP281x_PieVect.obj (.text)
                  00008378    0000001f     rts2800_ml.lib : fd_tol.obj (.text)
                  00008397    0000001d                    : fs_tou.obj (.text)
                  000083b4    0000001c                    : fs_tofd.obj (.text)
                  000083d0    0000001c                    : l_tofd.obj (.text)
                  000083ec    0000001a                    : i_tofs.obj (.text)
                  00008406    00000018                    : exit.obj (.text)
                  0000841e    00000017                    : fs_cmp.obj (.text)
                  00008435    00000017                    : u_tofd.obj (.text)
                  0000844c    00000016                    : ul_tofd.obj (.text)
                  00008462    00000015                    : args_main.obj (.text)
                  00008477    00000013                    : frexp.obj (.text)
                  0000848a    00000013                    : ul_tofs.obj (.text)
                  0000849d    00000010                    : u_tofs.obj (.text)
                  000084ad    0000000b                    : u_div.obj (.text)
                  000084b8    00000009                    : _lock.obj (.text)

.text.2    0    00009000    00001000     
                  00009000    00000163     PPShortModeTop.obj (.text)
                  00009163    0000015f     PPModeTop.obj (.text)
                  000092c2    0000014c     SCIA_interrupt.obj (.text)
                  0000940e    0000014a     DSP281x_DefaultIsr.obj (.text:retain)
                  00009558    00000136     ScaleHoleTop.obj (.text)
                  0000968e    00000117     MyFunctions.obj (.text)
                  000097a5    0000010c     DSP281x_SysCtrl.obj (.text)
                  000098b1    000000f7     ScanTop.obj (.text)
                  000099a8    000000f3     DE_CPMG_Top.obj (.text)
                  00009a9b    000000ab     rts2800_ml.lib : log.obj (.text)
                  00009b46    0000009f                    : exp.obj (.text)
                  00009be5    00000095     RelayCtrl.obj (.text)
                  00009c7a    00000086     PulseTop.obj (.text)
                  00009d00    00000083     rts2800_ml.lib : fd_mpy.obj (.text)
                  00009d83    00000083                    : fs_div.obj (.text)
                  00009e06    00000082     DE_CPMG_Top.obj (.text:retain)
                  00009e88    00000078     rts2800_ml.lib : fs_add.obj (.text)
                  00009f00    0000005a                    : fs_mpy.obj (.text)
                  00009f5a    00000050                    : sqrt.obj (.text)
                  00009faa    00000044                    : boot.obj (.text)
                  00009fee    00000012     main.obj (.text)

secureRamFuncs 
*          0    00100000    00001cc7     
                  00100000    00000d85     MyFunctions.obj (secureRamFuncs)
                  00100d85    000003b2     GaussFitAlogrithm.obj (secureRamFuncs)
                  00101137    000002ef     CublicSplineAlogrithm.obj (secureRamFuncs)
                  00101426    00000251     MyFPGAFunctions.obj (secureRamFuncs)
                  00101677    0000022e     StateCtrl.obj (secureRamFuncs)
                  001018a5    000001e3     TableHandle.obj (secureRamFuncs)
                  00101a88    000001ae     PulseTop.obj (secureRamFuncs)
                  00101c36    0000007b     SCIA_interrupt.obj (secureRamFuncs:retain)
                  00101cb1    00000016     SCIA_interrupt.obj (secureRamFuncs)

.text.3    0    003f8000    00002000     
                  003f8000    00000db6     MainInitial.obj (.text)
                  003f8db6    000006ae     TableHandle.obj (.text)
                  003f9464    000002a9     PPT1ModeTop.obj (.text)
                  003f970d    00000228     PPOFTWModeTop.obj (.text)
                  003f9935    000001e5     PPDIFModeTop.obj (.text)
                  003f9b1a    000001e2     CasingDetectTop.obj (.text)
                  003f9cfc    000001ae     SingleOrderDeal.obj (.text)
                  003f9eaa    00000151     TuningModeTop.obj (.text)
                  003f9ffb    00000005     rts2800_ml.lib : fs_neg.obj (.text)

IQmathTables 
*          0    003ff000    00000b50     NOLOAD SECTION
                  003ff000    00000b50     IQmath.lib : IQmathTables.obj (IQmathTables)

.reset     0    003fffc0    00000002     DSECT
                  003fffc0    00000002     rts2800_ml.lib : boot.obj (.reset)

vectors    0    003fffc2    00000000     DSECT

.ebss      1    000003c0    0000003c     UNINITIALIZED
                  000003c0    00000012     MyVariables.obj (.ebss)
                  000003d2    00000008     DSP281x_CpuTimers.obj (.ebss)
                  000003da    00000008     TableHandle.obj (.ebss)
                  000003e2    00000005     SCIA_interrupt.obj (.ebss)
                  000003e7    00000001     PPDIFModeTop.obj (.ebss)
                  000003e8    00000004     MyFunctions.obj (.ebss)
                  000003ec    00000004     rts2800_ml.lib : _lock.obj (.ebss)
                  000003f0    00000004                    : exit.obj (.ebss)
                  000003f4    00000003     CasingDetectTop.obj (.ebss)
                  000003f7    00000001     PPModeTop.obj (.ebss)
                  000003f8    00000001     PPOFTWModeTop.obj (.ebss)
                  000003f9    00000001     PPShortModeTop.obj (.ebss)
                  000003fa    00000001     PPT1ModeTop.obj (.ebss)
                  000003fb    00000001     rts2800_ml.lib : errno.obj (.ebss)

.bss       1    000003c0    00000000     UNINITIALIZED

.stack     1    00000400    00000400     UNINITIALIZED
                  00000400    00000400     --HOLE--

DevEmuRegsFile 
*          1    00000880    000000d2     UNINITIALIZED
                  00000880    000000d2     DSP281x_GlobalVariableDefs.obj (DevEmuRegsFile)

FlashRegsFile 
*          1    00000a80    00000008     UNINITIALIZED
                  00000a80    00000008     DSP281x_GlobalVariableDefs.obj (FlashRegsFile)

CsmRegsFile 
*          1    00000ae0    00000010     UNINITIALIZED
                  00000ae0    00000010     DSP281x_GlobalVariableDefs.obj (CsmRegsFile)

XintfRegsFile 
*          1    00000b20    00000020     UNINITIALIZED
                  00000b20    00000020     DSP281x_GlobalVariableDefs.obj (XintfRegsFile)

CpuTimer0RegsFile 
*          1    00000c00    00000008     UNINITIALIZED
                  00000c00    00000008     DSP281x_GlobalVariableDefs.obj (CpuTimer0RegsFile)

PieCtrlRegsFile 
*          1    00000ce0    0000001a     UNINITIALIZED
                  00000ce0    0000001a     DSP281x_GlobalVariableDefs.obj (PieCtrlRegsFile)

PieVectTableFile 
*          1    00000d00    00000100     UNINITIALIZED
                  00000d00    00000100     DSP281x_GlobalVariableDefs.obj (PieVectTableFile)

ECanaRegsFile 
*          1    00006000    00000034     UNINITIALIZED
                  00006000    00000034     DSP281x_GlobalVariableDefs.obj (ECanaRegsFile)

ECanaLAMRegsFile 
*          1    00006040    00000040     UNINITIALIZED
                  00006040    00000040     DSP281x_GlobalVariableDefs.obj (ECanaLAMRegsFile)

ECanaMOTSRegsFile 
*          1    00006080    00000040     UNINITIALIZED
                  00006080    00000040     DSP281x_GlobalVariableDefs.obj (ECanaMOTSRegsFile)

ECanaMOTORegsFile 
*          1    000060c0    00000040     UNINITIALIZED
                  000060c0    00000040     DSP281x_GlobalVariableDefs.obj (ECanaMOTORegsFile)

ECanaMboxesFile 
*          1    00006100    00000100     UNINITIALIZED
                  00006100    00000100     DSP281x_GlobalVariableDefs.obj (ECanaMboxesFile)

SysCtrlRegsFile 
*          1    00007010    00000020     UNINITIALIZED
                  00007010    00000020     DSP281x_GlobalVariableDefs.obj (SysCtrlRegsFile)

SpiaRegsFile 
*          1    00007040    00000010     UNINITIALIZED
                  00007040    00000010     DSP281x_GlobalVariableDefs.obj (SpiaRegsFile)

SciaRegsFile 
*          1    00007050    00000010     UNINITIALIZED
                  00007050    00000010     DSP281x_GlobalVariableDefs.obj (SciaRegsFile)

XIntruptRegsFile 
*          1    00007070    00000010     UNINITIALIZED
                  00007070    00000010     DSP281x_GlobalVariableDefs.obj (XIntruptRegsFile)

GpioMuxRegsFile 
*          1    000070c0    00000020     UNINITIALIZED
                  000070c0    00000020     DSP281x_GlobalVariableDefs.obj (GpioMuxRegsFile)

GpioDataRegsFile 
*          1    000070e0    00000020     UNINITIALIZED
                  000070e0    00000020     DSP281x_GlobalVariableDefs.obj (GpioDataRegsFile)

AdcRegsFile 
*          1    00007100    0000001a     UNINITIALIZED
                  00007100    0000001a     DSP281x_GlobalVariableDefs.obj (AdcRegsFile)

EvaRegsFile 
*          1    00007400    00000032     UNINITIALIZED
                  00007400    00000032     DSP281x_GlobalVariableDefs.obj (EvaRegsFile)

EvbRegsFile 
*          1    00007500    00000032     UNINITIALIZED
                  00007500    00000032     DSP281x_GlobalVariableDefs.obj (EvbRegsFile)

ScibRegsFile 
*          1    00007750    00000010     UNINITIALIZED
                  00007750    00000010     DSP281x_GlobalVariableDefs.obj (ScibRegsFile)

McbspaRegsFile 
*          1    00007800    00000025     UNINITIALIZED
                  00007800    00000025     DSP281x_GlobalVariableDefs.obj (McbspaRegsFile)

MyVariablesZone 
*          1    000085c0    0000086a     UNINITIALIZED
                  000085c0    0000086a     MyVariables.obj (MyVariablesZone)

CsmPwlFile 
*          1    003f7ff8    00000008     UNINITIALIZED
                  003f7ff8    00000008     DSP281x_GlobalVariableDefs.obj (CsmPwlFile)


GLOBAL DATA SYMBOLS: SORTED BY DATA PAGE

address     data page           name
--------    ----------------    ----
00000040       1 (00000040)     __IQ10atan2

000000bf       2 (00000080)     __IQ10mag

0000011f       4 (00000100)     __IQ10div

00000166       5 (00000140)     __IQ3div

000001ad       6 (00000180)     __IQ10sqrt

000001ef       7 (000001c0)     __IQ10int
000001f8       7 (000001c0)     _PieVectTableInit

000003c0       f (000003c0)     _SendTempPt
000003c2       f (000003c0)     _MiniStorAddr6
000003c4       f (000003c0)     _MiniStorAddr5
000003c6       f (000003c0)     _MiniStorAddr1
000003c8       f (000003c0)     _MiniStorAddr3
000003ca       f (000003c0)     _MiniStorAddr2
000003cc       f (000003c0)     _MiniStorAddr4
000003ce       f (000003c0)     _SingleOrderData
000003d2       f (000003c0)     _CpuTimer0
000003da       f (000003c0)     _RecParameterCnt
000003db       f (000003c0)     _RecSingleOrderCnt
000003dc       f (000003c0)     _ParamTableLen
000003dd       f (000003c0)     _RecSendTableCnt
000003de       f (000003c0)     _DownloadTableCnt
000003e0       f (000003c0)     _tempSaveTablePt
000003e2       f (000003c0)     _SciaDataEven
000003e3       f (000003c0)     _BufferSciaDataH
000003e4       f (000003c0)     _SciaRecFlag
000003e5       f (000003c0)     _BufferSciaDataL
000003e6       f (000003c0)     _BufferSciaDataAll
000003e7       f (000003c0)     _PPDIFMiniNumAry
000003e8       f (000003c0)     _TelN
000003ea       f (000003c0)     _TesN
000003ec       f (000003c0)     __unlock
000003ee       f (000003c0)     __lock
000003f0       f (000003c0)     __cleanup_ptr
000003f2       f (000003c0)     __dtors_ptr
000003f4       f (000003c0)     _center_fre_amp
000003f5       f (000003c0)     _CasingMiniNumAry
000003f6       f (000003c0)     _center_fre
000003f7       f (000003c0)     _PPModeMiniNumAry
000003f8       f (000003c0)     _PPOFTWMiniNumAry
000003f9       f (000003c0)     _PPShortMiniNumAry
000003fa       f (000003c0)     _PPT1MiniNumAry
000003fb       f (000003c0)     _errno

00000400      10 (00000400)     __stack

00000880      22 (00000880)     _DevEmuRegs

00000a80      2a (00000a80)     _FlashRegs

00000ae0      2b (00000ac0)     _CsmRegs

00000b20      2c (00000b00)     _XintfRegs

00000c00      30 (00000c00)     _CpuTimer0Regs

00000ce0      33 (00000cc0)     _PieCtrlRegs

00000d00      34 (00000d00)     _PieVectTable

00006000     180 (00006000)     _ECanaRegs

00006040     181 (00006040)     _ECanaLAMRegs

00006080     182 (00006080)     _ECanaMOTSRegs

000060c0     183 (000060c0)     _ECanaMOTORegs

00006100     184 (00006100)     _ECanaMboxes

00007010     1c0 (00007000)     _SysCtrlRegs

00007040     1c1 (00007040)     _SpiaRegs
00007050     1c1 (00007040)     _SciaRegs
00007070     1c1 (00007040)     _XIntruptRegs

000070c0     1c3 (000070c0)     _GpioMuxRegs
000070e0     1c3 (000070c0)     _GpioDataRegs

00007100     1c4 (00007100)     _AdcRegs

00007400     1d0 (00007400)     _EvaRegs

00007500     1d4 (00007500)     _EvbRegs

00007750     1dd (00007740)     _ScibRegs

00007800     1e0 (00007800)     _McbspaRegs

000085c0     217 (000085c0)     _SdAcqNum4Hi
000085c1     217 (000085c0)     _SdAcqNum4Low
000085c2     217 (000085c0)     _SdAcqNum5Hi
000085c3     217 (000085c0)     _SdAcqNum3
000085c4     217 (000085c0)     _DumpPara1
000085c5     217 (000085c0)     _SdAcqNum5Low
000085c6     217 (000085c0)     _SignalCalNum
000085c7     217 (000085c0)     _AdderCnt
000085c8     217 (000085c0)     _SdAcqNum7Hi
000085c9     217 (000085c0)     _DDSCfgHi
000085ca     217 (000085c0)     _SdAcqNum6Hi
000085cb     217 (000085c0)     _SdAcqNum6Low
000085cc     217 (000085c0)     _DDSCfgLow
000085cd     217 (000085c0)     _BriWidthData
000085ce     217 (000085c0)     _BriMid
000085cf     217 (000085c0)     _ScaleDDSDiv
000085d0     217 (000085c0)     _MatFreq
000085d1     217 (000085c0)     _PulseTime
000085d2     217 (000085c0)     _HalfFreqNum
000085d3     217 (000085c0)     _MatFreqSel
000085d4     217 (000085c0)     _DumpPara3
000085d5     217 (000085c0)     _DumpPara4
000085d6     217 (000085c0)     _SdAcqNum7Low
000085d7     217 (000085c0)     _DumpPara6
000085d8     217 (000085c0)     _MainDumpTime
000085d9     217 (000085c0)     _DumpPara2
000085da     217 (000085c0)     _DumpPara5
000085db     217 (000085c0)     _MiniFreq
000085dc     217 (000085c0)     _NTimeDec
000085dd     217 (000085c0)     _MiniFreqCnt
000085de     217 (000085c0)     _SaveCnt
000085df     217 (000085c0)     _CycleFlag
000085e0     217 (000085c0)     _FreqScan
000085e1     217 (000085c0)     _STimeDec
000085e2     217 (000085c0)     _DENum
000085e3     217 (000085c0)     _PhaseFlag
000085e4     217 (000085c0)     _SendTableFlag
000085e5     217 (000085c0)     _BandCnt
000085e6     217 (000085c0)     _ScaleCnt
000085e7     217 (000085c0)     _ZeroCnt
000085e8     217 (000085c0)     _CalDivData
000085e9     217 (000085c0)     _ToMSFreq
000085ea     217 (000085c0)     _ZeroOne
000085eb     217 (000085c0)     _DownTableFlag
000085ec     217 (000085c0)     _StoreCnt
000085ed     217 (000085c0)     _ReadTableBuf
000085ee     217 (000085c0)     _WorkMode
000085ef     217 (000085c0)     _DSTTimeOne
000085f0     217 (000085c0)     _NoiseDivFreq
000085f1     217 (000085c0)     _ScanSignalNum
000085f2     217 (000085c0)     _NoiseAcqNum
000085f3     217 (000085c0)     _NoiseAcqCnt
000085f4     217 (000085c0)     _DumpSustainFlag
000085f5     217 (000085c0)     _Open180STimeHi
000085f6     217 (000085c0)     _Open180STimeLow
000085f7     217 (000085c0)     _ScaleMn
000085f8     217 (000085c0)     _DCWorkFreq
000085f9     217 (000085c0)     _EchoAcqTime
000085fa     217 (000085c0)     _EchoAcqNum
000085fb     217 (000085c0)     _Cut180STimeHi
000085fc     217 (000085c0)     _DCNe
000085fd     217 (000085c0)     _DCMn
000085fe     217 (000085c0)     _DCPulseWidth
000085ff     217 (000085c0)     _ScaleM

00008600     218 (00008600)     _Ne
00008601     218 (00008600)     _DCTes
00008602     218 (00008600)     _Open180LTimeMS
00008603     218 (00008600)     _CutI90TimeHi
00008604     218 (00008600)     _Open180LTimeHi
00008605     218 (00008600)     _Cut90TimeHi
00008606     218 (00008600)     _Cut90TimeLow
00008607     218 (00008600)     _Open180LTimeLow
00008608     218 (00008600)     _CutI90TimeLow
00008609     218 (00008600)     _EchoAcqTimeBHalf
0000860a     218 (00008600)     _InverseTurnFlag
0000860b     218 (00008600)     _DCm
0000860c     218 (00008600)     _Cut180LTimeHi
0000860d     218 (00008600)     _Cut180LTimeLow
0000860e     218 (00008600)     _EchoAcqTimeFHalf
0000860f     218 (00008600)     _Cut180STimeLow
00008610     218 (00008600)     _PdPara2
00008611     218 (00008600)     _PdPara3
00008612     218 (00008600)     _PulseDataCnt
00008613     218 (00008600)     _Pd180Time
00008614     218 (00008600)     _PulseGain
00008615     218 (00008600)     _PdPara1
00008616     218 (00008600)     _Pd90Time
00008617     218 (00008600)     _PulseDivNum
00008618     218 (00008600)     _PulseMid4
00008619     218 (00008600)     _NoiseDivNum
0000861a     218 (00008600)     _SdAcqNum1
0000861b     218 (00008600)     _Strip180Num
0000861c     218 (00008600)     _PulseNum
0000861d     218 (00008600)     _PulseReadBuf
0000861e     218 (00008600)     _DEMn
0000861f     218 (00008600)     _P90PrdNum
00008620     218 (00008600)     _SftWinWidth
00008621     218 (00008600)     _DCFreqSel
00008622     218 (00008600)     _PulseCalNum
00008623     218 (00008600)     _WidthCnt
00008624     218 (00008600)     _StripBuf
00008625     218 (00008600)     _Acq180Num
00008626     218 (00008600)     _SdAcqNum2
00008627     218 (00008600)     _PulseBuf
00008628     218 (00008600)     _P180PrdNum
00008629     218 (00008600)     _Strip90Num
0000862a     218 (00008600)     _Acq90Num
0000862b     218 (00008600)     _STWTE_TE
0000862c     218 (00008600)     _STWTE_NE
0000862d     218 (00008600)     _PulseTestAcqFreq
0000862e     218 (00008600)     _STWTE_Period
0000862f     218 (00008600)     _PPM_TE_1A
00008630     218 (00008600)     _PPM_TE_1C
00008631     218 (00008600)     _PPM_Period
00008632     218 (00008600)     _PPM_TW_1C
00008633     218 (00008600)     _RelayCode
00008634     218 (00008600)     _ScalePeriod
00008635     218 (00008600)     _EchoAcqWindowShift
00008636     218 (00008600)     _Width90Pulse
00008637     218 (00008600)     _Calib_NE
00008638     218 (00008600)     _PulseTestPulseTime
00008639     218 (00008600)     _Angle180Pulse
0000863a     218 (00008600)     _Calib_TE
0000863b     218 (00008600)     _PPDIF_Nrept_1C
0000863c     218 (00008600)     _PPT1_Period
0000863d     218 (00008600)     _PPDIF_NE_1A1B
0000863e     218 (00008600)     _PPDIF_NE_1C
0000863f     218 (00008600)     _PPT1_TW_1E

00008640     219 (00008640)     _PPT1_TW_1F
00008641     219 (00008640)     _PPT1_TW_1C
00008642     219 (00008640)     _PPT1_TW_1D
00008643     219 (00008640)     _PPM_Nrept_1C
00008644     219 (00008640)     _PPDIF_Period
00008645     219 (00008640)     _PPM_NE_1A
00008646     219 (00008640)     _PPM_NE_1C
00008647     219 (00008640)     _PPDIF_TE_1A1B
00008648     219 (00008640)     _PPDIF_TE_1C
00008649     219 (00008640)     _PPDIF_TW_1C
0000864a     219 (00008640)     _PPDIF_TW_1B
0000864b     219 (00008640)     __caseingDetectFlag
0000864c     219 (00008640)     __operationFlag
0000864d     219 (00008640)     _modeDataSendLen
0000864e     219 (00008640)     _EventBoardState
0000864f     219 (00008640)     __casingOrOperaFlag
00008650     219 (00008640)     _SingleModeFlag
00008651     219 (00008640)     __modeDataSendFlag
00008652     219 (00008640)     __casingDetectErrFlag
00008653     219 (00008640)     _RelayCtrlCode
00008654     219 (00008640)     _SingleOrderAryChoice
00008655     219 (00008640)     _TransmitFre
00008656     219 (00008640)     _RecParamOrderFlag
00008657     219 (00008640)     _SendTableID
00008658     219 (00008640)     _RecSendTableFlag
00008659     219 (00008640)     _RecSingleOrderFlag
0000865a     219 (00008640)     _RecSendTableCmdParaLen
0000865b     219 (00008640)     _CenterFreq
0000865c     219 (00008640)     _ScanDeltaFreq
0000865d     219 (00008640)     _HoleModeFlag
0000865e     219 (00008640)     _PulseAcqFlag
0000865f     219 (00008640)     _SiglAcqPrdNum
00008660     219 (00008640)     _SiglAcqFreqTim
00008661     219 (00008640)     _NoiseAcqTime
00008662     219 (00008640)     _NoiseAcqFreq
00008663     219 (00008640)     _PPT1ModeFlag
00008664     219 (00008640)     _PPOFTWModeFlag
00008665     219 (00008640)     _PPModeFlag
00008666     219 (00008640)     _PPDIFModeFlag
00008667     219 (00008640)     _ScanModeFlag
00008668     219 (00008640)     _ScaleModeFlag
00008669     219 (00008640)     _PPShortModeFlag
0000866a     219 (00008640)     _TuningModeFlag
0000866b     219 (00008640)     _MiniCycCnt1
0000866c     219 (00008640)     _FreqNum2
0000866d     219 (00008640)     _EchoNum
0000866e     219 (00008640)     _HVState
0000866f     219 (00008640)     _PPOFTW_TW_1H
00008670     219 (00008640)     _PPOFTW_TW_1E
00008671     219 (00008640)     _PPOFTW_TW_1D
00008672     219 (00008640)     _PPShort_TE_1A
00008673     219 (00008640)     _PPOFTW_TW_1F
00008674     219 (00008640)     _PPShort_Period
00008675     219 (00008640)     _MiniCycCnt3
00008676     219 (00008640)     _MiniBuf
00008677     219 (00008640)     _PPShort_TW_1C
00008678     219 (00008640)     _MiniNoiseMax
00008679     219 (00008640)     _PPOFTW_TE_1ADEFGH
0000867a     219 (00008640)     _PPOFTW_TW_1G
0000867b     219 (00008640)     _PPOFTW_Nrept_1C
0000867c     219 (00008640)     _PPOFTW_TE_1C
0000867d     219 (00008640)     _PPT1_TW_Code
0000867e     219 (00008640)     _PPShort_Nrept_1C
0000867f     219 (00008640)     _PPT1_TE_1A

00008680     21a (00008680)     _CutTimeLow
00008681     21a (00008680)     _PPT1_TE_1CDEFGH
00008682     21a (00008680)     _PPT1_TW_1G
00008683     21a (00008680)     _IsParamUpdateFlag
00008684     21a (00008680)     _CutTimeHi
00008685     21a (00008680)     _PPT1_TW_1H
00008686     21a (00008680)     _PPShort_NE_1C
00008687     21a (00008680)     _PPOFTW_TW_1C
00008688     21a (00008680)     _PPOFTW_Period
00008689     21a (00008680)     _PPShort_TE_1C
0000868a     21a (00008680)     _PPShort_NE_1A
0000868b     21a (00008680)     _MiniCycCnt2
0000868c     21a (00008680)     _PPT1_NE_1C
0000868d     21a (00008680)     _PPT1_NE_1A
0000868e     21a (00008680)     _PPT1_Nrept_1C
0000868f     21a (00008680)     _PPT1_NE_1DEFGH
00008690     21a (00008680)     _Open180STime
00008692     21a (00008680)     _StoreMiniAryPt
00008694     21a (00008680)     _Open180LTime
00008696     21a (00008680)     _CutI90Time
00008698     21a (00008680)     _SaveNTempPt
0000869a     21a (00008680)     _ChgTablePt
0000869c     21a (00008680)     _SaveTablePt
0000869e     21a (00008680)     _Cut180STime
000086a0     21a (00008680)     _MiniTablePt
000086a2     21a (00008680)     _Cut180LTime
000086a4     21a (00008680)     _CheckTablePt
000086a6     21a (00008680)     _PulseAmpCrtIQ
000086a8     21a (00008680)     _SdAcqTimeMid3
000086aa     21a (00008680)     _Pulse90StoreAddr
000086ac     21a (00008680)     _PulseL180StoreAddr
000086ae     21a (00008680)     _PulseF180StoreAddr
000086b0     21a (00008680)     _EchoStorAddr
000086b2     21a (00008680)     _SdAcqNum5
000086b4     21a (00008680)     _SdAcqNum4
000086b6     21a (00008680)     _SdAcqNum6
000086b8     21a (00008680)     _SdAcqTimeMid1
000086ba     21a (00008680)     _SdAcqNum7
000086bc     21a (00008680)     _SdAcqTimeMid2
000086be     21a (00008680)     _TableTempPt

000086c0     21b (000086c0)     _TelCCheck
000086c2     21b (000086c0)     _SaveSTempPt
000086c4     21b (000086c0)     _TesCCheck
000086c6     21b (000086c0)     _ToMSSignalAddr
000086c8     21b (000086c0)     _ToMSNoiseAddr
000086ca     21b (000086c0)     _DDSMid3
000086cc     21b (000086c0)     _DDSMid2
000086ce     21b (000086c0)     _DDSMid5
000086d0     21b (000086c0)     _DDSMid4
000086d2     21b (000086c0)     _DDSMid6
000086d4     21b (000086c0)     _NoiseSquSumIQ3
000086d6     21b (000086c0)     _NoiseOfsIQ3
000086d8     21b (000086c0)     _DDSFreq
000086da     21b (000086c0)     _NoiseSquAveIQ3
000086dc     21b (000086c0)     _DDSMid1
000086de     21b (000086c0)     _SinThree
000086e0     21b (000086c0)     _SinTwo
000086e2     21b (000086c0)     _CosOne
000086e4     21b (000086c0)     _SinFour
000086e6     21b (000086c0)     _CosTwo
000086e8     21b (000086c0)     _DDSCfgWords
000086ea     21b (000086c0)     _DDSMid7
000086ec     21b (000086c0)     _DDSRefDcm
000086ee     21b (000086c0)     _DDSRefItg
000086f0     21b (000086c0)     _PulseCycle
000086f2     21b (000086c0)     _DataTotalNum
000086f4     21b (000086c0)     _SDumpTime
000086f6     21b (000086c0)     _MDumpTime
000086f8     21b (000086c0)     _CutTime
000086fa     21b (000086c0)     _RelayCtrlCode_f
000086fc     21b (000086c0)     _TransmitFre_f
000086fe     21b (000086c0)     _b

00008700     21c (00008700)     _a
00008702     21c (00008700)     _c
00008704     21c (00008700)     _NoiseOfsIQ
00008706     21c (00008700)     _NoiseMaxValIQ
00008708     21c (00008700)     _NoiseSqrAveIQ
0000870a     21c (00008700)     _NoiseOfsAbsIQ
0000870c     21c (00008700)     _SinOne
0000870e     21c (00008700)     _NoiseSum
00008710     21c (00008700)     _SendCnt
00008712     21c (00008700)     _NoiseAveIQ
00008714     21c (00008700)     _NoiseAveShiftIQ
00008716     21c (00008700)     _TNMid1
00008718     21c (00008700)     _EchoMid4
0000871a     21c (00008700)     _Cmp180BHalf
0000871c     21c (00008700)     _Cut90Time
0000871e     21c (00008700)     _TNMid2
00008720     21c (00008700)     _Pulse180WidthHalf
00008722     21c (00008700)     _Pulse180Width
00008724     21c (00008700)     _EchoMid2
00008726     21c (00008700)     _EchoMid1
00008728     21c (00008700)     _EchoMid3
0000872a     21c (00008700)     _CmpTelHalf
0000872c     21c (00008700)     _CmpTesHalf
0000872e     21c (00008700)     _CmpI90
00008730     21c (00008700)     _Cmp90
00008732     21c (00008700)     _Cmp180FHalf
00008734     21c (00008700)     _Tes
00008736     21c (00008700)     _TNTime
00008738     21c (00008700)     _TesCmp
0000873a     21c (00008700)     _Tel
0000873c     21c (00008700)     _CosAveIQ
0000873e     21c (00008700)     _SinAveIQ

00008740     21d (00008740)     _SignalAmpIQ
00008742     21d (00008740)     _PulseMid1
00008744     21d (00008740)     _SignalPhaIQ
00008746     21d (00008740)     _PulseMid2
00008748     21d (00008740)     _CosThree
0000874a     21d (00008740)     _NoiseCalNumIQ
0000874c     21d (00008740)     _CosFour
0000874e     21d (00008740)     _SinSumIQ
00008750     21d (00008740)     _CosFive
00008752     21d (00008740)     _CosSumIQ
00008754     21d (00008740)     _PulseAve
00008756     21d (00008740)     _PulseRec
00008758     21d (00008740)     _PulseGainIQ
0000875a     21d (00008740)     _Pulse90Width
0000875c     21d (00008740)     _TelCmp
0000875e     21d (00008740)     _PulseSum
00008760     21d (00008740)     _PulseRecIQ
00008762     21d (00008740)     _PulseMid3
00008764     21d (00008740)     _ParamOrderData
0000876a     21d (00008740)     _NintyWidthAry
00008773     21d (00008740)     _FreqAry

00008780     21e (00008780)     _RelayAry
00008789     21e (00008780)     _AdderLowAry
00008794     21e (00008780)     _eventFunc
000087a2     21e (00008780)     _x

000087c0     21f (000087c0)     _y
000087d2     21f (000087c0)     _AdderResAry
000087e8     21f (000087c0)     _singleOrderFunc

00008800     220 (00008800)     _MiniAddAry

00008840     221 (00008840)     _NoiseDataAry

00008a40     229 (00008a40)     _PulseGainAry

003f7ff8    fdff (003f7fc0)     _CsmPwl

003ff000    ffc0 (003ff000)     _IQsinTable

003ff100    ffc4 (003ff100)     _IQcosTable

003ff400    ffd0 (003ff400)     _IQsinTableEnd

003ff502    ffd4 (003ff500)     _IQcosTableEnd
003ff502    ffd4 (003ff500)     _IQdivRoundSatTable
003ff510    ffd4 (003ff500)     _IQdivTable

003ff712    ffdc (003ff700)     _IQdivTableEnd
003ff712    ffdc (003ff700)     _IQisqrtRoundSatTable
003ff712    ffdc (003ff700)     _IQsqrtRoundSatTable
003ff722    ffdc (003ff700)     _IQisqrtTable
003ff722    ffdc (003ff700)     _IQsqrtTable

003ff824    ffe0 (003ff800)     _IQatan2HalfPITable
003ff824    ffe0 (003ff800)     _IQisqrtTableEnd
003ff824    ffe0 (003ff800)     _IQsqrtTableEnd

003ff862    ffe1 (003ff840)     _IQatan2Table

003ff9e8    ffe7 (003ff9c0)     _IQ30mpyRndSatTable
003ff9e8    ffe7 (003ff9c0)     _IQatan2TableEnd
003ff9e8    ffe7 (003ff9c0)     _IQmpyRndSatTable
003ff9f4    ffe7 (003ff9c0)     _IQ29mpyRndSatTable

003ffa00    ffe8 (003ffa00)     _IQ28mpyRndSatTable
003ffa0c    ffe8 (003ffa00)     _IQ27mpyRndSatTable
003ffa18    ffe8 (003ffa00)     _IQ26mpyRndSatTable
003ffa24    ffe8 (003ffa00)     _IQ25mpyRndSatTable
003ffa30    ffe8 (003ffa00)     _IQ24mpyRndSatTable
003ffa3c    ffe8 (003ffa00)     _IQ23mpyRndSatTable

003ffa48    ffe9 (003ffa40)     _IQ22mpyRndSatTable
003ffa54    ffe9 (003ffa40)     _IQ21mpyRndSatTable
003ffa60    ffe9 (003ffa40)     _IQ20mpyRndSatTable
003ffa6c    ffe9 (003ffa40)     _IQ19mpyRndSatTable
003ffa78    ffe9 (003ffa40)     _IQ18mpyRndSatTable

003ffa84    ffea (003ffa80)     _IQ17mpyRndSatTable
003ffa90    ffea (003ffa80)     _IQ16mpyRndSatTable
003ffa9c    ffea (003ffa80)     _IQ15mpyRndSatTable
003ffaa8    ffea (003ffa80)     _IQ14mpyRndSatTable
003ffab4    ffea (003ffa80)     _IQ13mpyRndSatTable

003ffac0    ffeb (003ffac0)     _IQ12mpyRndSatTable
003ffacc    ffeb (003ffac0)     _IQ11mpyRndSatTable
003ffad8    ffeb (003ffac0)     _IQ10mpyRndSatTable
003ffae4    ffeb (003ffac0)     _IQ9mpyRndSatTable
003ffaf0    ffeb (003ffac0)     _IQ8mpyRndSatTable
003ffafc    ffeb (003ffac0)     _IQ7mpyRndSatTable

003ffb08    ffec (003ffb00)     _IQ6mpyRndSatTable
003ffb14    ffec (003ffb00)     _IQ5mpyRndSatTable
003ffb20    ffec (003ffb00)     _IQ4mpyRndSatTable
003ffb2c    ffec (003ffb00)     _IQ3mpyRndSatTable
003ffb38    ffec (003ffb00)     _IQ2mpyRndSatTable

003ffb44    ffed (003ffb40)     _IQ1mpyRndSatTable
003ffb50    ffed (003ffb40)     _IQmpyRndSatTableEnd


GLOBAL SYMBOLS: SORTED ALPHABETICALLY BY Name 

address    name
--------   ----
000003c0   .bss
ffffffff   .text
00008406   C$$EXIT
00009d00   FD$$MPY
00008378   FD$$TOL
00009e8d   FS$$ADD
0000841e   FS$$CMP
00009d83   FS$$DIV
00009f00   FS$$MPY
003f9ffb   FS$$NEG
00009e88   FS$$SUB
000083b4   FS$$TOFD
00008312   FS$$TOI
0000829c   FS$$TOL
00008397   FS$$TOU
00008337   FS$$TOUL
000083ec   I$$TOFS
00008272   L$$DIV
00008281   L$$MOD
000083d0   L$$TOFD
000084ad   U$$DIV
000084b2   U$$MOD
00008435   U$$TOFD
0000849d   U$$TOFS
0000828f   UL$$DIV
00008296   UL$$MOD
0000844c   UL$$TOFD
0000848a   UL$$TOFS
00009481   _ADCINT_ISR
00008625   _Acq180Num
0000862a   _Acq90Num
0010187a   _AcqFinStateCtl
00100015   _AcqNoise
00007100   _AdcRegs
000085c7   _AdderCnt
00008789   _AdderLowAry
000087d2   _AdderResAry
00008639   _Angle180Pulse
000085e5   _BandCnt
000085ce   _BriMid
000085cd   _BriWidthData
000003e6   _BufferSciaDataAll
000003e3   _BufferSciaDataH
000003e5   _BufferSciaDataL
000094c7   _CAPINT1_ISR
000094cc   _CAPINT2_ISR
000094d1   _CAPINT3_ISR
0000950d   _CAPINT4_ISR
00009512   _CAPINT5_ISR
00009517   _CAPINT6_ISR
00009490   _CMP1INT_ISR
00009495   _CMP2INT_ISR
0000949a   _CMP3INT_ISR
000094d6   _CMP4INT_ISR
000094db   _CMP5INT_ISR
000094e0   _CMP6INT_ISR
000085e8   _CalDivData
00100088   _CalNoise
0010021d   _CalSignal
00008637   _Calib_NE
0000863a   _Calib_TE
00101687   _CasDctStateCtl
003f9d81   _CasingDeal
003f9c61   _CasingDetectOnce
003f9b22   _CasingDetectTop
000003f5   _CasingMiniNumAry
0000865b   _CenterFreq
00009799   _ChangePhase
003f8dc4   _CheckReadTable
003f9cfc   _CheckSumCal
000086a4   _CheckTablePt
003f8db6   _CheckWorkMode
0000869a   _ChgTablePt
0000871a   _Cmp180BHalf
00008732   _Cmp180FHalf
00008730   _Cmp90
0000872e   _CmpI90
0000872a   _CmpTelHalf
0000872c   _CmpTesHalf
0000873c   _CosAveIQ
00008750   _CosFive
0000874c   _CosFour
000086e2   _CosOne
00008752   _CosSumIQ
00008748   _CosThree
000086e6   _CosTwo
000003d2   _CpuTimer0
00000c00   _CpuTimer0Regs
003f7ff8   _CsmPwl
00000ae0   _CsmRegs
00009880   _CsmUnlock
00101137   _CublicSplineInterpolation
000086a2   _Cut180LTime
0000860c   _Cut180LTimeHi
0000860d   _Cut180LTimeLow
0000869e   _Cut180STime
000085fb   _Cut180STimeHi
0000860f   _Cut180STimeLow
0000871c   _Cut90Time
00008605   _Cut90TimeHi
00008606   _Cut90TimeLow
00008696   _CutI90Time
00008603   _CutI90TimeHi
00008608   _CutI90TimeLow
000086f8   _CutTime
00008684   _CutTimeHi
00008680   _CutTimeLow
000085df   _CycleFlag
00009418   _DATALOG_ISR
00008621   _DCFreqSel
000085fd   _DCMn
000085fc   _DCNe
000085fe   _DCPulseWidth
00008601   _DCTes
000085f8   _DCWorkFreq
0010056b   _DCWorkOnce
0000860b   _DCm
000085c9   _DDSCfgHi
000085cc   _DDSCfgLow
000086e8   _DDSCfgWords
000086d8   _DDSFreq
000086dc   _DDSMid1
000086cc   _DDSMid2
000086ca   _DDSMid3
000086d0   _DDSMid4
000086ce   _DDSMid5
000086d2   _DDSMid6
000086ea   _DDSMid7
000086ec   _DDSRefDcm
000086ee   _DDSRefItg
0000861e   _DEMn
000085e2   _DENum
000085ef   _DSTTimeOne
000086f2   _DataTotalNum
003f9d96   _DataUpDeal
000099a8   _DeCpmgTop
00100000   _Delay
00000880   _DevEmuRegs
0000983e   _DisableDog
000085eb   _DownTableFlag
000003de   _DownloadTableCnt
000085c4   _DumpPara1
000085d9   _DumpPara2
000085d4   _DumpPara3
000085d5   _DumpPara4
000085da   _DumpPara5
000085d7   _DumpPara6
000085f4   _DumpSustainFlag
0000953f   _ECAN0INTA_ISR
00009544   _ECAN1INTA_ISR
00006040   _ECanaLAMRegs
000060c0   _ECanaMOTORegs
00006080   _ECanaMOTSRegs
00006100   _ECanaMboxes
00006000   _ECanaRegs
00009549   _EMPTY_ISR
00009422   _EMUINT_ISR
000085fa   _EchoAcqNum
000085f9   _EchoAcqTime
00008609   _EchoAcqTimeBHalf
0000860e   _EchoAcqTimeFHalf
00008635   _EchoAcqWindowShift
00008726   _EchoMid1
00008724   _EchoMid2
00008728   _EchoMid3
00008718   _EchoMid4
0000866d   _EchoNum
000086b0   _EchoStorAddr
003f9d0f   _EmptyDeal
000082e4   _EnableInterrupts
00007400   _EvaRegs
00007500   _EvbRegs
0000864e   _EventBoardState
00000a80   _FlashRegs
00008773   _FreqAry
0000866c   _FreqNum2
000085e0   _FreqScan
00100d85   _GaussFit
000070e0   _GpioDataRegs
000070c0   _GpioMuxRegs
0000866e   _HVState
003f9ddd   _HVStateDeal
000085d2   _HalfFreqNum
0000865d   _HoleModeFlag
0000942c   _ILLEGAL_ISR
0000940e   _INT13_ISR
00009413   _INT14_ISR
003ffad8   _IQ10mpyRndSatTable
003ffacc   _IQ11mpyRndSatTable
003ffac0   _IQ12mpyRndSatTable
003ffab4   _IQ13mpyRndSatTable
003ffaa8   _IQ14mpyRndSatTable
003ffa9c   _IQ15mpyRndSatTable
003ffa90   _IQ16mpyRndSatTable
003ffa84   _IQ17mpyRndSatTable
003ffa78   _IQ18mpyRndSatTable
003ffa6c   _IQ19mpyRndSatTable
003ffb44   _IQ1mpyRndSatTable
003ffa60   _IQ20mpyRndSatTable
003ffa54   _IQ21mpyRndSatTable
003ffa48   _IQ22mpyRndSatTable
003ffa3c   _IQ23mpyRndSatTable
003ffa30   _IQ24mpyRndSatTable
003ffa24   _IQ25mpyRndSatTable
003ffa18   _IQ26mpyRndSatTable
003ffa0c   _IQ27mpyRndSatTable
003ffa00   _IQ28mpyRndSatTable
003ff9f4   _IQ29mpyRndSatTable
003ffb38   _IQ2mpyRndSatTable
003ff9e8   _IQ30mpyRndSatTable
003ffb2c   _IQ3mpyRndSatTable
003ffb20   _IQ4mpyRndSatTable
003ffb14   _IQ5mpyRndSatTable
003ffb08   _IQ6mpyRndSatTable
003ffafc   _IQ7mpyRndSatTable
003ffaf0   _IQ8mpyRndSatTable
003ffae4   _IQ9mpyRndSatTable
003ff824   _IQatan2HalfPITable
003ff862   _IQatan2Table
003ff9e8   _IQatan2TableEnd
003ff100   _IQcosTable
003ff502   _IQcosTableEnd
003ff502   _IQdivRoundSatTable
003ff510   _IQdivTable
003ff712   _IQdivTableEnd
003ff712   _IQisqrtRoundSatTable
003ff722   _IQisqrtTable
003ff824   _IQisqrtTableEnd
003ff9e8   _IQmpyRndSatTable
003ffb50   _IQmpyRndSatTableEnd
003ff000   _IQsinTable
003ff400   _IQsinTableEnd
003ff712   _IQsqrtRoundSatTable
003ff722   _IQsqrtTable
003ff824   _IQsqrtTableEnd
00101677   _IdleStateCtl
003f8000   _InitAll
003f8d11   _InitFPGA
003f8ce1   _InitGpio
00009867   _InitPeripheralClocks
000082c5   _InitPieCtrl
00008358   _InitPieVectTable
00009846   _InitPll
003f82fb   _InitPulseGain
003f8cf9   _InitSci
000097a5   _InitSysCtrl
003f8107   _InitTable
003f8d2b   _InitVariables
003f9d10   _InquireDeal
0000860a   _InverseTurnFlag
00008683   _IsParamUpdateFlag
003f9dc8   _K1K2DisDeal
003f9db3   _K1K2EnDeal
00009834   _KickDog
001014cd   _LoadBriDumpPara
00101426   _LoadDDSPara
003f8d89   _LoadParaDis
001015bc   _LoadPdPara
000086f6   _MDumpTime
00009526   _MRINTA_ISR
0000952b   _MXINTA_ISR
000085d8   _MainDumpTime
000085d0   _MatFreq
000085d3   _MatFreqSel
00007800   _McbspaRegs
00008800   _MiniAddAry
00008676   _MiniBuf
0000866b   _MiniCycCnt1
0000868b   _MiniCycCnt2
00008675   _MiniCycCnt3
000085db   _MiniFreq
000085dd   _MiniFreqCnt
00008678   _MiniNoiseMax
000096b5   _MiniScan
000003c6   _MiniStorAddr1
000003ca   _MiniStorAddr2
000003c8   _MiniStorAddr3
000003cc   _MiniStorAddr4
000003c4   _MiniStorAddr5
000003c2   _MiniStorAddr6
000086a0   _MiniTablePt
003f9da4   _ModeConfirmDeal
00009427   _NMI_ISR
000085dc   _NTimeDec
00008600   _Ne
0000876a   _NintyWidthAry
000085f3   _NoiseAcqCnt
00008662   _NoiseAcqFreq
000085f2   _NoiseAcqNum
00008661   _NoiseAcqTime
00008712   _NoiseAveIQ
00008714   _NoiseAveShiftIQ
0000874a   _NoiseCalNumIQ
00008840   _NoiseDataAry
000085f0   _NoiseDivFreq
00008619   _NoiseDivNum
00008706   _NoiseMaxValIQ
0000870a   _NoiseOfsAbsIQ
00008704   _NoiseOfsIQ
000086d6   _NoiseOfsIQ3
00008708   _NoiseSqrAveIQ
000086da   _NoiseSquAveIQ3
000086d4   _NoiseSquSumIQ3
0000870e   _NoiseSum
00008694   _Open180LTime
00008604   _Open180LTimeHi
00008607   _Open180LTimeLow
00008602   _Open180LTimeMS
00008690   _Open180STime
000085f5   _Open180STimeHi
000085f6   _Open180STimeLow
0010169a   _OperaStateCtl
003f9d1a   _OperationDeal
00008628   _P180PrdNum
0000861f   _P90PrdNum
0000946d   _PDPINTA_ISR
00009472   _PDPINTB_ISR
0000954e   _PIE_RESERVED
000003e7   _PPDIFMiniNumAry
00008666   _PPDIFModeFlag
003f9935   _PPDIFModeTop
0000863d   _PPDIF_NE_1A1B
0000863e   _PPDIF_NE_1C
0000863b   _PPDIF_Nrept_1C
00008644   _PPDIF_Period
00008647   _PPDIF_TE_1A1B
00008648   _PPDIF_TE_1C
0000864a   _PPDIF_TW_1B
00008649   _PPDIF_TW_1C
00008645   _PPM_NE_1A
00008646   _PPM_NE_1C
00008643   _PPM_Nrept_1C
00008631   _PPM_Period
0000862f   _PPM_TE_1A
00008630   _PPM_TE_1C
00008632   _PPM_TW_1C
00008665   _PPModeFlag
000003f7   _PPModeMiniNumAry
00009163   _PPModeTop
000003f8   _PPOFTWMiniNumAry
00008664   _PPOFTWModeFlag
003f970d   _PPOFTWModeTop
0000867b   _PPOFTW_Nrept_1C
00008688   _PPOFTW_Period
00008679   _PPOFTW_TE_1ADEFGH
0000867c   _PPOFTW_TE_1C
00008687   _PPOFTW_TW_1C
00008671   _PPOFTW_TW_1D
00008670   _PPOFTW_TW_1E
00008673   _PPOFTW_TW_1F
0000867a   _PPOFTW_TW_1G
0000866f   _PPOFTW_TW_1H
000003f9   _PPShortMiniNumAry
00008669   _PPShortModeFlag
00009000   _PPShortModeTop
0000868a   _PPShort_NE_1A
00008686   _PPShort_NE_1C
0000867e   _PPShort_Nrept_1C
00008674   _PPShort_Period
00008672   _PPShort_TE_1A
00008689   _PPShort_TE_1C
00008677   _PPShort_TW_1C
000003fa   _PPT1MiniNumAry
00008663   _PPT1ModeFlag
003f9464   _PPT1ModeTop
0000868d   _PPT1_NE_1A
0000868c   _PPT1_NE_1C
0000868f   _PPT1_NE_1DEFGH
0000868e   _PPT1_Nrept_1C
0000863c   _PPT1_Period
0000867f   _PPT1_TE_1A
00008681   _PPT1_TE_1CDEFGH
00008641   _PPT1_TW_1C
00008642   _PPT1_TW_1D
0000863f   _PPT1_TW_1E
00008640   _PPT1_TW_1F
00008682   _PPT1_TW_1G
00008685   _PPT1_TW_1H
0000867d   _PPT1_TW_Code
00008764   _ParamOrderData
000003dc   _ParamTableLen
00009be5   _ParamUpdate
00008613   _Pd180Time
00008616   _Pd90Time
00008615   _PdPara1
00008610   _PdPara2
00008611   _PdPara3
000085e3   _PhaseFlag
00000ce0   _PieCtrlRegs
00000d00   _PieVectTable
000001f8   _PieVectTableInit
00008722   _Pulse180Width
00008720   _Pulse180WidthHalf
000086aa   _Pulse90StoreAddr
0000875a   _Pulse90Width
00101a88   _PulseAcq
0000865e   _PulseAcqFlag
000086a6   _PulseAmpCrtIQ
00008754   _PulseAve
00008627   _PulseBuf
00008622   _PulseCalNum
000086f0   _PulseCycle
00008612   _PulseDataCnt
00008617   _PulseDivNum
000086ae   _PulseF180StoreAddr
00008614   _PulseGain
00008a40   _PulseGainAry
00008758   _PulseGainIQ
000086ac   _PulseL180StoreAddr
00008742   _PulseMid1
00008746   _PulseMid2
00008762   _PulseMid3
00008618   _PulseMid4
0000861c   _PulseNum
0000968e   _PulseParamIncrement
0000861d   _PulseReadBuf
00008756   _PulseRec
00008760   _PulseRecIQ
00101b47   _PulseSave
0000875e   _PulseSum
0000862d   _PulseTestAcqFreq
00008638   _PulseTestPulseTime
000085d1   _PulseTime
00009c7a   _PulseTop
0000941d   _RTOSINT_ISR
000085ed   _ReadTableBuf
001018a5   _RecDownTableCommand
00008656   _RecParamOrderFlag
000003da   _RecParameterCnt
00101988   _RecParameterCommand
0000865a   _RecSendTableCmdParaLen
000003dd   _RecSendTableCnt
00008658   _RecSendTableFlag
000003db   _RecSingleOrderCnt
00101a19   _RecSingleOrderCommand
00008659   _RecSingleOrderFlag
003f93f4   _RecUpTableCommand
00008780   _RelayAry
00009c6d   _RelayClose
00008633   _RelayCode
00008653   _RelayCtrlCode
000086fa   _RelayCtrlCode_f
00009c60   _RelayOpen
000093a2   _ReplyCasingErrFrame
0000932f   _ReplyLastCheckFrame
000092db   _ReplyModeDataFrame
000093c5   _ReplyNoVarFrame
000093e6   _ReplySingleVarFrame
00009307   _ReplyStateFrame
00009357   _ReplyUpTableFrame
0000820d   _RstNoiseModule
00008226   _RstPulseModule
00101c36   _SCIRXINTA_ISR
00009535   _SCIRXINTB_ISR
00009530   _SCITXINTA_ISR
0000953a   _SCITXINTB_ISR
000086f4   _SDumpTime
0000951c   _SPIRXINTA_ISR
00009521   _SPITXINTA_ISR
0000862c   _STWTE_NE
0000862e   _STWTE_Period
0000862b   _STWTE_TE
000085e1   _STimeDec
000085de   _SaveCnt
0000973d   _SaveEcho
00008698   _SaveNTempPt
00100171   _SaveNoise
0000976a   _SavePhaseWord
000096fd   _SavePulse
000086c2   _SaveSTempPt
0000969c   _SaveSignal
0000977c   _SaveSixFreq
0000869c   _SaveTablePt
000085e6   _ScaleCnt
000085cf   _ScaleDDSDiv
003f9e71   _ScaleDeal
00009558   _ScaleHoleModeTop
000085ff   _ScaleM
000085f7   _ScaleMn
00008668   _ScaleModeFlag
00008634   _ScalePeriod
00101803   _ScaleStateCtl
0000865c   _ScanDeltaFreq
001001b2   _ScanFreqOnce
00008667   _ScanModeFlag
000098b1   _ScanModeTop
000085f1   _ScanSignalNum
000003e2   _SciaDataEven
000003e4   _SciaRecFlag
00007050   _SciaRegs
00101cbc   _SciaRx_Ready
000092c2   _SciaSendOneWord
00101cb1   _SciaTx_Ready
00007750   _ScibRegs
0000861a   _SdAcqNum1
00008626   _SdAcqNum2
000085c3   _SdAcqNum3
000086b4   _SdAcqNum4
000085c0   _SdAcqNum4Hi
000085c1   _SdAcqNum4Low
000086b2   _SdAcqNum5
000085c2   _SdAcqNum5Hi
000085c5   _SdAcqNum5Low
000086b6   _SdAcqNum6
000085ca   _SdAcqNum6Hi
000085cb   _SdAcqNum6Low
000086ba   _SdAcqNum7
000085c8   _SdAcqNum7Hi
000085d6   _SdAcqNum7Low
000086b8   _SdAcqTimeMid1
000086bc   _SdAcqTimeMid2
000086a8   _SdAcqTimeMid3
00008710   _SendCnt
000085e4   _SendTableFlag
00008657   _SendTableID
000003c0   _SendTempPt
00008620   _SftWinWidth
00008200   _ShutdownHV
00008660   _SiglAcqFreqTim
0000865f   _SiglAcqPrdNum
00008740   _SignalAmpIQ
000085c6   _SignalCalNum
00008744   _SignalPhaIQ
0000873e   _SinAveIQ
000086e4   _SinFour
0000870c   _SinOne
0000874e   _SinSumIQ
000086de   _SinThree
000086e0   _SinTwo
00008650   _SingleModeFlag
00008654   _SingleOrderAryChoice
000003ce   _SingleOrderData
00007040   _SpiaRegs
00101653   _StartS1msModule
000085ec   _StoreCnt
0010049c   _StoreMini
00008692   _StoreMiniAryPt
0000861b   _Strip180Num
00008629   _Strip90Num
00008624   _StripBuf
003f9de9   _SysCheckDeal
00007010   _SysCtrlRegs
000094a4   _T1CINT_ISR
000094ae   _T1OFINT_ISR
0000949f   _T1PINT_ISR
000094a9   _T1UFINT_ISR
000094b8   _T2CINT_ISR
000094c2   _T2OFINT_ISR
000094b3   _T2PINT_ISR
000094bd   _T2UFINT_ISR
000094ea   _T3CINT_ISR
000094f4   _T3OFINT_ISR
000094e5   _T3PINT_ISR
000094ef   _T3UFINT_ISR
000094fe   _T4CINT_ISR
00009508   _T4OFINT_ISR
000094f9   _T4PINT_ISR
00009503   _T4UFINT_ISR
00101374   _TDMA
00009486   _TINT0_ISR
00008716   _TNMid1
0000871e   _TNMid2
00008736   _TNTime
000086be   _TableTempPt
0000873a   _Tel
000086c0   _TelCCheck
0000875c   _TelCmp
000003e8   _TelN
00008734   _Tes
000086c4   _TesCCheck
00008738   _TesCmp
000003ea   _TesN
003f9e0e   _TestDeal
0010174a   _TestStateCtl
000085e9   _ToMSFreq
000086c8   _ToMSNoiseAddr
000086c6   _ToMSSignalAddr
00008655   _TransmitFre
000086fc   _TransmitFre_f
0000866a   _TuningModeFlag
003f9eaa   _TuningModeTop
0000945e   _USER10_ISR
00009463   _USER11_ISR
00009468   _USER12_ISR
00009431   _USER1_ISR
00009436   _USER2_ISR
0000943b   _USER3_ISR
00009440   _USER4_ISR
00009445   _USER5_ISR
0000944a   _USER6_ISR
0000944f   _USER7_ISR
00009454   _USER8_ISR
00009459   _USER9_ISR
0000948b   _WAKEINT_ISR
00008636   _Width90Pulse
00008623   _WidthCnt
000085ee   _WorkMode
00009477   _XINT1_ISR
000082ed   _XINT1_STOP
00009e06   _XINT2_DCStorData
0000947c   _XINT2_ISR
00007070   _XIntruptRegs
00000b20   _XintfRegs
000085e7   _ZeroCnt
000085ea   _ZeroOne
00000040   __IQ10atan2
0000011f   __IQ10div
000001ef   __IQ10int
000000bf   __IQ10mag
000001ad   __IQ10sqrt
00000166   __IQ3div
00000800   __STACK_END
00000400   __STACK_SIZE
ffffffff   ___binit__
000003c0   ___bss__
ffffffff   ___c_args__
00000300   ___cinit__
000003c0   ___end__
ffffffff   ___etext__
ffffffff   ___pinit__
ffffffff   ___text__
00008462   __args_main
0000864b   __caseingDetectFlag
00008652   __casingDetectErrFlag
0000864f   __casingOrOperaFlag
000003f0   __cleanup_ptr
000003f2   __dtors_ptr
000003ee   __lock
00008651   __modeDataSendFlag
000084c0   __nop
0000864c   __operationFlag
000084bc   __register_lock
000084b8   __register_unlock
00000400   __stack
000003ec   __unlock
00008700   _a
00008406   _abort
000086fe   _b
00008702   _c
00009faa   _c_int00
000003f6   _center_fre
000003f4   _center_fre_amp
000003fb   _errno
00008794   _eventFunc
00008408   _exit
00009b46   _exp
00008477   _frexp
003f9b1a   _getCenterFreq
003f9b1e   _getCenterFreqAmp
0000823f   _ldexp
00009a9b   _log
00009fee   _main
0000864d   _modeDataSendLen
00009553   _rsvd_ISR
000087e8   _singleOrderFunc
00009f5a   _sqrt
000003e0   _tempSaveTablePt
000087a2   _x
000087c0   _y
ffffffff   binit
00000300   cinit
000003c0   end
ffffffff   etext
ffffffff   pinit


GLOBAL SYMBOLS: SORTED BY Symbol Address 

address    name
--------   ----
00000040   __IQ10atan2
000000bf   __IQ10mag
0000011f   __IQ10div
00000166   __IQ3div
000001ad   __IQ10sqrt
000001ef   __IQ10int
000001f8   _PieVectTableInit
00000300   ___cinit__
00000300   cinit
000003c0   .bss
000003c0   _SendTempPt
000003c0   ___bss__
000003c0   ___end__
000003c0   end
000003c2   _MiniStorAddr6
000003c4   _MiniStorAddr5
000003c6   _MiniStorAddr1
000003c8   _MiniStorAddr3
000003ca   _MiniStorAddr2
000003cc   _MiniStorAddr4
000003ce   _SingleOrderData
000003d2   _CpuTimer0
000003da   _RecParameterCnt
000003db   _RecSingleOrderCnt
000003dc   _ParamTableLen
000003dd   _RecSendTableCnt
000003de   _DownloadTableCnt
000003e0   _tempSaveTablePt
000003e2   _SciaDataEven
000003e3   _BufferSciaDataH
000003e4   _SciaRecFlag
000003e5   _BufferSciaDataL
000003e6   _BufferSciaDataAll
000003e7   _PPDIFMiniNumAry
000003e8   _TelN
000003ea   _TesN
000003ec   __unlock
000003ee   __lock
000003f0   __cleanup_ptr
000003f2   __dtors_ptr
000003f4   _center_fre_amp
000003f5   _CasingMiniNumAry
000003f6   _center_fre
000003f7   _PPModeMiniNumAry
000003f8   _PPOFTWMiniNumAry
000003f9   _PPShortMiniNumAry
000003fa   _PPT1MiniNumAry
000003fb   _errno
00000400   __STACK_SIZE
00000400   __stack
00000800   __STACK_END
00000880   _DevEmuRegs
00000a80   _FlashRegs
00000ae0   _CsmRegs
00000b20   _XintfRegs
00000c00   _CpuTimer0Regs
00000ce0   _PieCtrlRegs
00000d00   _PieVectTable
00006000   _ECanaRegs
00006040   _ECanaLAMRegs
00006080   _ECanaMOTSRegs
000060c0   _ECanaMOTORegs
00006100   _ECanaMboxes
00007010   _SysCtrlRegs
00007040   _SpiaRegs
00007050   _SciaRegs
00007070   _XIntruptRegs
000070c0   _GpioMuxRegs
000070e0   _GpioDataRegs
00007100   _AdcRegs
00007400   _EvaRegs
00007500   _EvbRegs
00007750   _ScibRegs
00007800   _McbspaRegs
00008200   _ShutdownHV
0000820d   _RstNoiseModule
00008226   _RstPulseModule
0000823f   _ldexp
00008272   L$$DIV
00008281   L$$MOD
0000828f   UL$$DIV
00008296   UL$$MOD
0000829c   FS$$TOL
000082c5   _InitPieCtrl
000082e4   _EnableInterrupts
000082ed   _XINT1_STOP
00008312   FS$$TOI
00008337   FS$$TOUL
00008358   _InitPieVectTable
00008378   FD$$TOL
00008397   FS$$TOU
000083b4   FS$$TOFD
000083d0   L$$TOFD
000083ec   I$$TOFS
00008406   C$$EXIT
00008406   _abort
00008408   _exit
0000841e   FS$$CMP
00008435   U$$TOFD
0000844c   UL$$TOFD
00008462   __args_main
00008477   _frexp
0000848a   UL$$TOFS
0000849d   U$$TOFS
000084ad   U$$DIV
000084b2   U$$MOD
000084b8   __register_unlock
000084bc   __register_lock
000084c0   __nop
000085c0   _SdAcqNum4Hi
000085c1   _SdAcqNum4Low
000085c2   _SdAcqNum5Hi
000085c3   _SdAcqNum3
000085c4   _DumpPara1
000085c5   _SdAcqNum5Low
000085c6   _SignalCalNum
000085c7   _AdderCnt
000085c8   _SdAcqNum7Hi
000085c9   _DDSCfgHi
000085ca   _SdAcqNum6Hi
000085cb   _SdAcqNum6Low
000085cc   _DDSCfgLow
000085cd   _BriWidthData
000085ce   _BriMid
000085cf   _ScaleDDSDiv
000085d0   _MatFreq
000085d1   _PulseTime
000085d2   _HalfFreqNum
000085d3   _MatFreqSel
000085d4   _DumpPara3
000085d5   _DumpPara4
000085d6   _SdAcqNum7Low
000085d7   _DumpPara6
000085d8   _MainDumpTime
000085d9   _DumpPara2
000085da   _DumpPara5
000085db   _MiniFreq
000085dc   _NTimeDec
000085dd   _MiniFreqCnt
000085de   _SaveCnt
000085df   _CycleFlag
000085e0   _FreqScan
000085e1   _STimeDec
000085e2   _DENum
000085e3   _PhaseFlag
000085e4   _SendTableFlag
000085e5   _BandCnt
000085e6   _ScaleCnt
000085e7   _ZeroCnt
000085e8   _CalDivData
000085e9   _ToMSFreq
000085ea   _ZeroOne
000085eb   _DownTableFlag
000085ec   _StoreCnt
000085ed   _ReadTableBuf
000085ee   _WorkMode
000085ef   _DSTTimeOne
000085f0   _NoiseDivFreq
000085f1   _ScanSignalNum
000085f2   _NoiseAcqNum
000085f3   _NoiseAcqCnt
000085f4   _DumpSustainFlag
000085f5   _Open180STimeHi
000085f6   _Open180STimeLow
000085f7   _ScaleMn
000085f8   _DCWorkFreq
000085f9   _EchoAcqTime
000085fa   _EchoAcqNum
000085fb   _Cut180STimeHi
000085fc   _DCNe
000085fd   _DCMn
000085fe   _DCPulseWidth
000085ff   _ScaleM
00008600   _Ne
00008601   _DCTes
00008602   _Open180LTimeMS
00008603   _CutI90TimeHi
00008604   _Open180LTimeHi
00008605   _Cut90TimeHi
00008606   _Cut90TimeLow
00008607   _Open180LTimeLow
00008608   _CutI90TimeLow
00008609   _EchoAcqTimeBHalf
0000860a   _InverseTurnFlag
0000860b   _DCm
0000860c   _Cut180LTimeHi
0000860d   _Cut180LTimeLow
0000860e   _EchoAcqTimeFHalf
0000860f   _Cut180STimeLow
00008610   _PdPara2
00008611   _PdPara3
00008612   _PulseDataCnt
00008613   _Pd180Time
00008614   _PulseGain
00008615   _PdPara1
00008616   _Pd90Time
00008617   _PulseDivNum
00008618   _PulseMid4
00008619   _NoiseDivNum
0000861a   _SdAcqNum1
0000861b   _Strip180Num
0000861c   _PulseNum
0000861d   _PulseReadBuf
0000861e   _DEMn
0000861f   _P90PrdNum
00008620   _SftWinWidth
00008621   _DCFreqSel
00008622   _PulseCalNum
00008623   _WidthCnt
00008624   _StripBuf
00008625   _Acq180Num
00008626   _SdAcqNum2
00008627   _PulseBuf
00008628   _P180PrdNum
00008629   _Strip90Num
0000862a   _Acq90Num
0000862b   _STWTE_TE
0000862c   _STWTE_NE
0000862d   _PulseTestAcqFreq
0000862e   _STWTE_Period
0000862f   _PPM_TE_1A
00008630   _PPM_TE_1C
00008631   _PPM_Period
00008632   _PPM_TW_1C
00008633   _RelayCode
00008634   _ScalePeriod
00008635   _EchoAcqWindowShift
00008636   _Width90Pulse
00008637   _Calib_NE
00008638   _PulseTestPulseTime
00008639   _Angle180Pulse
0000863a   _Calib_TE
0000863b   _PPDIF_Nrept_1C
0000863c   _PPT1_Period
0000863d   _PPDIF_NE_1A1B
0000863e   _PPDIF_NE_1C
0000863f   _PPT1_TW_1E
00008640   _PPT1_TW_1F
00008641   _PPT1_TW_1C
00008642   _PPT1_TW_1D
00008643   _PPM_Nrept_1C
00008644   _PPDIF_Period
00008645   _PPM_NE_1A
00008646   _PPM_NE_1C
00008647   _PPDIF_TE_1A1B
00008648   _PPDIF_TE_1C
00008649   _PPDIF_TW_1C
0000864a   _PPDIF_TW_1B
0000864b   __caseingDetectFlag
0000864c   __operationFlag
0000864d   _modeDataSendLen
0000864e   _EventBoardState
0000864f   __casingOrOperaFlag
00008650   _SingleModeFlag
00008651   __modeDataSendFlag
00008652   __casingDetectErrFlag
00008653   _RelayCtrlCode
00008654   _SingleOrderAryChoice
00008655   _TransmitFre
00008656   _RecParamOrderFlag
00008657   _SendTableID
00008658   _RecSendTableFlag
00008659   _RecSingleOrderFlag
0000865a   _RecSendTableCmdParaLen
0000865b   _CenterFreq
0000865c   _ScanDeltaFreq
0000865d   _HoleModeFlag
0000865e   _PulseAcqFlag
0000865f   _SiglAcqPrdNum
00008660   _SiglAcqFreqTim
00008661   _NoiseAcqTime
00008662   _NoiseAcqFreq
00008663   _PPT1ModeFlag
00008664   _PPOFTWModeFlag
00008665   _PPModeFlag
00008666   _PPDIFModeFlag
00008667   _ScanModeFlag
00008668   _ScaleModeFlag
00008669   _PPShortModeFlag
0000866a   _TuningModeFlag
0000866b   _MiniCycCnt1
0000866c   _FreqNum2
0000866d   _EchoNum
0000866e   _HVState
0000866f   _PPOFTW_TW_1H
00008670   _PPOFTW_TW_1E
00008671   _PPOFTW_TW_1D
00008672   _PPShort_TE_1A
00008673   _PPOFTW_TW_1F
00008674   _PPShort_Period
00008675   _MiniCycCnt3
00008676   _MiniBuf
00008677   _PPShort_TW_1C
00008678   _MiniNoiseMax
00008679   _PPOFTW_TE_1ADEFGH
0000867a   _PPOFTW_TW_1G
0000867b   _PPOFTW_Nrept_1C
0000867c   _PPOFTW_TE_1C
0000867d   _PPT1_TW_Code
0000867e   _PPShort_Nrept_1C
0000867f   _PPT1_TE_1A
00008680   _CutTimeLow
00008681   _PPT1_TE_1CDEFGH
00008682   _PPT1_TW_1G
00008683   _IsParamUpdateFlag
00008684   _CutTimeHi
00008685   _PPT1_TW_1H
00008686   _PPShort_NE_1C
00008687   _PPOFTW_TW_1C
00008688   _PPOFTW_Period
00008689   _PPShort_TE_1C
0000868a   _PPShort_NE_1A
0000868b   _MiniCycCnt2
0000868c   _PPT1_NE_1C
0000868d   _PPT1_NE_1A
0000868e   _PPT1_Nrept_1C
0000868f   _PPT1_NE_1DEFGH
00008690   _Open180STime
00008692   _StoreMiniAryPt
00008694   _Open180LTime
00008696   _CutI90Time
00008698   _SaveNTempPt
0000869a   _ChgTablePt
0000869c   _SaveTablePt
0000869e   _Cut180STime
000086a0   _MiniTablePt
000086a2   _Cut180LTime
000086a4   _CheckTablePt
000086a6   _PulseAmpCrtIQ
000086a8   _SdAcqTimeMid3
000086aa   _Pulse90StoreAddr
000086ac   _PulseL180StoreAddr
000086ae   _PulseF180StoreAddr
000086b0   _EchoStorAddr
000086b2   _SdAcqNum5
000086b4   _SdAcqNum4
000086b6   _SdAcqNum6
000086b8   _SdAcqTimeMid1
000086ba   _SdAcqNum7
000086bc   _SdAcqTimeMid2
000086be   _TableTempPt
000086c0   _TelCCheck
000086c2   _SaveSTempPt
000086c4   _TesCCheck
000086c6   _ToMSSignalAddr
000086c8   _ToMSNoiseAddr
000086ca   _DDSMid3
000086cc   _DDSMid2
000086ce   _DDSMid5
000086d0   _DDSMid4
000086d2   _DDSMid6
000086d4   _NoiseSquSumIQ3
000086d6   _NoiseOfsIQ3
000086d8   _DDSFreq
000086da   _NoiseSquAveIQ3
000086dc   _DDSMid1
000086de   _SinThree
000086e0   _SinTwo
000086e2   _CosOne
000086e4   _SinFour
000086e6   _CosTwo
000086e8   _DDSCfgWords
000086ea   _DDSMid7
000086ec   _DDSRefDcm
000086ee   _DDSRefItg
000086f0   _PulseCycle
000086f2   _DataTotalNum
000086f4   _SDumpTime
000086f6   _MDumpTime
000086f8   _CutTime
000086fa   _RelayCtrlCode_f
000086fc   _TransmitFre_f
000086fe   _b
00008700   _a
00008702   _c
00008704   _NoiseOfsIQ
00008706   _NoiseMaxValIQ
00008708   _NoiseSqrAveIQ
0000870a   _NoiseOfsAbsIQ
0000870c   _SinOne
0000870e   _NoiseSum
00008710   _SendCnt
00008712   _NoiseAveIQ
00008714   _NoiseAveShiftIQ
00008716   _TNMid1
00008718   _EchoMid4
0000871a   _Cmp180BHalf
0000871c   _Cut90Time
0000871e   _TNMid2
00008720   _Pulse180WidthHalf
00008722   _Pulse180Width
00008724   _EchoMid2
00008726   _EchoMid1
00008728   _EchoMid3
0000872a   _CmpTelHalf
0000872c   _CmpTesHalf
0000872e   _CmpI90
00008730   _Cmp90
00008732   _Cmp180FHalf
00008734   _Tes
00008736   _TNTime
00008738   _TesCmp
0000873a   _Tel
0000873c   _CosAveIQ
0000873e   _SinAveIQ
00008740   _SignalAmpIQ
00008742   _PulseMid1
00008744   _SignalPhaIQ
00008746   _PulseMid2
00008748   _CosThree
0000874a   _NoiseCalNumIQ
0000874c   _CosFour
0000874e   _SinSumIQ
00008750   _CosFive
00008752   _CosSumIQ
00008754   _PulseAve
00008756   _PulseRec
00008758   _PulseGainIQ
0000875a   _Pulse90Width
0000875c   _TelCmp
0000875e   _PulseSum
00008760   _PulseRecIQ
00008762   _PulseMid3
00008764   _ParamOrderData
0000876a   _NintyWidthAry
00008773   _FreqAry
00008780   _RelayAry
00008789   _AdderLowAry
00008794   _eventFunc
000087a2   _x
000087c0   _y
000087d2   _AdderResAry
000087e8   _singleOrderFunc
00008800   _MiniAddAry
00008840   _NoiseDataAry
00008a40   _PulseGainAry
00009000   _PPShortModeTop
00009163   _PPModeTop
000092c2   _SciaSendOneWord
000092db   _ReplyModeDataFrame
00009307   _ReplyStateFrame
0000932f   _ReplyLastCheckFrame
00009357   _ReplyUpTableFrame
000093a2   _ReplyCasingErrFrame
000093c5   _ReplyNoVarFrame
000093e6   _ReplySingleVarFrame
0000940e   _INT13_ISR
00009413   _INT14_ISR
00009418   _DATALOG_ISR
0000941d   _RTOSINT_ISR
00009422   _EMUINT_ISR
00009427   _NMI_ISR
0000942c   _ILLEGAL_ISR
00009431   _USER1_ISR
00009436   _USER2_ISR
0000943b   _USER3_ISR
00009440   _USER4_ISR
00009445   _USER5_ISR
0000944a   _USER6_ISR
0000944f   _USER7_ISR
00009454   _USER8_ISR
00009459   _USER9_ISR
0000945e   _USER10_ISR
00009463   _USER11_ISR
00009468   _USER12_ISR
0000946d   _PDPINTA_ISR
00009472   _PDPINTB_ISR
00009477   _XINT1_ISR
0000947c   _XINT2_ISR
00009481   _ADCINT_ISR
00009486   _TINT0_ISR
0000948b   _WAKEINT_ISR
00009490   _CMP1INT_ISR
00009495   _CMP2INT_ISR
0000949a   _CMP3INT_ISR
0000949f   _T1PINT_ISR
000094a4   _T1CINT_ISR
000094a9   _T1UFINT_ISR
000094ae   _T1OFINT_ISR
000094b3   _T2PINT_ISR
000094b8   _T2CINT_ISR
000094bd   _T2UFINT_ISR
000094c2   _T2OFINT_ISR
000094c7   _CAPINT1_ISR
000094cc   _CAPINT2_ISR
000094d1   _CAPINT3_ISR
000094d6   _CMP4INT_ISR
000094db   _CMP5INT_ISR
000094e0   _CMP6INT_ISR
000094e5   _T3PINT_ISR
000094ea   _T3CINT_ISR
000094ef   _T3UFINT_ISR
000094f4   _T3OFINT_ISR
000094f9   _T4PINT_ISR
000094fe   _T4CINT_ISR
00009503   _T4UFINT_ISR
00009508   _T4OFINT_ISR
0000950d   _CAPINT4_ISR
00009512   _CAPINT5_ISR
00009517   _CAPINT6_ISR
0000951c   _SPIRXINTA_ISR
00009521   _SPITXINTA_ISR
00009526   _MRINTA_ISR
0000952b   _MXINTA_ISR
00009530   _SCITXINTA_ISR
00009535   _SCIRXINTB_ISR
0000953a   _SCITXINTB_ISR
0000953f   _ECAN0INTA_ISR
00009544   _ECAN1INTA_ISR
00009549   _EMPTY_ISR
0000954e   _PIE_RESERVED
00009553   _rsvd_ISR
00009558   _ScaleHoleModeTop
0000968e   _PulseParamIncrement
0000969c   _SaveSignal
000096b5   _MiniScan
000096fd   _SavePulse
0000973d   _SaveEcho
0000976a   _SavePhaseWord
0000977c   _SaveSixFreq
00009799   _ChangePhase
000097a5   _InitSysCtrl
00009834   _KickDog
0000983e   _DisableDog
00009846   _InitPll
00009867   _InitPeripheralClocks
00009880   _CsmUnlock
000098b1   _ScanModeTop
000099a8   _DeCpmgTop
00009a9b   _log
00009b46   _exp
00009be5   _ParamUpdate
00009c60   _RelayOpen
00009c6d   _RelayClose
00009c7a   _PulseTop
00009d00   FD$$MPY
00009d83   FS$$DIV
00009e06   _XINT2_DCStorData
00009e88   FS$$SUB
00009e8d   FS$$ADD
00009f00   FS$$MPY
00009f5a   _sqrt
00009faa   _c_int00
00009fee   _main
00100000   _Delay
00100015   _AcqNoise
00100088   _CalNoise
00100171   _SaveNoise
001001b2   _ScanFreqOnce
0010021d   _CalSignal
0010049c   _StoreMini
0010056b   _DCWorkOnce
00100d85   _GaussFit
00101137   _CublicSplineInterpolation
00101374   _TDMA
00101426   _LoadDDSPara
001014cd   _LoadBriDumpPara
001015bc   _LoadPdPara
00101653   _StartS1msModule
00101677   _IdleStateCtl
00101687   _CasDctStateCtl
0010169a   _OperaStateCtl
0010174a   _TestStateCtl
00101803   _ScaleStateCtl
0010187a   _AcqFinStateCtl
001018a5   _RecDownTableCommand
00101988   _RecParameterCommand
00101a19   _RecSingleOrderCommand
00101a88   _PulseAcq
00101b47   _PulseSave
00101c36   _SCIRXINTA_ISR
00101cb1   _SciaTx_Ready
00101cbc   _SciaRx_Ready
003f7ff8   _CsmPwl
003f8000   _InitAll
003f8107   _InitTable
003f82fb   _InitPulseGain
003f8ce1   _InitGpio
003f8cf9   _InitSci
003f8d11   _InitFPGA
003f8d2b   _InitVariables
003f8d89   _LoadParaDis
003f8db6   _CheckWorkMode
003f8dc4   _CheckReadTable
003f93f4   _RecUpTableCommand
003f9464   _PPT1ModeTop
003f970d   _PPOFTWModeTop
003f9935   _PPDIFModeTop
003f9b1a   _getCenterFreq
003f9b1e   _getCenterFreqAmp
003f9b22   _CasingDetectTop
003f9c61   _CasingDetectOnce
003f9cfc   _CheckSumCal
003f9d0f   _EmptyDeal
003f9d10   _InquireDeal
003f9d1a   _OperationDeal
003f9d81   _CasingDeal
003f9d96   _DataUpDeal
003f9da4   _ModeConfirmDeal
003f9db3   _K1K2EnDeal
003f9dc8   _K1K2DisDeal
003f9ddd   _HVStateDeal
003f9de9   _SysCheckDeal
003f9e0e   _TestDeal
003f9e71   _ScaleDeal
003f9eaa   _TuningModeTop
003f9ffb   FS$$NEG
003ff000   _IQsinTable
003ff100   _IQcosTable
003ff400   _IQsinTableEnd
003ff502   _IQcosTableEnd
003ff502   _IQdivRoundSatTable
003ff510   _IQdivTable
003ff712   _IQdivTableEnd
003ff712   _IQisqrtRoundSatTable
003ff712   _IQsqrtRoundSatTable
003ff722   _IQisqrtTable
003ff722   _IQsqrtTable
003ff824   _IQatan2HalfPITable
003ff824   _IQisqrtTableEnd
003ff824   _IQsqrtTableEnd
003ff862   _IQatan2Table
003ff9e8   _IQ30mpyRndSatTable
003ff9e8   _IQatan2TableEnd
003ff9e8   _IQmpyRndSatTable
003ff9f4   _IQ29mpyRndSatTable
003ffa00   _IQ28mpyRndSatTable
003ffa0c   _IQ27mpyRndSatTable
003ffa18   _IQ26mpyRndSatTable
003ffa24   _IQ25mpyRndSatTable
003ffa30   _IQ24mpyRndSatTable
003ffa3c   _IQ23mpyRndSatTable
003ffa48   _IQ22mpyRndSatTable
003ffa54   _IQ21mpyRndSatTable
003ffa60   _IQ20mpyRndSatTable
003ffa6c   _IQ19mpyRndSatTable
003ffa78   _IQ18mpyRndSatTable
003ffa84   _IQ17mpyRndSatTable
003ffa90   _IQ16mpyRndSatTable
003ffa9c   _IQ15mpyRndSatTable
003ffaa8   _IQ14mpyRndSatTable
003ffab4   _IQ13mpyRndSatTable
003ffac0   _IQ12mpyRndSatTable
003ffacc   _IQ11mpyRndSatTable
003ffad8   _IQ10mpyRndSatTable
003ffae4   _IQ9mpyRndSatTable
003ffaf0   _IQ8mpyRndSatTable
003ffafc   _IQ7mpyRndSatTable
003ffb08   _IQ6mpyRndSatTable
003ffb14   _IQ5mpyRndSatTable
003ffb20   _IQ4mpyRndSatTable
003ffb2c   _IQ3mpyRndSatTable
003ffb38   _IQ2mpyRndSatTable
003ffb44   _IQ1mpyRndSatTable
003ffb50   _IQmpyRndSatTableEnd
ffffffff   .text
ffffffff   ___binit__
ffffffff   ___c_args__
ffffffff   ___etext__
ffffffff   ___pinit__
ffffffff   ___text__
ffffffff   binit
ffffffff   etext
ffffffff   pinit

[664 symbols]
